Archive member included to satisfy reference by file (symbol)

C:/Program Files/SEGGER/SEGGER Embedded Studio for ARM 4.16/lib/libc_v7em_fpv4_sp_d16_hard_t_le_eabi.a(libc2.o)
                              Output/uart_pca10040 Debug/Obj/nrf_log_str_formatter.o (isprint)
C:/Program Files/SEGGER/SEGGER Embedded Studio for ARM 4.16/lib/libc_v7em_fpv4_sp_d16_hard_t_le_eabi.a(libc2_asm.o)
                              Output/uart_pca10040 Debug/Obj/nrf_log_frontend.o (memcpy)
C:/Program Files/SEGGER/SEGGER Embedded Studio for ARM 4.16/lib/libc_v7em_fpv4_sp_d16_hard_t_le_eabi.a(libc.o)
                              C:/Program Files/SEGGER/SEGGER Embedded Studio for ARM 4.16/lib/libc_v7em_fpv4_sp_d16_hard_t_le_eabi.a(libc2.o) (__heap_lock)
C:/Program Files/SEGGER/SEGGER Embedded Studio for ARM 4.16/lib/libc_v7em_fpv4_sp_d16_hard_t_le_eabi.a(libc_asm.o)
                              C:/Program Files/SEGGER/SEGGER Embedded Studio for ARM 4.16/lib/libc_v7em_fpv4_sp_d16_hard_t_le_eabi.a(libc2.o) (__aeabi_uldivmod)
C:/Program Files/SEGGER/SEGGER Embedded Studio for ARM 4.16/lib/libdebugio_v7em_fpv4_sp_d16_hard_t_le_eabi.a(libdebugio.o)
                              Output/uart_pca10040 Debug/Obj/thumb_crt0.o (debug_fopen)
C:/Program Files/SEGGER/SEGGER Embedded Studio for ARM 4.16/lib/libdebugio_mempoll_v7em_fpv4_sp_d16_hard_t_le_eabi.a(mempoll_debug_operations.o)
                              C:/Program Files/SEGGER/SEGGER Embedded Studio for ARM 4.16/lib/libdebugio_v7em_fpv4_sp_d16_hard_t_le_eabi.a(libdebugio.o) (__do_debug_operation)
C:/Program Files/SEGGER/SEGGER Embedded Studio for ARM 4.16/lib/libdebugio_mempoll_v7em_fpv4_sp_d16_hard_t_le_eabi.a(do_nv_debug_operation.o)
                              C:/Program Files/SEGGER/SEGGER Embedded Studio for ARM 4.16/lib/libdebugio_v7em_fpv4_sp_d16_hard_t_le_eabi.a(libdebugio.o) (__do_nvdebug_operation)
C:/Program Files/SEGGER/SEGGER Embedded Studio for ARM 4.16/lib/libm_v7em_fpv4_sp_d16_hard_t_le_eabi.a(libm_asm.o)
                              C:/Program Files/SEGGER/SEGGER Embedded Studio for ARM 4.16/lib/libc_v7em_fpv4_sp_d16_hard_t_le_eabi.a(libc2.o) (__aeabi_i2d)
C:/Program Files/SEGGER/SEGGER Embedded Studio for ARM 4.16/lib/libm_v7em_fpv4_sp_d16_hard_t_le_eabi.a(libm2.o)
                              C:/Program Files/SEGGER/SEGGER Embedded Studio for ARM 4.16/lib/libvfprintf_v7em_fpv4_sp_d16_hard_t_le_eabi.o (frexp)
C:/Program Files/SEGGER/SEGGER Embedded Studio for ARM 4.16/lib/libm_v7em_fpv4_sp_d16_hard_t_le_eabi.a(libm2_asm.o)
                              C:/Program Files/SEGGER/SEGGER Embedded Studio for ARM 4.16/lib/libm_v7em_fpv4_sp_d16_hard_t_le_eabi.a(libm2.o) (fabs)

Discarded input sections

 .text          0x0000000000000000        0x0 Output/uart_pca10040 Debug/Obj/thumb_crt0.o
 .data          0x0000000000000000        0x0 Output/uart_pca10040 Debug/Obj/thumb_crt0.o
 .bss           0x0000000000000000        0x0 Output/uart_pca10040 Debug/Obj/thumb_crt0.o
 .text.__aeabi_read_tp
                0x0000000000000000        0x8 Output/uart_pca10040 Debug/Obj/thumb_crt0.o
 .text.abort    0x0000000000000000        0x2 Output/uart_pca10040 Debug/Obj/thumb_crt0.o
 .text.__assert
                0x0000000000000000        0x2 Output/uart_pca10040 Debug/Obj/thumb_crt0.o
 .text.__aeabi_assert
                0x0000000000000000        0x2 Output/uart_pca10040 Debug/Obj/thumb_crt0.o
 .text.__sync_synchronize
                0x0000000000000000        0x2 Output/uart_pca10040 Debug/Obj/thumb_crt0.o
 .text.__getchar
                0x0000000000000000        0x4 Output/uart_pca10040 Debug/Obj/thumb_crt0.o
 .text.__putchar
                0x0000000000000000        0x4 Output/uart_pca10040 Debug/Obj/thumb_crt0.o
 .text.__open   0x0000000000000000        0x4 Output/uart_pca10040 Debug/Obj/thumb_crt0.o
 .text.__close  0x0000000000000000        0x4 Output/uart_pca10040 Debug/Obj/thumb_crt0.o
 .text.__write  0x0000000000000000        0xa Output/uart_pca10040 Debug/Obj/thumb_crt0.o
 .text.__read   0x0000000000000000        0xa Output/uart_pca10040 Debug/Obj/thumb_crt0.o
 .text.__seek   0x0000000000000000       0x1a Output/uart_pca10040 Debug/Obj/thumb_crt0.o
 .bss.__user_locale_name_buffer
                0x0000000000000000        0x4 Output/uart_pca10040 Debug/Obj/thumb_crt0.o
 .stack         0x0000000000000000        0x0 Output/uart_pca10040 Debug/Obj/thumb_crt0.o
 .stack_process
                0x0000000000000000        0x0 Output/uart_pca10040 Debug/Obj/thumb_crt0.o
 .heap          0x0000000000000000        0x0 Output/uart_pca10040 Debug/Obj/thumb_crt0.o
 .group         0x0000000000000000        0xc Output/uart_pca10040 Debug/Obj/nrf_log_frontend.o
 .group         0x0000000000000000        0xc Output/uart_pca10040 Debug/Obj/nrf_log_frontend.o
 .group         0x0000000000000000        0xc Output/uart_pca10040 Debug/Obj/nrf_log_frontend.o
 .group         0x0000000000000000        0xc Output/uart_pca10040 Debug/Obj/nrf_log_frontend.o
[...]
Memory Configuration

Name             Origin             Length             Attributes
UNPLACED_SECTIONS 0x0000000100000000 0x0000000000000000 xw
RAM1             0x0000000020000000 0x0000000000010000 xw
FLASH            0x0000000000000000 0x0000000000080000 xw
*default*        0x0000000000000000 0xffffffffffffffff

Linker script and memory map

                0x0000000000006c50                __vfprintf = __vfprintf_long
                0x0000000000000000                __vfscanf = __vfscanf_long
                0x0000000020000000                __RAM1_segment_start__ = 0x20000000
                0x0000000020010000                __RAM1_segment_end__ = 0x20010000
                0x0000000000010000                __RAM1_segment_size__ = 0x10000
                0x0000000000000000                __FLASH_segment_start__ = 0x0
                0x0000000000080000                __FLASH_segment_end__ = 0x80000
                0x0000000000080000                __FLASH_segment_size__ = 0x80000
                0x0000000000002000                __HEAPSIZE__ = 0x2000
                0x0000000000000000                __STACKSIZE_PROCESS__ = 0x0
                0x0000000000002000                __STACKSIZE__ = 0x2000
                0x0000000020000000                __vectors_ram_load_start__ = 0x20000000

.vectors_ram    0x0000000020000000        0x0
                0x0000000020000000                __vectors_ram_start__ = .
                0x0000000020000000                __app_ram_start__ = __vectors_ram_start__
 *(.vectors_ram .vectors_ram.*)
                0x0000000020000000                __vectors_ram_end__ = (__vectors_ram_start__ + SIZEOF (.vectors_ram))
                0x0000000000000000                __vectors_ram_size__ = SIZEOF (.vectors_ram)
                0x0000000020000000                __vectors_ram_load_end__ = __vectors_ram_end__
                0x0000000000000001                . = ASSERT (((__vectors_ram_start__ == __vectors_ram_end__) || ((__vectors_ram_end__ - __RAM1_segment_start__) <= __RAM1_segment_size__)), error: .vectors_ram is too large to fit in RAM1 memory segment)
                0x0000000020000000                __nrf_sections_run_load_start__ = ALIGN (__vectors_ram_end__, 0x4)

.nrf_sections_run
                0x0000000020000000        0x0
                0x0000000020000000                __nrf_sections_run_start__ = .
                0x0000000020000000                __start_nrf_sections_run = __nrf_sections_run_start__
 *(.nrf_sections_run .nrf_sections_run.*)
                0x0000000020000000                __nrf_sections_run_end__ = (__nrf_sections_run_start__ + SIZEOF (.nrf_sections_run))
                0x0000000000000000                __nrf_sections_run_size__ = SIZEOF (.nrf_sections_run)
                0x0000000020000000                __nrf_sections_run_load_end__ = __nrf_sections_run_end__
                0x0000000000000001                . = ASSERT (((__nrf_sections_run_start__ == __nrf_sections_run_end__) || ((__nrf_sections_run_end__ - __RAM1_segment_start__) <= __RAM1_segment_size__)), error: .nrf_sections_run is too large to fit in RAM1 memory segment)
                0x0000000000000000                __vectors_load_start__ = 0x0

.vectors        0x0000000000000000      0x200
                0x0000000000000000                __vectors_start__ = .
 *(.vectors .vectors.*)
 .vectors       0x0000000000000000      0x200 Output/uart_pca10040 Debug/Obj/ses_startup_nrf52.o
                0x0000000000000000                _vectors
                0x0000000000000200                __vectors_end__ = (__vectors_start__ + SIZEOF (.vectors))
                0x0000000000000200                __vectors_size__ = SIZEOF (.vectors)
                0x0000000000000200                __vectors_load_end__ = __vectors_end__
                0x0000000000000001                . = ASSERT (((__vectors_start__ == __vectors_end__) || ((__vectors_end__ - __FLASH_segment_start__) <= __FLASH_segment_size__)), error: .vectors is too large to fit in FLASH memory segment)
                0x0000000000000200                __init_load_start__ = ALIGN (__vectors_end__, 0x4)

.init           0x0000000000000200      0x1d0
                0x0000000000000200                __init_start__ = .
 *(.init .init.*)
 .init          0x0000000000000200      0x15c Output/uart_pca10040 Debug/Obj/thumb_crt0.o
                0x0000000000000200                _start
                0x00000000000002b4                exit
 .init          0x000000000000035c       0x18 Output/uart_pca10040 Debug/Obj/ses_startup_nrf52.o
                0x000000000000035c                NMI_Handler
                0x000000000000035e                HardFault_Handler
                0x0000000000000360                MemoryManagement_Handler
                0x0000000000000362                BusFault_Handler
                0x0000000000000364                UsageFault_Handler
                0x0000000000000366                SVC_Handler
                0x0000000000000368                DebugMon_Handler
                0x000000000000036a                PendSV_Handler
                0x000000000000036c                SysTick_Handler
                0x000000000000036e                PWM1_IRQHandler
                0x000000000000036e                SWI0_EGU0_IRQHandler
                0x000000000000036e                POWER_CLOCK_IRQHandler
                0x000000000000036e                RADIO_IRQHandler
                0x000000000000036e                PDM_IRQHandler
                0x000000000000036e                TEMP_IRQHandler
                0x000000000000036e                QDEC_IRQHandler
                0x000000000000036e                RTC0_IRQHandler
                0x000000000000036e                FPU_IRQHandler
                0x000000000000036e                SPIM0_SPIS0_TWIM0_TWIS0_SPI0_TWI0_IRQHandler
                0x000000000000036e                SWI2_EGU2_IRQHandler
                0x000000000000036e                TIMER4_IRQHandler
                0x000000000000036e                I2S_IRQHandler
                0x000000000000036e                SWI4_EGU4_IRQHandler
                0x000000000000036e                TIMER0_IRQHandler
                0x000000000000036e                Dummy_Handler
                0x000000000000036e                TIMER1_IRQHandler
                0x000000000000036e                PWM2_IRQHandler
                0x000000000000036e                ECB_IRQHandler
                0x000000000000036e                SPIM1_SPIS1_TWIM1_TWIS1_SPI1_TWI1_IRQHandler
                0x000000000000036e                CCM_AAR_IRQHandler
                0x000000000000036e                WDT_IRQHandler
                0x000000000000036e                TIMER3_IRQHandler
                0x000000000000036e                SWI5_EGU5_IRQHandler
                0x000000000000036e                RNG_IRQHandler
                0x000000000000036e                RTC2_IRQHandler
                0x000000000000036e                PWM0_IRQHandler
                0x000000000000036e                SWI3_EGU3_IRQHandler
                0x000000000000036e                RTC1_IRQHandler
                0x000000000000036e                SWI1_EGU1_IRQHandler
                0x000000000000036e                SPIM2_SPIS2_SPI2_IRQHandler
                0x000000000000036e                NFCT_IRQHandler
                0x000000000000036e                TIMER2_IRQHandler
                0x000000000000036e                MWU_IRQHandler
                0x000000000000036e                COMP_LPCOMP_IRQHandler
                0x0000000000000370                nRFInitialize
 .init          0x0000000000000374       0x5c Output/uart_pca10040 Debug/Obj/ses_startup_nrf_common.o
                0x0000000000000374                Reset_Handler
                0x0000000000000378                afterInitialize
                0x000000000000039c                InitializeUserMemorySections
                0x00000000000003d0                __init_end__ = (__init_start__ + SIZEOF (.init))
                0x00000000000001d0                __init_size__ = SIZEOF (.init)
                0x00000000000003d0                __init_load_end__ = __init_end__
                0x0000000000000001                . = ASSERT (((__init_start__ == __init_end__) || ((__init_end__ - __FLASH_segment_start__) <= __FLASH_segment_size__)), error: .init is too large to fit in FLASH memory segment)
                0x00000000000003d0                __init_rodata_load_start__ = ALIGN (__init_end__, 0x4)

.init_rodata    0x00000000000003d0        0x0
                0x00000000000003d0                __init_rodata_start__ = .
 *(.init_rodata .init_rodata.*)
                0x00000000000003d0                __init_rodata_end__ = (__init_rodata_start__ + SIZEOF (.init_rodata))
                0x0000000000000000                __init_rodata_size__ = SIZEOF (.init_rodata)
                0x00000000000003d0                __init_rodata_load_end__ = __init_rodata_end__
                0x0000000000000001                . = ASSERT (((__init_rodata_start__ == __init_rodata_end__) || ((__init_rodata_end__ - __FLASH_segment_start__) <= __FLASH_segment_size__)), error: .init_rodata is too large to fit in FLASH memory segment)
                0x00000000000003d0                __text_load_start__ = ALIGN (__init_rodata_end__, 0x4)

.text           0x00000000000003d0     0x6fcc
                0x00000000000003d0                __text_start__ = .
 *(.text .text.* .glue_7t .glue_7 .gnu.linkonce.t.* .gcc_except_table .ARM.extab* .gnu.linkonce.armextab.*)
 .glue_7        0x00000000000003d0        0x0 linker stubs
 .glue_7t       0x00000000000003d0        0x0 linker stubs
 .text.nrf_log_backend_put
                0x00000000000003d0       0x1c Output/uart_pca10040 Debug/Obj/nrf_log_frontend.o
 .text.nrf_log_backend_panic_set
                0x00000000000003ec       0x18 Output/uart_pca10040 Debug/Obj/nrf_log_frontend.o
 .text.nrf_log_backend_flush
                0x0000000000000404       0x18 Output/uart_pca10040 Debug/Obj/nrf_log_frontend.o
 .text.nrf_log_backend_enable
                0x000000000000041c       0x12 Output/uart_pca10040 Debug/Obj/nrf_log_frontend.o
 .text.nrf_log_backend_is_enabled
                0x000000000000042e       0x10 Output/uart_pca10040 Debug/Obj/nrf_log_frontend.o
 *fill*         0x000000000000043e        0x2 
 .text.nrf_log_module_cnt_get
                0x0000000000000440       0x14 Output/uart_pca10040 Debug/Obj/nrf_log_frontend.o
                0x0000000000000440                nrf_log_module_cnt_get
 .text.module_idx_get
                0x0000000000000454       0x64 Output/uart_pca10040 Debug/Obj/nrf_log_frontend.o
 .text.nrf_log_module_name_get
                0x00000000000004b8       0x40 Output/uart_pca10040 Debug/Obj/nrf_log_frontend.o
                0x00000000000004b8                nrf_log_module_name_get
 .text.nrf_log_color_id_get
                0x00000000000004f8       0x70 Output/uart_pca10040 Debug/Obj/nrf_log_frontend.o
                0x00000000000004f8                nrf_log_color_id_get
 .text.invalid_packets_omit
                0x0000000000000568       0x6e Output/uart_pca10040 Debug/Obj/nrf_log_frontend.o
 *fill*         0x00000000000005d6        0x2 
 .text.log_skip
                0x00000000000005d8      0x118 Output/uart_pca10040 Debug/Obj/nrf_log_frontend.o
 .text.dropped_sat16_get
                0x00000000000006f0       0x28 Output/uart_pca10040 Debug/Obj/nrf_log_frontend.o
 .text.std_header_set
                0x0000000000000718       0xb4 Output/uart_pca10040 Debug/Obj/nrf_log_frontend.o
 .text.buf_prealloc
                0x00000000000007cc      0x128 Output/uart_pca10040 Debug/Obj/nrf_log_frontend.o
 .text.std_n    0x00000000000008f4       0x94 Output/uart_pca10040 Debug/Obj/nrf_log_frontend.o
 .text.nrf_log_frontend_std_0
                0x0000000000000988       0x1c Output/uart_pca10040 Debug/Obj/nrf_log_frontend.o
                0x0000000000000988                nrf_log_frontend_std_0
 .text.nrf_log_frontend_std_1
                0x00000000000009a4       0x22 Output/uart_pca10040 Debug/Obj/nrf_log_frontend.o
                0x00000000000009a4                nrf_log_frontend_std_1
 .text.nrf_log_frontend_std_2
                0x00000000000009c6       0x28 Output/uart_pca10040 Debug/Obj/nrf_log_frontend.o
                0x00000000000009c6                nrf_log_frontend_std_2
 .text.nrf_log_frontend_std_5
                0x00000000000009ee       0x34 Output/uart_pca10040 Debug/Obj/nrf_log_frontend.o
                0x00000000000009ee                nrf_log_frontend_std_5
 *fill*         0x0000000000000a22        0x2 
 .text.buffer_is_empty
                0x0000000000000a24       0x1c Output/uart_pca10040 Debug/Obj/nrf_log_frontend.o
                0x0000000000000a24                buffer_is_empty
 .text.nrf_log_frontend_dequeue
                0x0000000000000a40      0x39c Output/uart_pca10040 Debug/Obj/nrf_log_frontend.o
                0x0000000000000a40                nrf_log_frontend_dequeue
 .text.nrf_log_panic
                0x0000000000000ddc       0x3c Output/uart_pca10040 Debug/Obj/nrf_log_frontend.o
                0x0000000000000ddc                nrf_log_panic
 .text.timestamp_print
                0x0000000000000e18        0xc Output/uart_pca10040 Debug/Obj/nrf_log_str_formatter.o
 .text.prefix_process
                0x0000000000000e24       0xb0 Output/uart_pca10040 Debug/Obj/nrf_log_str_formatter.o
 .text.postfix_process
                0x0000000000000ed4       0x60 Output/uart_pca10040 Debug/Obj/nrf_log_str_formatter.o
 .text.nrf_log_std_entry_process
                0x0000000000000f34      0x144 Output/uart_pca10040 Debug/Obj/nrf_log_str_formatter.o
                0x0000000000000f34                nrf_log_std_entry_process
 .text.nrf_log_hexdump_entry_process
                0x0000000000001078       0xf0 Output/uart_pca10040 Debug/Obj/nrf_log_str_formatter.o
                0x0000000000001078                nrf_log_hexdump_entry_process
 .text.nrfx_coredep_delay_us
                0x0000000000001168       0x30 Output/uart_pca10040 Debug/Obj/nrf_log_backend_rtt.o
 .text.nrf_delay_ms
                0x0000000000001198       0x2a Output/uart_pca10040 Debug/Obj/nrf_log_backend_rtt.o
 *fill*         0x00000000000011c2        0x2 
 .text.serial_tx
                0x00000000000011c4       0x84 Output/uart_pca10040 Debug/Obj/nrf_log_backend_rtt.o
 .text.nrf_log_backend_rtt_put
                0x0000000000001248       0x28 Output/uart_pca10040 Debug/Obj/nrf_log_backend_rtt.o
 .text.nrf_log_backend_rtt_flush
                0x0000000000001270        0xa Output/uart_pca10040 Debug/Obj/nrf_log_backend_rtt.o
 .text.nrf_log_backend_rtt_panic_set
                0x000000000000127a        0xa Output/uart_pca10040 Debug/Obj/nrf_log_backend_rtt.o
 .text.nrf_log_backend_serial_put
                0x0000000000001284      0x124 Output/uart_pca10040 Debug/Obj/nrf_log_backend_serial.o
                0x0000000000001284                nrf_log_backend_serial_put
 .text.app_error_save_and_stop
                0x00000000000013a8       0x94 Output/uart_pca10040 Debug/Obj/app_error.o
                0x00000000000013a8                app_error_save_and_stop
 .text.app_error_handler
                0x000000000000143c       0x1c Output/uart_pca10040 Debug/Obj/app_error_handler_gcc.o
                0x000000000000143c                app_error_handler
 .text.app_error_fault_handler
                0x0000000000001458      0x104 Output/uart_pca10040 Debug/Obj/app_error_weak.o
                0x0000000000001458                app_error_fault_handler
 .text.fifo_length
                0x000000000000155c       0x18 Output/uart_pca10040 Debug/Obj/app_fifo.o
 .text.fifo_put
                0x0000000000001574       0x30 Output/uart_pca10040 Debug/Obj/app_fifo.o
 .text.fifo_peek
                0x00000000000015a4       0x2e Output/uart_pca10040 Debug/Obj/app_fifo.o
 .text.fifo_get
                0x00000000000015d2       0x24 Output/uart_pca10040 Debug/Obj/app_fifo.o
 .text.app_fifo_init
                0x00000000000015f6       0x58 Output/uart_pca10040 Debug/Obj/app_fifo.o
                0x00000000000015f6                app_fifo_init
 .text.app_fifo_put
                0x000000000000164e       0x36 Output/uart_pca10040 Debug/Obj/app_fifo.o
                0x000000000000164e                app_fifo_put
 .text.app_fifo_get
                0x0000000000001684       0x2a Output/uart_pca10040 Debug/Obj/app_fifo.o
                0x0000000000001684                app_fifo_get
 *fill*         0x00000000000016ae        0x2 
 .text.nrf_drv_uart_tx
                0x00000000000016b0       0x64 Output/uart_pca10040 Debug/Obj/app_uart_fifo.o
 .text.nrf_drv_uart_tx_in_progress
                0x0000000000001714       0x5c Output/uart_pca10040 Debug/Obj/app_uart_fifo.o
 .text.nrf_drv_uart_rx
                0x0000000000001770       0x64 Output/uart_pca10040 Debug/Obj/app_uart_fifo.o
 .text.fifo_length
                0x00000000000017d4       0x18 Output/uart_pca10040 Debug/Obj/app_uart_fifo.o
 .text.uart_event_handler
                0x00000000000017ec      0x10c Output/uart_pca10040 Debug/Obj/app_uart_fifo.o
 .text.app_uart_init
                0x00000000000018f8      0x120 Output/uart_pca10040 Debug/Obj/app_uart_fifo.o
                0x00000000000018f8                app_uart_init
 .text.app_uart_get
                0x0000000000001a18       0x74 Output/uart_pca10040 Debug/Obj/app_uart_fifo.o
                0x0000000000001a18                app_uart_get
 .text.app_uart_put
                0x0000000000001a8c       0x60 Output/uart_pca10040 Debug/Obj/app_uart_fifo.o
                0x0000000000001a8c                app_uart_put
 .text.app_util_disable_irq
                0x0000000000001aec       0x14 Output/uart_pca10040 Debug/Obj/app_util_platform.o
                0x0000000000001aec                app_util_disable_irq
 .text.app_util_enable_irq
                0x0000000000001b00       0x1c Output/uart_pca10040 Debug/Obj/app_util_platform.o
                0x0000000000001b00                app_util_enable_irq
 .text.app_util_critical_region_enter
                0x0000000000001b1c       0x28 Output/uart_pca10040 Debug/Obj/app_util_platform.o
                0x0000000000001b1c                app_util_critical_region_enter
 .text.app_util_critical_region_exit
                0x0000000000001b44       0x2c Output/uart_pca10040 Debug/Obj/app_util_platform.o
                0x0000000000001b44                app_util_critical_region_exit
 .text.privilege_level_get
                0x0000000000001b70       0x3a Output/uart_pca10040 Debug/Obj/app_util_platform.o
                0x0000000000001b70                privilege_level_get
 .text.assert_nrf_callback
                0x0000000000001baa       0x2c Output/uart_pca10040 Debug/Obj/nrf_assert.o
                0x0000000000001baa                assert_nrf_callback
 .text.nrf_atomic_u32_fetch_store
                0x0000000000001bd6       0x2e Output/uart_pca10040 Debug/Obj/nrf_atomic.o
                0x0000000000001bd6                nrf_atomic_u32_fetch_store
 .text.nrf_atomic_u32_or
                0x0000000000001c04       0x30 Output/uart_pca10040 Debug/Obj/nrf_atomic.o
                0x0000000000001c04                nrf_atomic_u32_or
 .text.nrf_atomic_u32_fetch_and
                0x0000000000001c34       0x30 Output/uart_pca10040 Debug/Obj/nrf_atomic.o
                0x0000000000001c34                nrf_atomic_u32_fetch_and
 .text.nrf_atomic_u32_add
                0x0000000000001c64       0x30 Output/uart_pca10040 Debug/Obj/nrf_atomic.o
                0x0000000000001c64                nrf_atomic_u32_add
 .text.nrf_atomic_u32_sub
                0x0000000000001c94       0x30 Output/uart_pca10040 Debug/Obj/nrf_atomic.o
                0x0000000000001c94                nrf_atomic_u32_sub
 .text.nrf_atomic_flag_set
                0x0000000000001cc4       0x18 Output/uart_pca10040 Debug/Obj/nrf_atomic.o
                0x0000000000001cc4                nrf_atomic_flag_set
 .text.nrf_atomic_flag_clear_fetch
                0x0000000000001cdc       0x18 Output/uart_pca10040 Debug/Obj/nrf_atomic.o
                0x0000000000001cdc                nrf_atomic_flag_clear_fetch
 .text.nrf_balloc_idx2block
                0x0000000000001cf4       0x38 Output/uart_pca10040 Debug/Obj/nrf_balloc.o
 .text.nrf_balloc_block2idx
                0x0000000000001d2c       0x34 Output/uart_pca10040 Debug/Obj/nrf_balloc.o
 .text.nrf_balloc_alloc
                0x0000000000001d60       0x84 Output/uart_pca10040 Debug/Obj/nrf_balloc.o
                0x0000000000001d60                nrf_balloc_alloc
 .text.nrf_balloc_free
                0x0000000000001de4       0x58 Output/uart_pca10040 Debug/Obj/nrf_balloc.o
                0x0000000000001de4                nrf_balloc_free
 .text.nrf_fprintf_buffer_flush
                0x0000000000001e3c       0x44 Output/uart_pca10040 Debug/Obj/nrf_fprintf.o
                0x0000000000001e3c                nrf_fprintf_buffer_flush
 .text.nrf_fprintf
                0x0000000000001e80       0x74 Output/uart_pca10040 Debug/Obj/nrf_fprintf.o
                0x0000000000001e80                nrf_fprintf
 .text.buffer_add
                0x0000000000001ef4       0x4c Output/uart_pca10040 Debug/Obj/nrf_fprintf_format.o
 .text.string_print
                0x0000000000001f40       0xc2 Output/uart_pca10040 Debug/Obj/nrf_fprintf_format.o
 *fill*         0x0000000000002002        0x2 
 .text.unsigned_print
                0x0000000000002004      0x130 Output/uart_pca10040 Debug/Obj/nrf_fprintf_format.o
 .text.int_print
                0x0000000000002134      0x11c Output/uart_pca10040 Debug/Obj/nrf_fprintf_format.o
 .text.nrf_fprintf_fmt
                0x0000000000002250      0x43c Output/uart_pca10040 Debug/Obj/nrf_fprintf_format.o
                0x0000000000002250                nrf_fprintf_fmt
 .text.nrf_memobj_alloc
                0x000000000000268c       0xae Output/uart_pca10040 Debug/Obj/nrf_memobj.o
                0x000000000000268c                nrf_memobj_alloc
 .text.nrf_memobj_free
                0x000000000000273a       0x72 Output/uart_pca10040 Debug/Obj/nrf_memobj.o
                0x000000000000273a                nrf_memobj_free
 .text.nrf_memobj_get
                0x00000000000027ac       0x1e Output/uart_pca10040 Debug/Obj/nrf_memobj.o
                0x00000000000027ac                nrf_memobj_get
 .text.nrf_memobj_put
                0x00000000000027ca       0x34 Output/uart_pca10040 Debug/Obj/nrf_memobj.o
                0x00000000000027ca                nrf_memobj_put
 *fill*         0x00000000000027fe        0x2 
 .text.memobj_op
                0x0000000000002800      0x124 Output/uart_pca10040 Debug/Obj/nrf_memobj.o
 .text.nrf_memobj_write
                0x0000000000002924       0x3c Output/uart_pca10040 Debug/Obj/nrf_memobj.o
                0x0000000000002924                nrf_memobj_write
 .text.nrf_memobj_read
                0x0000000000002960       0x40 Output/uart_pca10040 Debug/Obj/nrf_memobj.o
                0x0000000000002960                nrf_memobj_read
 .text.nrf_strerror_get
                0x00000000000029a0       0x28 Output/uart_pca10040 Debug/Obj/nrf_strerror.o
                0x00000000000029a0                nrf_strerror_get
 .text.nrf_strerror_find
                0x00000000000029c8       0x68 Output/uart_pca10040 Debug/Obj/nrf_strerror.o
                0x00000000000029c8                nrf_strerror_find
 .text.__putchar
                0x0000000000002a30       0x1c Output/uart_pca10040 Debug/Obj/retarget.o
                0x0000000000002a30                __putchar
 .text.uarte_evt_handler
                0x0000000000002a4c       0x50 Output/uart_pca10040 Debug/Obj/nrf_drv_uart.o
 .text.uart_evt_handler
                0x0000000000002a9c       0x50 Output/uart_pca10040 Debug/Obj/nrf_drv_uart.o
 .text.nrf_drv_uart_init
                0x0000000000002aec       0xc0 Output/uart_pca10040 Debug/Obj/nrf_drv_uart.o
                0x0000000000002aec                nrf_drv_uart_init
 .text.UARTE0_UART0_IRQHandler
                0x0000000000002bac       0x24 Output/uart_pca10040 Debug/Obj/nrfx_prs.o
                0x0000000000002bac                UARTE0_UART0_IRQHandler
 .text.prs_box_get
                0x0000000000002bd0       0x20 Output/uart_pca10040 Debug/Obj/nrfx_prs.o
 .text.nrfx_prs_acquire
                0x0000000000002bf0       0x74 Output/uart_pca10040 Debug/Obj/nrfx_prs.o
                0x0000000000002bf0                nrfx_prs_acquire
 .text.__NVIC_EnableIRQ
                0x0000000000002c64       0x34 Output/uart_pca10040 Debug/Obj/nrfx_uart.o
 .text.__NVIC_SetPriority
                0x0000000000002c98       0x50 Output/uart_pca10040 Debug/Obj/nrfx_uart.o
 .text.nrfx_get_irq_number
                0x0000000000002ce8       0x10 Output/uart_pca10040 Debug/Obj/nrfx_uart.o
 .text._NRFX_IRQ_PRIORITY_SET
                0x0000000000002cf8       0x40 Output/uart_pca10040 Debug/Obj/nrfx_uart.o
 .text._NRFX_IRQ_ENABLE
                0x0000000000002d38       0x1c Output/uart_pca10040 Debug/Obj/nrfx_uart.o
 .text.nrf_uart_event_clear
                0x0000000000002d54       0x2a Output/uart_pca10040 Debug/Obj/nrfx_uart.o
 .text.nrf_uart_event_check
                0x0000000000002d7e       0x24 Output/uart_pca10040 Debug/Obj/nrfx_uart.o
 .text.nrf_uart_int_enable
                0x0000000000002da2       0x14 Output/uart_pca10040 Debug/Obj/nrfx_uart.o
 .text.nrf_uart_int_enable_check
                0x0000000000002db6       0x20 Output/uart_pca10040 Debug/Obj/nrfx_uart.o
 .text.nrf_uart_int_disable
                0x0000000000002dd6       0x14 Output/uart_pca10040 Debug/Obj/nrfx_uart.o
 .text.nrf_uart_errorsrc_get_and_clear
                0x0000000000002dea       0x1c Output/uart_pca10040 Debug/Obj/nrfx_uart.o
 .text.nrf_uart_enable
                0x0000000000002e06       0x12 Output/uart_pca10040 Debug/Obj/nrfx_uart.o
 .text.nrf_uart_txrx_pins_set
                0x0000000000002e18       0x1e Output/uart_pca10040 Debug/Obj/nrfx_uart.o
 .text.nrf_uart_hwfc_pins_set
                0x0000000000002e36       0x1e Output/uart_pca10040 Debug/Obj/nrfx_uart.o
 .text.nrf_uart_rxd_get
                0x0000000000002e54       0x12 Output/uart_pca10040 Debug/Obj/nrfx_uart.o
 .text.nrf_uart_txd_set
                0x0000000000002e66       0x1a Output/uart_pca10040 Debug/Obj/nrfx_uart.o
 .text.nrf_uart_task_trigger
                0x0000000000002e80       0x1c Output/uart_pca10040 Debug/Obj/nrfx_uart.o
 .text.nrf_uart_configure
                0x0000000000002e9c       0x2a Output/uart_pca10040 Debug/Obj/nrfx_uart.o
 .text.nrf_uart_baudrate_set
                0x0000000000002ec6       0x14 Output/uart_pca10040 Debug/Obj/nrfx_uart.o
 *fill*         0x0000000000002eda        0x2 
 .text.nrf_gpio_pin_port_decode
                0x0000000000002edc       0x30 Output/uart_pca10040 Debug/Obj/nrfx_uart.o
 .text.nrf_gpio_cfg
                0x0000000000002f0c       0x62 Output/uart_pca10040 Debug/Obj/nrfx_uart.o
 .text.nrf_gpio_cfg_output
                0x0000000000002f6e       0x22 Output/uart_pca10040 Debug/Obj/nrfx_uart.o
 .text.nrf_gpio_cfg_input
                0x0000000000002f90       0x2c Output/uart_pca10040 Debug/Obj/nrfx_uart.o
 .text.nrf_gpio_pin_set
                0x0000000000002fbc       0x28 Output/uart_pca10040 Debug/Obj/nrfx_uart.o
 .text.nrf_gpio_port_out_set
                0x0000000000002fe4       0x14 Output/uart_pca10040 Debug/Obj/nrfx_uart.o
 .text.nrf_gpio_pin_present_check
                0x0000000000002ff8       0x40 Output/uart_pca10040 Debug/Obj/nrfx_uart.o
 .text.apply_config
                0x0000000000003038       0xc6 Output/uart_pca10040 Debug/Obj/nrfx_uart.o
 *fill*         0x00000000000030fe        0x2 
 .text.interrupts_enable
                0x0000000000003100       0x6c Output/uart_pca10040 Debug/Obj/nrfx_uart.o
 .text.nrfx_uart_init
                0x000000000000316c       0xd4 Output/uart_pca10040 Debug/Obj/nrfx_uart.o
                0x000000000000316c                nrfx_uart_init
 .text.tx_byte  0x0000000000003240       0x40 Output/uart_pca10040 Debug/Obj/nrfx_uart.o
 .text.tx_blocking
                0x0000000000003280       0x52 Output/uart_pca10040 Debug/Obj/nrfx_uart.o
 *fill*         0x00000000000032d2        0x2 
 .text.nrfx_uart_tx
                0x00000000000032d4      0x110 Output/uart_pca10040 Debug/Obj/nrfx_uart.o
                0x00000000000032d4                nrfx_uart_tx
 .text.nrfx_uart_tx_in_progress
                0x00000000000033e4       0x2c Output/uart_pca10040 Debug/Obj/nrfx_uart.o
                0x00000000000033e4                nrfx_uart_tx_in_progress
 .text.rx_enable
                0x0000000000003410       0x36 Output/uart_pca10040 Debug/Obj/nrfx_uart.o
 .text.rx_byte  0x0000000000003446       0x4e Output/uart_pca10040 Debug/Obj/nrfx_uart.o
 .text.nrfx_uart_rx
                0x0000000000003494      0x21c Output/uart_pca10040 Debug/Obj/nrfx_uart.o
                0x0000000000003494                nrfx_uart_rx
 .text.rx_done_event
                0x00000000000036b0       0x2e Output/uart_pca10040 Debug/Obj/nrfx_uart.o
 .text.tx_done_event
                0x00000000000036de       0x34 Output/uart_pca10040 Debug/Obj/nrfx_uart.o
 .text.uart_irq_handler
                0x0000000000003712      0x1de Output/uart_pca10040 Debug/Obj/nrfx_uart.o
 .text.nrfx_uart_0_irq_handler
                0x00000000000038f0       0x18 Output/uart_pca10040 Debug/Obj/nrfx_uart.o
                0x00000000000038f0                nrfx_uart_0_irq_handler
 .text.__NVIC_EnableIRQ
                0x0000000000003908       0x34 Output/uart_pca10040 Debug/Obj/nrfx_uarte.o
 .text.__NVIC_SetPriority
                0x000000000000393c       0x50 Output/uart_pca10040 Debug/Obj/nrfx_uarte.o
 .text.nrfx_is_in_ram
                0x000000000000398c       0x1c Output/uart_pca10040 Debug/Obj/nrfx_uarte.o
 .text.nrfx_get_irq_number
                0x00000000000039a8       0x10 Output/uart_pca10040 Debug/Obj/nrfx_uarte.o
 .text._NRFX_IRQ_PRIORITY_SET
                0x00000000000039b8       0x40 Output/uart_pca10040 Debug/Obj/nrfx_uarte.o
 .text._NRFX_IRQ_ENABLE
                0x00000000000039f8       0x1c Output/uart_pca10040 Debug/Obj/nrfx_uarte.o
 .text.nrf_uarte_event_clear
                0x0000000000003a14       0x2a Output/uart_pca10040 Debug/Obj/nrfx_uarte.o
 .text.nrf_uarte_event_check
                0x0000000000003a3e       0x24 Output/uart_pca10040 Debug/Obj/nrfx_uarte.o
 .text.nrf_uarte_shorts_enable
                0x0000000000003a62       0x1c Output/uart_pca10040 Debug/Obj/nrfx_uarte.o
 .text.nrf_uarte_shorts_disable
                0x0000000000003a7e       0x1e Output/uart_pca10040 Debug/Obj/nrfx_uarte.o
 .text.nrf_uarte_int_enable
                0x0000000000003a9c       0x14 Output/uart_pca10040 Debug/Obj/nrfx_uarte.o
 .text.nrf_uarte_int_disable
                0x0000000000003ab0       0x14 Output/uart_pca10040 Debug/Obj/nrfx_uarte.o
 .text.nrf_uarte_errorsrc_get_and_clear
                0x0000000000003ac4       0x1c Output/uart_pca10040 Debug/Obj/nrfx_uarte.o
 .text.nrf_uarte_enable
                0x0000000000003ae0       0x12 Output/uart_pca10040 Debug/Obj/nrfx_uarte.o
 .text.nrf_uarte_txrx_pins_set
                0x0000000000003af2       0x1e Output/uart_pca10040 Debug/Obj/nrfx_uarte.o
 .text.nrf_uarte_hwfc_pins_set
                0x0000000000003b10       0x1e Output/uart_pca10040 Debug/Obj/nrfx_uarte.o
 .text.nrf_uarte_task_trigger
                0x0000000000003b2e       0x1c Output/uart_pca10040 Debug/Obj/nrfx_uarte.o
 .text.nrf_uarte_configure
                0x0000000000003b4a       0x2a Output/uart_pca10040 Debug/Obj/nrfx_uarte.o
 .text.nrf_uarte_baudrate_set
                0x0000000000003b74       0x14 Output/uart_pca10040 Debug/Obj/nrfx_uarte.o
 .text.nrf_uarte_tx_buffer_set
                0x0000000000003b88       0x1e Output/uart_pca10040 Debug/Obj/nrfx_uarte.o
 .text.nrf_uarte_tx_amount_get
                0x0000000000003ba6       0x10 Output/uart_pca10040 Debug/Obj/nrfx_uarte.o
 .text.nrf_uarte_rx_buffer_set
                0x0000000000003bb6       0x1e Output/uart_pca10040 Debug/Obj/nrfx_uarte.o
 .text.nrf_uarte_rx_amount_get
                0x0000000000003bd4       0x10 Output/uart_pca10040 Debug/Obj/nrfx_uarte.o
 .text.nrf_gpio_pin_port_decode
                0x0000000000003be4       0x30 Output/uart_pca10040 Debug/Obj/nrfx_uarte.o
 .text.nrf_gpio_cfg
                0x0000000000003c14       0x62 Output/uart_pca10040 Debug/Obj/nrfx_uarte.o
 .text.nrf_gpio_cfg_output
                0x0000000000003c76       0x22 Output/uart_pca10040 Debug/Obj/nrfx_uarte.o
 .text.nrf_gpio_cfg_input
                0x0000000000003c98       0x2c Output/uart_pca10040 Debug/Obj/nrfx_uarte.o
 .text.nrf_gpio_pin_set
                0x0000000000003cc4       0x28 Output/uart_pca10040 Debug/Obj/nrfx_uarte.o
 .text.nrf_gpio_port_out_set
                0x0000000000003cec       0x14 Output/uart_pca10040 Debug/Obj/nrfx_uarte.o
 .text.nrf_gpio_pin_present_check
                0x0000000000003d00       0x40 Output/uart_pca10040 Debug/Obj/nrfx_uarte.o
 .text.apply_config
                0x0000000000003d40       0xc6 Output/uart_pca10040 Debug/Obj/nrfx_uarte.o
 *fill*         0x0000000000003e06        0x2 
 .text.interrupts_enable
                0x0000000000003e08       0x98 Output/uart_pca10040 Debug/Obj/nrfx_uarte.o
 .text.nrfx_uarte_init
                0x0000000000003ea0       0xcc Output/uart_pca10040 Debug/Obj/nrfx_uarte.o
                0x0000000000003ea0                nrfx_uarte_init
 .text.nrfx_uarte_tx
                0x0000000000003f6c      0x17c Output/uart_pca10040 Debug/Obj/nrfx_uarte.o
                0x0000000000003f6c                nrfx_uarte_tx
 .text.nrfx_uarte_tx_in_progress
                0x00000000000040e8       0x30 Output/uart_pca10040 Debug/Obj/nrfx_uarte.o
                0x00000000000040e8                nrfx_uarte_tx_in_progress
 .text.nrfx_uarte_rx
                0x0000000000004118      0x23c Output/uart_pca10040 Debug/Obj/nrfx_uarte.o
                0x0000000000004118                nrfx_uarte_rx
 .text.rx_done_event
                0x0000000000004354       0x2e Output/uart_pca10040 Debug/Obj/nrfx_uarte.o
 .text.tx_done_event
                0x0000000000004382       0x34 Output/uart_pca10040 Debug/Obj/nrfx_uarte.o
 .text.uarte_irq_handler
                0x00000000000043b6      0x18c Output/uart_pca10040 Debug/Obj/nrfx_uarte.o
 *fill*         0x0000000000004542        0x2 
 .text.nrfx_uarte_0_irq_handler
                0x0000000000004544       0x18 Output/uart_pca10040 Debug/Obj/nrfx_uarte.o
                0x0000000000004544                nrfx_uarte_0_irq_handler
 .text.__NVIC_EnableIRQ
                0x000000000000455c       0x34 Output/uart_pca10040 Debug/Obj/nrfx_gpiote.o
 .text.__NVIC_SetPriority
                0x0000000000004590       0x50 Output/uart_pca10040 Debug/Obj/nrfx_gpiote.o
 .text.nrfx_get_irq_number
                0x00000000000045e0       0x10 Output/uart_pca10040 Debug/Obj/nrfx_gpiote.o
 .text._NRFX_IRQ_PRIORITY_SET
                0x00000000000045f0       0x40 Output/uart_pca10040 Debug/Obj/nrfx_gpiote.o
 .text._NRFX_IRQ_ENABLE
                0x0000000000004630       0x1c Output/uart_pca10040 Debug/Obj/nrfx_gpiote.o
 .text.nrf_gpiote_event_is_set
                0x000000000000464c       0x2a Output/uart_pca10040 Debug/Obj/nrfx_gpiote.o
 .text.nrf_gpiote_event_clear
                0x0000000000004676       0x36 Output/uart_pca10040 Debug/Obj/nrfx_gpiote.o
 .text.nrf_gpiote_event_addr_get
                0x00000000000046ac       0x1a Output/uart_pca10040 Debug/Obj/nrfx_gpiote.o
 *fill*         0x00000000000046c6        0x2 
 .text.nrf_gpiote_int_enable
                0x00000000000046c8       0x18 Output/uart_pca10040 Debug/Obj/nrfx_gpiote.o
 .text.nrf_gpiote_int_is_enabled
                0x00000000000046e0       0x18 Output/uart_pca10040 Debug/Obj/nrfx_gpiote.o
 .text.nrf_gpiote_event_pin_get
                0x00000000000046f8       0x20 Output/uart_pca10040 Debug/Obj/nrfx_gpiote.o
 .text.nrf_gpiote_event_polarity_get
                0x0000000000004718       0x24 Output/uart_pca10040 Debug/Obj/nrfx_gpiote.o
 .text.nrf_gpiote_task_configure
                0x000000000000473c       0x7c Output/uart_pca10040 Debug/Obj/nrfx_gpiote.o
 .text.nrf_gpio_pin_port_decode
                0x00000000000047b8       0x30 Output/uart_pca10040 Debug/Obj/nrfx_gpiote.o
 .text.nrf_gpio_cfg
                0x00000000000047e8       0x62 Output/uart_pca10040 Debug/Obj/nrfx_gpiote.o
 .text.nrf_gpio_cfg_output
                0x000000000000484a       0x22 Output/uart_pca10040 Debug/Obj/nrfx_gpiote.o
 .text.nrf_gpio_cfg_sense_set
                0x000000000000486c       0x5c Output/uart_pca10040 Debug/Obj/nrfx_gpiote.o
 .text.nrf_gpio_pin_set
                0x00000000000048c8       0x28 Output/uart_pca10040 Debug/Obj/nrfx_gpiote.o
 .text.nrf_gpio_pin_clear
                0x00000000000048f0       0x28 Output/uart_pca10040 Debug/Obj/nrfx_gpiote.o
 .text.nrf_gpio_pin_sense_get
                0x0000000000004918       0x2c Output/uart_pca10040 Debug/Obj/nrfx_gpiote.o
 .text.nrf_gpio_port_out_set
                0x0000000000004944       0x14 Output/uart_pca10040 Debug/Obj/nrfx_gpiote.o
 .text.nrf_gpio_port_out_clear
                0x0000000000004958       0x14 Output/uart_pca10040 Debug/Obj/nrfx_gpiote.o
 .text.nrf_gpio_latches_read_and_clear
                0x000000000000496c       0x5a Output/uart_pca10040 Debug/Obj/nrfx_gpiote.o
 .text.nrf_gpio_pin_latch_clear
                0x00000000000049c6       0x28 Output/uart_pca10040 Debug/Obj/nrfx_gpiote.o
 .text.nrf_gpio_pin_present_check
                0x00000000000049ee       0x40 Output/uart_pca10040 Debug/Obj/nrfx_gpiote.o
 .text.nrf_bitmask_bit_is_set
                0x0000000000004a2e       0x30 Output/uart_pca10040 Debug/Obj/nrfx_gpiote.o
 .text.nrf_bitmask_bit_set
                0x0000000000004a5e       0x40 Output/uart_pca10040 Debug/Obj/nrfx_gpiote.o
 *fill*         0x0000000000004a9e        0x2 
 .text.pin_in_use
                0x0000000000004aa0       0x28 Output/uart_pca10040 Debug/Obj/nrfx_gpiote.o
 .text.pin_in_use_by_te
                0x0000000000004ac8       0x3c Output/uart_pca10040 Debug/Obj/nrfx_gpiote.o
 .text.pin_in_use_by_te_set
                0x0000000000004b04       0x50 Output/uart_pca10040 Debug/Obj/nrfx_gpiote.o
 .text.pin_in_use_set
                0x0000000000004b54       0x1c Output/uart_pca10040 Debug/Obj/nrfx_gpiote.o
 .text.pin_in_use_clear
                0x0000000000004b70       0x1c Output/uart_pca10040 Debug/Obj/nrfx_gpiote.o
 .text.pin_configured_set
                0x0000000000004b8c       0x1c Output/uart_pca10040 Debug/Obj/nrfx_gpiote.o
 .text.channel_port_get
                0x0000000000004ba8       0x1c Output/uart_pca10040 Debug/Obj/nrfx_gpiote.o
 .text.channel_handler_get
                0x0000000000004bc4       0x18 Output/uart_pca10040 Debug/Obj/nrfx_gpiote.o
 .text.port_handler_pin_get
                0x0000000000004bdc       0x28 Output/uart_pca10040 Debug/Obj/nrfx_gpiote.o
 .text.port_handler_polarity_get
                0x0000000000004c04       0x28 Output/uart_pca10040 Debug/Obj/nrfx_gpiote.o
 .text.channel_port_alloc
                0x0000000000004c2c       0x7c Output/uart_pca10040 Debug/Obj/nrfx_gpiote.o
 .text.channel_free
                0x0000000000004ca8       0x38 Output/uart_pca10040 Debug/Obj/nrfx_gpiote.o
 .text.nrfx_gpiote_init
                0x0000000000004ce0       0xc8 Output/uart_pca10040 Debug/Obj/nrfx_gpiote.o
                0x0000000000004ce0                nrfx_gpiote_init
 .text.nrfx_gpiote_out_init
                0x0000000000004da8       0xd4 Output/uart_pca10040 Debug/Obj/nrfx_gpiote.o
                0x0000000000004da8                nrfx_gpiote_out_init
 .text.nrfx_gpiote_out_set
                0x0000000000004e7c       0x60 Output/uart_pca10040 Debug/Obj/nrfx_gpiote.o
                0x0000000000004e7c                nrfx_gpiote_out_set
 .text.nrfx_gpiote_out_clear
                0x0000000000004edc       0x60 Output/uart_pca10040 Debug/Obj/nrfx_gpiote.o
                0x0000000000004edc                nrfx_gpiote_out_clear
 .text.latch_pending_read_and_check
                0x0000000000004f3c       0x3e Output/uart_pca10040 Debug/Obj/nrfx_gpiote.o
 *fill*         0x0000000000004f7a        0x2 
 .text.port_event_handle
                0x0000000000004f7c       0xe4 Output/uart_pca10040 Debug/Obj/nrfx_gpiote.o
 .text.GPIOTE_IRQHandler
                0x0000000000005060      0x104 Output/uart_pca10040 Debug/Obj/nrfx_gpiote.o
                0x0000000000005060                GPIOTE_IRQHandler
 .text.__NVIC_EnableIRQ
                0x0000000000005164       0x34 Output/uart_pca10040 Debug/Obj/nrfx_saadc.o
 .text.__NVIC_SetPriority
                0x0000000000005198       0x50 Output/uart_pca10040 Debug/Obj/nrfx_saadc.o
 .text._NRFX_IRQ_PRIORITY_SET
                0x00000000000051e8       0x40 Output/uart_pca10040 Debug/Obj/nrfx_saadc.o
 .text._NRFX_IRQ_ENABLE
                0x0000000000005228       0x1c Output/uart_pca10040 Debug/Obj/nrfx_saadc.o
 .text.nrfx_coredep_delay_us
                0x0000000000005244       0x30 Output/uart_pca10040 Debug/Obj/nrfx_saadc.o
 .text.nrf_saadc_task_trigger
                0x0000000000005274       0x1e Output/uart_pca10040 Debug/Obj/nrfx_saadc.o
 .text.nrf_saadc_event_check
                0x0000000000005292       0x26 Output/uart_pca10040 Debug/Obj/nrfx_saadc.o
 .text.nrf_saadc_event_clear
                0x00000000000052b8       0x30 Output/uart_pca10040 Debug/Obj/nrfx_saadc.o
 .text.nrf_saadc_channel_input_set
                0x00000000000052e8       0x44 Output/uart_pca10040 Debug/Obj/nrfx_saadc.o
 .text.nrf_saadc_int_enable
                0x000000000000532c       0x18 Output/uart_pca10040 Debug/Obj/nrfx_saadc.o
 .text.nrf_saadc_int_disable
                0x0000000000005344       0x18 Output/uart_pca10040 Debug/Obj/nrfx_saadc.o
 .text.nrf_saadc_enable
                0x000000000000535c       0x10 Output/uart_pca10040 Debug/Obj/nrfx_saadc.o
 .text.nrf_saadc_disable
                0x000000000000536c       0x10 Output/uart_pca10040 Debug/Obj/nrfx_saadc.o
 .text.nrf_saadc_buffer_init
                0x000000000000537c       0x20 Output/uart_pca10040 Debug/Obj/nrfx_saadc.o
 .text.nrf_saadc_resolution_set
                0x000000000000539c       0x1c Output/uart_pca10040 Debug/Obj/nrfx_saadc.o
 .text.nrf_saadc_oversample_set
                0x00000000000053b8       0x1c Output/uart_pca10040 Debug/Obj/nrfx_saadc.o
 .text.nrf_saadc_oversample_get
                0x00000000000053d4       0x10 Output/uart_pca10040 Debug/Obj/nrfx_saadc.o
 .text.nrf_saadc_channel_init
                0x00000000000053e4       0x8c Output/uart_pca10040 Debug/Obj/nrfx_saadc.o
 .text.SAADC_IRQHandler
                0x0000000000005470      0x260 Output/uart_pca10040 Debug/Obj/nrfx_saadc.o
                0x0000000000005470                SAADC_IRQHandler
 .text.nrfx_saadc_init
                0x00000000000056d0       0xe0 Output/uart_pca10040 Debug/Obj/nrfx_saadc.o
                0x00000000000056d0                nrfx_saadc_init
 .text.nrfx_saadc_channel_init
                0x00000000000057b0      0x124 Output/uart_pca10040 Debug/Obj/nrfx_saadc.o
                0x00000000000057b0                nrfx_saadc_channel_init
 .text.nrfx_saadc_sample_convert
                0x00000000000058d4      0x158 Output/uart_pca10040 Debug/Obj/nrfx_saadc.o
                0x00000000000058d4                nrfx_saadc_sample_convert
 .text.nrf_drv_saadc_init
                0x0000000000005a2c       0x28 Output/uart_pca10040 Debug/Obj/main.o
 .text.uart_error_handle
                0x0000000000005a54       0x54 Output/uart_pca10040 Debug/Obj/main.o
                0x0000000000005a54                uart_error_handle
 .text.saadc_callback
                0x0000000000005aa8        0xa Output/uart_pca10040 Debug/Obj/main.o
                0x0000000000005aa8                saadc_callback
 *fill*         0x0000000000005ab2        0x2 
 .text.gpio_init
                0x0000000000005ab4      0x190 Output/uart_pca10040 Debug/Obj/main.o
                0x0000000000005ab4                gpio_init
 .text.saadc_init
                0x0000000000005c44       0x68 Output/uart_pca10040 Debug/Obj/main.o
                0x0000000000005c44                saadc_init
 .text.convert_mux_nbr_to_mux_addr
                0x0000000000005cac       0x32 Output/uart_pca10040 Debug/Obj/main.o
                0x0000000000005cac                convert_mux_nbr_to_mux_addr
 *fill*         0x0000000000005cde        0x2 
 .text.setRow   0x0000000000005ce0       0x98 Output/uart_pca10040 Debug/Obj/main.o
                0x0000000000005ce0                setRow
 .text.shiftColumn
                0x0000000000005d78       0x3a Output/uart_pca10040 Debug/Obj/main.o
                0x0000000000005d78                shiftColumn
 *fill*         0x0000000000005db2        0x2 
 .text.putword  0x0000000000005db4       0x58 Output/uart_pca10040 Debug/Obj/main.o
                0x0000000000005db4                putword
 .text.printSerial
                0x0000000000005e0c       0x30 Output/uart_pca10040 Debug/Obj/main.o
                0x0000000000005e0c                printSerial
 .text.process  0x0000000000005e3c       0x9c Output/uart_pca10040 Debug/Obj/main.o
                0x0000000000005e3c                process
 .text.main     0x0000000000005ed8       0xe4 Output/uart_pca10040 Debug/Obj/main.o
                0x0000000000005ed8                main
 .text.__NVIC_SystemReset
                0x0000000000005fbc       0x24 Output/uart_pca10040 Debug/Obj/system_nrf52.o
 .text.nrf52_errata_12
                0x0000000000005fe0       0x80 Output/uart_pca10040 Debug/Obj/system_nrf52.o
 .text.nrf52_errata_16
                0x0000000000006060       0x60 Output/uart_pca10040 Debug/Obj/system_nrf52.o
 .text.nrf52_errata_31
                0x00000000000060c0       0x80 Output/uart_pca10040 Debug/Obj/system_nrf52.o
 .text.nrf52_errata_32
                0x0000000000006140       0x60 Output/uart_pca10040 Debug/Obj/system_nrf52.o
 .text.nrf52_errata_36
                0x00000000000061a0       0x80 Output/uart_pca10040 Debug/Obj/system_nrf52.o
 .text.nrf52_errata_37
                0x0000000000006220       0x60 Output/uart_pca10040 Debug/Obj/system_nrf52.o
 .text.nrf52_errata_57
                0x0000000000006280       0x60 Output/uart_pca10040 Debug/Obj/system_nrf52.o
 .text.nrf52_errata_66
                0x00000000000062e0       0x80 Output/uart_pca10040 Debug/Obj/system_nrf52.o
 .text.nrf52_errata_108
                0x0000000000006360       0x80 Output/uart_pca10040 Debug/Obj/system_nrf52.o
 .text.nrf52_errata_136
                0x00000000000063e0       0x80 Output/uart_pca10040 Debug/Obj/system_nrf52.o
 .text.nrf52_errata_182
                0x0000000000006460       0x58 Output/uart_pca10040 Debug/Obj/system_nrf52.o
 .text.SystemCoreClockUpdate
                0x00000000000064b8       0x14 Output/uart_pca10040 Debug/Obj/system_nrf52.o
                0x00000000000064b8                SystemCoreClockUpdate
 .text.SystemInit
                0x00000000000064cc      0x2d4 Output/uart_pca10040 Debug/Obj/system_nrf52.o
                0x00000000000064cc                SystemInit
 .text._WriteBlocking
                0x00000000000067a0       0xb2 Output/uart_pca10040 Debug/Obj/SEGGER_RTT.o
 .text._WriteNoCheck
                0x0000000000006852       0x7e Output/uart_pca10040 Debug/Obj/SEGGER_RTT.o
 .text._GetAvailWriteSpace
                0x00000000000068d0       0x3c Output/uart_pca10040 Debug/Obj/SEGGER_RTT.o
 .text.SEGGER_RTT_WriteNoLock
                0x000000000000690c       0x9c Output/uart_pca10040 Debug/Obj/SEGGER_RTT.o
                0x000000000000690c                SEGGER_RTT_WriteNoLock
 .text.libc.__RAL_ascii_isctype
                0x00000000000069a8       0x1c C:/Program Files/SEGGER/SEGGER Embedded Studio for ARM 4.16/lib/libc_v7em_fpv4_sp_d16_hard_t_le_eabi.a(libc2.o)
 .text.libc.__RAL_ascii_toupper
                0x00000000000069c4        0xc C:/Program Files/SEGGER/SEGGER Embedded Studio for ARM 4.16/lib/libc_v7em_fpv4_sp_d16_hard_t_le_eabi.a(libc2.o)
 .text.libc.__RAL_ascii_tolower
                0x00000000000069d0        0xc C:/Program Files/SEGGER/SEGGER Embedded Studio for ARM 4.16/lib/libc_v7em_fpv4_sp_d16_hard_t_le_eabi.a(libc2.o)
 .text.libc.__RAL_ascii_iswctype
                0x00000000000069dc       0x1c C:/Program Files/SEGGER/SEGGER Embedded Studio for ARM 4.16/lib/libc_v7em_fpv4_sp_d16_hard_t_le_eabi.a(libc2.o)
 .text.libc.__RAL_ascii_towupper
                0x00000000000069f8        0xc C:/Program Files/SEGGER/SEGGER Embedded Studio for ARM 4.16/lib/libc_v7em_fpv4_sp_d16_hard_t_le_eabi.a(libc2.o)
 .text.libc.__RAL_ascii_towlower
                0x0000000000006a04        0xc C:/Program Files/SEGGER/SEGGER Embedded Studio for ARM 4.16/lib/libc_v7em_fpv4_sp_d16_hard_t_le_eabi.a(libc2.o)
 .text.libc.__RAL_ascii_wctomb
                0x0000000000006a10        0xe C:/Program Files/SEGGER/SEGGER Embedded Studio for ARM 4.16/lib/libc_v7em_fpv4_sp_d16_hard_t_le_eabi.a(libc2.o)
                0x0000000000006a10                __RAL_ascii_wctomb
 .text.libc.__RAL_ascii_mbtowc
                0x0000000000006a1e       0x24 C:/Program Files/SEGGER/SEGGER Embedded Studio for ARM 4.16/lib/libc_v7em_fpv4_sp_d16_hard_t_le_eabi.a(libc2.o)
                0x0000000000006a1e                __RAL_ascii_mbtowc
 .text.libc.__putc
                0x0000000000006a42       0x34 C:/Program Files/SEGGER/SEGGER Embedded Studio for ARM 4.16/lib/libc_v7em_fpv4_sp_d16_hard_t_le_eabi.a(libc2.o)
                0x0000000000006a42                __putc
 .text.libc.__RAL_print_padding
                0x0000000000006a76       0x1c C:/Program Files/SEGGER/SEGGER Embedded Studio for ARM 4.16/lib/libc_v7em_fpv4_sp_d16_hard_t_le_eabi.a(libc2.o)
                0x0000000000006a76                __RAL_print_padding
 .text.libc.__RAL_pre_padding
                0x0000000000006a92       0x1c C:/Program Files/SEGGER/SEGGER Embedded Studio for ARM 4.16/lib/libc_v7em_fpv4_sp_d16_hard_t_le_eabi.a(libc2.o)
                0x0000000000006a92                __RAL_pre_padding
 *fill*         0x0000000000006aae        0x2 
 .text.libc.__RAL_isctype
                0x0000000000006ab0       0x14 C:/Program Files/SEGGER/SEGGER Embedded Studio for ARM 4.16/lib/libc_v7em_fpv4_sp_d16_hard_t_le_eabi.a(libc2.o)
                0x0000000000006ab0                __RAL_isctype
 .text.libc.isprint
                0x0000000000006ac4        0xa C:/Program Files/SEGGER/SEGGER Embedded Studio for ARM 4.16/lib/libc_v7em_fpv4_sp_d16_hard_t_le_eabi.a(libc2.o)
                0x0000000000006ac4                isprint
 *fill*         0x0000000000006ace        0x2 
 .text.libc.printf
                0x0000000000006ad0       0x40 C:/Program Files/SEGGER/SEGGER Embedded Studio for ARM 4.16/lib/libc_v7em_fpv4_sp_d16_hard_t_le_eabi.a(libc2.o)
                0x0000000000006ad0                printf
 .text.libc.strnlen
                0x0000000000006b10       0x22 C:/Program Files/SEGGER/SEGGER Embedded Studio for ARM 4.16/lib/libc_v7em_fpv4_sp_d16_hard_t_le_eabi.a(libc2.o)
                0x0000000000006b10                strnlen
 .text.libc.memcpy
                0x0000000000006b32       0x52 C:/Program Files/SEGGER/SEGGER Embedded Studio for ARM 4.16/lib/libc_v7em_fpv4_sp_d16_hard_t_le_eabi.a(libc2_asm.o)
                0x0000000000006b32                __aeabi_memcpy
                0x0000000000006b32                memcpy
                0x0000000000006b3e                __aeabi_memcpy8
                0x0000000000006b3e                __aeabi_memcpy4
 .text.libc.memset
                0x0000000000006b84       0x66 C:/Program Files/SEGGER/SEGGER Embedded Studio for ARM 4.16/lib/libc_v7em_fpv4_sp_d16_hard_t_le_eabi.a(libc2_asm.o)
                0x0000000000006b84                memset
 .text.libc.strlen
                0x0000000000006bea       0x60 C:/Program Files/SEGGER/SEGGER Embedded Studio for ARM 4.16/lib/libc_v7em_fpv4_sp_d16_hard_t_le_eabi.a(libc2_asm.o)
                0x0000000000006bea                strlen
 .text.libc.__printf_lock
                0x0000000000006c4a        0x2 C:/Program Files/SEGGER/SEGGER Embedded Studio for ARM 4.16/lib/libc_v7em_fpv4_sp_d16_hard_t_le_eabi.a(libc.o)
                0x0000000000006c4a                __printf_lock
 .text.libc.__printf_unlock
                0x0000000000006c4c        0x2 C:/Program Files/SEGGER/SEGGER Embedded Studio for ARM 4.16/lib/libc_v7em_fpv4_sp_d16_hard_t_le_eabi.a(libc.o)
                0x0000000000006c4c                __printf_unlock
 *fill*         0x0000000000006c4e        0x2 
 .text.libc.__vfprintf_long
                0x0000000000006c50      0x74c C:/Program Files/SEGGER/SEGGER Embedded Studio for ARM 4.16/lib/libvfprintf_v7em_fpv4_sp_d16_hard_t_le_eabi.o
                0x0000000000006c50                __vfprintf_long
                0x000000000000739c                __text_end__ = (__text_start__ + SIZEOF (.text))
                0x0000000000006fcc                __text_size__ = SIZEOF (.text)
                0x000000000000739c                __text_load_end__ = __text_end__

.vfp11_veneer   0x0000000100000000        0x0
 .vfp11_veneer  0x0000000100000000        0x0 linker stubs

.v4_bx          0x0000000100000000        0x0
 .v4_bx         0x0000000100000000        0x0 linker stubs

.iplt           0x0000000100000000        0x0
 .iplt          0x0000000100000000        0x0 Output/uart_pca10040 Debug/Obj/thumb_crt0.o
                0x0000000000000001                . = ASSERT (((__text_start__ == __text_end__) || ((__text_end__ - __FLASH_segment_start__) <= __FLASH_segment_size__)), error: .text is too large to fit in FLASH memory segment)
                0x000000000000739c                __log_const_data_load_start__ = ALIGN (__text_end__, 0x4)

.log_const_data
                0x000000000000739c       0x30
                0x000000000000739c                __log_const_data_start__ = .
                0x000000000000739c                __start_log_const_data = __log_const_data_start__
 *(SORT_BY_NAME(.log_const_data*))
 .log_const_data_GPIOTE
                0x000000000000739c        0x8 Output/uart_pca10040 Debug/Obj/nrfx_gpiote.o
                0x000000000000739c                m_nrf_log_GPIOTE_logs_data_const
 .log_const_data_PRS
                0x00000000000073a4        0x8 Output/uart_pca10040 Debug/Obj/nrfx_prs.o
                0x00000000000073a4                m_nrf_log_PRS_logs_data_const
 .log_const_data_SAADC
                0x00000000000073ac        0x8 Output/uart_pca10040 Debug/Obj/nrfx_saadc.o
                0x00000000000073ac                m_nrf_log_SAADC_logs_data_const
 .log_const_data_UART
                0x00000000000073b4        0x8 Output/uart_pca10040 Debug/Obj/nrfx_uart.o
                0x00000000000073b4                m_nrf_log_UART_logs_data_const
 .log_const_data_UARTE
                0x00000000000073bc        0x8 Output/uart_pca10040 Debug/Obj/nrfx_uarte.o
                0x00000000000073bc                m_nrf_log_UARTE_logs_data_const
 .log_const_data_app
                0x00000000000073c4        0x8 Output/uart_pca10040 Debug/Obj/nrf_log_frontend.o
                0x00000000000073c4                m_nrf_log_app_logs_data_const
                0x00000000000073cc                __log_const_data_end__ = (__log_const_data_start__ + SIZEOF (.log_const_data))
                0x0000000000000030                __log_const_data_size__ = SIZEOF (.log_const_data)
                0x00000000000073cc                __stop_log_const_data = __log_const_data_end__
                0x00000000000073cc                __log_const_data_load_end__ = __log_const_data_end__
                0x0000000000000001                . = ASSERT (((__log_const_data_start__ == __log_const_data_end__) || ((__log_const_data_end__ - __FLASH_segment_start__) <= __FLASH_segment_size__)), error: .log_const_data is too large to fit in FLASH memory segment)
                0x00000000000073cc                __log_backends_load_start__ = ALIGN (__log_const_data_end__, 0x4)

.log_backends   0x00000000000073cc       0x10
                0x00000000000073cc                __log_backends_start__ = .
                0x00000000000073cc                __start_log_backends = __log_backends_start__
 *(SORT_BY_NAME(.log_backends*))
 .log_backends  0x00000000000073cc       0x10 Output/uart_pca10040 Debug/Obj/nrf_log_default_backends.o
                0x00000000000073dc                __log_backends_end__ = (__log_backends_start__ + SIZEOF (.log_backends))
                0x0000000000000010                __log_backends_size__ = SIZEOF (.log_backends)
                0x00000000000073dc                __stop_log_backends = __log_backends_end__
                0x00000000000073dc                __log_backends_load_end__ = __log_backends_end__
                0x0000000000000001                . = ASSERT (((__log_backends_start__ == __log_backends_end__) || ((__log_backends_end__ - __FLASH_segment_start__) <= __FLASH_segment_size__)), error: .log_backends is too large to fit in FLASH memory segment)
                0x00000000000073dc                __nrf_balloc_load_start__ = ALIGN (__log_backends_end__, 0x4)

.nrf_balloc     0x00000000000073dc       0x14
                0x00000000000073dc                __nrf_balloc_start__ = .
                0x00000000000073dc                __start_nrf_balloc = __nrf_balloc_start__
 *(.nrf_balloc*)
 .nrf_balloc    0x00000000000073dc       0x14 Output/uart_pca10040 Debug/Obj/nrf_log_frontend.o
                0x00000000000073dc                log_mempool
                0x00000000000073f0                __nrf_balloc_end__ = (__nrf_balloc_start__ + SIZEOF (.nrf_balloc))
                0x0000000000000014                __nrf_balloc_size__ = SIZEOF (.nrf_balloc)
                0x00000000000073f0                __stop_nrf_balloc = __nrf_balloc_end__
                0x00000000000073f0                __nrf_balloc_load_end__ = __nrf_balloc_end__
                0x0000000000000001                . = ASSERT (((__nrf_balloc_start__ == __nrf_balloc_end__) || ((__nrf_balloc_end__ - __FLASH_segment_start__) <= __FLASH_segment_size__)), error: .nrf_balloc is too large to fit in FLASH memory segment)
                0x00000000000073f0                __nrf_sections_load_start__ = ALIGN (__nrf_balloc_end__, 0x4)

.nrf_sections   0x00000000000073f0        0x0
                0x00000000000073f0                __nrf_sections_start__ = .
                0x00000000000073f0                __start_nrf_sections = __nrf_sections_start__
 *(.nrf_sections .nrf_sections.*)
                0x00000000000073f0                __nrf_sections_end__ = (__nrf_sections_start__ + SIZEOF (.nrf_sections))
                0x0000000000000000                __nrf_sections_size__ = SIZEOF (.nrf_sections)
                0x00000000000073f0                __nrf_sections_load_end__ = __nrf_sections_end__
                0x0000000000000001                . = ASSERT (((__nrf_sections_start__ == __nrf_sections_end__) || ((__nrf_sections_end__ - __FLASH_segment_start__) <= __FLASH_segment_size__)), error: .nrf_sections is too large to fit in FLASH memory segment)
                0x00000000000073f0                __log_dynamic_data_load_start__ = ALIGN (__nrf_sections_end__, 0x4)

.log_dynamic_data
                0x0000000020000000        0x0 load address 0x00000000000073f0
                0x0000000020000000                __log_dynamic_data_start__ = .
 *(SORT_BY_NAME(.log_dynamic_data*))
                0x0000000020000000                __log_dynamic_data_end__ = (__log_dynamic_data_start__ + SIZEOF (.log_dynamic_data))
                0x0000000000000000                __log_dynamic_data_size__ = SIZEOF (.log_dynamic_data)
                0x00000000000073f0                __log_dynamic_data_load_end__ = (__log_dynamic_data_load_start__ + SIZEOF (.log_dynamic_data))
                0x0000000000000001                . = ASSERT (((__log_dynamic_data_load_start__ == __log_dynamic_data_load_end__) || ((__log_dynamic_data_load_end__ - __FLASH_segment_start__) <= __FLASH_segment_size__)), error: .log_dynamic_data is too large to fit in FLASH memory segment)

.log_dynamic_data_run
                0x0000000020000000        0x0
                0x0000000020000000                __log_dynamic_data_run_start__ = .
                0x0000000020000000                __start_log_dynamic_data = __log_dynamic_data_run_start__
                0x0000000020000000                . = MAX ((__log_dynamic_data_run_start__ + SIZEOF (.log_dynamic_data)), .)
                0x0000000020000000                __log_dynamic_data_run_end__ = (__log_dynamic_data_run_start__ + SIZEOF (.log_dynamic_data_run))
                0x0000000000000000                __log_dynamic_data_run_size__ = SIZEOF (.log_dynamic_data_run)
                0x0000000020000000                __stop_log_dynamic_data = __log_dynamic_data_run_end__
                0x0000000020000000                __log_dynamic_data_run_load_end__ = __log_dynamic_data_run_end__
                0x0000000000000001                . = ASSERT (((__log_dynamic_data_run_start__ == __log_dynamic_data_run_end__) || ((__log_dynamic_data_run_end__ - __RAM1_segment_start__) <= __RAM1_segment_size__)), error: .log_dynamic_data_run is too large to fit in RAM1 memory segment)
                0x00000000000073f0                __log_filter_data_load_start__ = ALIGN ((__log_dynamic_data_load_start__ + SIZEOF (.log_dynamic_data)), 0x4)

.log_filter_data
                0x0000000020000000        0x0 load address 0x00000000000073f0
                0x0000000020000000                __log_filter_data_start__ = .
 *(SORT_BY_NAME(.log_filter_data*))
                0x0000000020000000                __log_filter_data_end__ = (__log_filter_data_start__ + SIZEOF (.log_filter_data))
                0x0000000000000000                __log_filter_data_size__ = SIZEOF (.log_filter_data)
                0x00000000000073f0                __log_filter_data_load_end__ = (__log_filter_data_load_start__ + SIZEOF (.log_filter_data))
                0x0000000000000001                . = ASSERT (((__log_filter_data_load_start__ == __log_filter_data_load_end__) || ((__log_filter_data_load_end__ - __FLASH_segment_start__) <= __FLASH_segment_size__)), error: .log_filter_data is too large to fit in FLASH memory segment)

.log_filter_data_run
                0x0000000020000000        0x0
                0x0000000020000000                __log_filter_data_run_start__ = .
                0x0000000020000000                __start_log_filter_data = __log_filter_data_run_start__
                0x0000000020000000                . = MAX ((__log_filter_data_run_start__ + SIZEOF (.log_filter_data)), .)
                0x0000000020000000                __log_filter_data_run_end__ = (__log_filter_data_run_start__ + SIZEOF (.log_filter_data_run))
                0x0000000000000000                __log_filter_data_run_size__ = SIZEOF (.log_filter_data_run)
                0x0000000020000000                __stop_log_filter_data = __log_filter_data_run_end__
                0x0000000020000000                __log_filter_data_run_load_end__ = __log_filter_data_run_end__
                0x0000000000000001                . = ASSERT (((__log_filter_data_run_start__ == __log_filter_data_run_end__) || ((__log_filter_data_run_end__ - __RAM1_segment_start__) <= __RAM1_segment_size__)), error: .log_filter_data_run is too large to fit in RAM1 memory segment)
                0x0000000020000000                __nrf_sections_run_end_load_start__ = ALIGN (__log_filter_data_run_end__, 0x4)

.nrf_sections_run_end
                0x0000000020000000        0x0
                0x0000000020000000                __nrf_sections_run_end_start__ = .
                0x0000000020000000                __end_nrf_sections_run = __nrf_sections_run_end_start__
 *(.nrf_sections_run_end .nrf_sections_run_end.*)
                0x0000000020000000                __nrf_sections_run_end_end__ = (__nrf_sections_run_end_start__ + SIZEOF (.nrf_sections_run_end))
                0x0000000000000000                __nrf_sections_run_end_size__ = SIZEOF (.nrf_sections_run_end)
                0x0000000020000000                __nrf_sections_run_end_load_end__ = __nrf_sections_run_end_end__
                0x0000000000000001                . = ASSERT (((__nrf_sections_run_end_start__ == __nrf_sections_run_end_end__) || ((__nrf_sections_run_end_end__ - __RAM1_segment_start__) <= __RAM1_segment_size__)), error: .nrf_sections_run_end is too large to fit in RAM1 memory segment)
                0x00000000000073f0                __dtors_load_start__ = ALIGN ((__log_filter_data_load_start__ + SIZEOF (.log_filter_data)), 0x4)

.dtors          0x00000000000073f0        0x0
                0x00000000000073f0                __dtors_start__ = .
 *(SORT_BY_NAME(.dtors.*))
 *(.dtors)
 *(.fini_array)
 *(SORT_BY_NAME(.fini_array.*))
                0x00000000000073f0                __dtors_end__ = (__dtors_start__ + SIZEOF (.dtors))
                0x0000000000000000                __dtors_size__ = SIZEOF (.dtors)
                0x00000000000073f0                __dtors_load_end__ = __dtors_end__
                0x0000000000000001                . = ASSERT (((__dtors_start__ == __dtors_end__) || ((__dtors_end__ - __FLASH_segment_start__) <= __FLASH_segment_size__)), error: .dtors is too large to fit in FLASH memory segment)
                0x00000000000073f0                __ctors_load_start__ = ALIGN (__dtors_end__, 0x4)

.ctors          0x00000000000073f0        0x0
                0x00000000000073f0                __ctors_start__ = .
 *(SORT_BY_NAME(.ctors.*))
 *(.ctors)
 *(.init_array)
 *(SORT_BY_NAME(.init_array.*))
                0x00000000000073f0                __ctors_end__ = (__ctors_start__ + SIZEOF (.ctors))
                0x0000000000000000                __ctors_size__ = SIZEOF (.ctors)
                0x00000000000073f0                __ctors_load_end__ = __ctors_end__
                0x0000000000000001                . = ASSERT (((__ctors_start__ == __ctors_end__) || ((__ctors_end__ - __FLASH_segment_start__) <= __FLASH_segment_size__)), error: .ctors is too large to fit in FLASH memory segment)
                0x00000000000073f0                __rodata_load_start__ = ALIGN (__ctors_end__, 0x4)

.rodata         0x00000000000073f0      0xf4c
                0x00000000000073f0                __rodata_start__ = .
 *(.rodata .rodata.* .gnu.linkonce.r.*)
 .rodata        0x00000000000073f0       0x6d Output/uart_pca10040 Debug/Obj/nrf_log_frontend.o
 *fill*         0x000000000000745d        0x3 
 .rodata        0x0000000000007460       0xaa Output/uart_pca10040 Debug/Obj/nrf_log_str_formatter.o
 *fill*         0x000000000000750a        0x2 
 .rodata.nrf_log_backend_rtt_api
                0x000000000000750c        0xc Output/uart_pca10040 Debug/Obj/nrf_log_backend_rtt.o
                0x000000000000750c                nrf_log_backend_rtt_api
 *fill*         0x0000000000007518        0x8 
 .rodata.delay_machine_code.8275
                0x0000000000007520        0x6 Output/uart_pca10040 Debug/Obj/nrf_log_backend_rtt.o
 *fill*         0x0000000000007526        0x2 
 .rodata        0x0000000000007528       0x6e Output/uart_pca10040 Debug/Obj/nrf_log_default_backends.o
 *fill*         0x0000000000007596        0x2 
 .rodata        0x0000000000007598       0x70 Output/uart_pca10040 Debug/Obj/app_error_weak.o
 .rodata        0x0000000000007608       0x70 Output/uart_pca10040 Debug/Obj/app_uart_fifo.o
 .rodata        0x0000000000007678       0x54 Output/uart_pca10040 Debug/Obj/app_util_platform.o
 .rodata        0x00000000000076cc       0x4f Output/uart_pca10040 Debug/Obj/nrf_balloc.o
 *fill*         0x000000000000771b        0x1 
 .rodata        0x000000000000771c       0x45 Output/uart_pca10040 Debug/Obj/nrf_fprintf.o
 *fill*         0x0000000000007761        0x3 
 .rodata        0x0000000000007764       0x4c Output/uart_pca10040 Debug/Obj/nrf_fprintf_format.o
 .rodata._aV2C.7595
                0x00000000000077b0       0x10 Output/uart_pca10040 Debug/Obj/nrf_fprintf_format.o
 .rodata        0x00000000000077c0       0x4f Output/uart_pca10040 Debug/Obj/nrf_memobj.o
 *fill*         0x000000000000780f        0x1 
 .rodata.m_unknown_str
                0x0000000000007810       0x13 Output/uart_pca10040 Debug/Obj/nrf_strerror.o
 *fill*         0x0000000000007823        0x1 
 .rodata        0x0000000000007824      0x3bd Output/uart_pca10040 Debug/Obj/nrf_strerror.o
 *fill*         0x0000000000007be1        0x3 
 .rodata.nrf_strerror_array
                0x0000000000007be4      0x118 Output/uart_pca10040 Debug/Obj/nrf_strerror.o
 .rodata        0x0000000000007cfc       0x52 Output/uart_pca10040 Debug/Obj/nrfx_prs.o
 *fill*         0x0000000000007d4e        0x2 
 .rodata        0x0000000000007d50       0xb3 Output/uart_pca10040 Debug/Obj/nrfx_uart.o
 *fill*         0x0000000000007e03        0x1 
 .rodata.irq_handlers.8635
                0x0000000000007e04        0x4 Output/uart_pca10040 Debug/Obj/nrfx_uart.o
 .rodata        0x0000000000007e08       0xb4 Output/uart_pca10040 Debug/Obj/nrfx_uarte.o
 .rodata.irq_handlers.8677
                0x0000000000007ebc        0x4 Output/uart_pca10040 Debug/Obj/nrfx_uarte.o
 .rodata        0x0000000000007ec0       0xb5 Output/uart_pca10040 Debug/Obj/nrfx_gpiote.o
 *fill*         0x0000000000007f75        0x3 
 .rodata        0x0000000000007f78       0xb4 Output/uart_pca10040 Debug/Obj/nrfx_saadc.o
 *fill*         0x000000000000802c        0x4 
 .rodata.delay_machine_code.7667
                0x0000000000008030        0x6 Output/uart_pca10040 Debug/Obj/nrfx_saadc.o
 *fill*         0x0000000000008036        0x2 
 .rodata        0x0000000000008038       0x98 Output/uart_pca10040 Debug/Obj/main.o
 .rodata.default_config.9338
                0x00000000000080d0        0x4 Output/uart_pca10040 Debug/Obj/main.o
 .rodata.libc.__RAL_ascii_ctype_map
                0x00000000000080d4       0x80 C:/Program Files/SEGGER/SEGGER Embedded Studio for ARM 4.16/lib/libc_v7em_fpv4_sp_d16_hard_t_le_eabi.a(libc2.o)
                0x00000000000080d4                __RAL_ascii_ctype_map
 .rodata.libc.__RAL_ascii_ctype_mask
                0x0000000000008154        0xd C:/Program Files/SEGGER/SEGGER Embedded Studio for ARM 4.16/lib/libc_v7em_fpv4_sp_d16_hard_t_le_eabi.a(libc2.o)
 *fill*         0x0000000000008161        0x3 
 .rodata.libc.__RAL_c_locale
                0x0000000000008164        0xc C:/Program Files/SEGGER/SEGGER Embedded Studio for ARM 4.16/lib/libc_v7em_fpv4_sp_d16_hard_t_le_eabi.a(libc2.o)
                0x0000000000008164                __RAL_c_locale
 .rodata.libc.__RAL_c_locale_abbrev_day_names
                0x0000000000008170       0x1d C:/Program Files/SEGGER/SEGGER Embedded Studio for ARM 4.16/lib/libc_v7em_fpv4_sp_d16_hard_t_le_eabi.a(libc2.o)
                0x0000000000008170                __RAL_c_locale_abbrev_day_names
 *fill*         0x000000000000818d        0x3 
 .rodata.libc.__RAL_c_locale_abbrev_month_names
                0x0000000000008190       0x31 C:/Program Files/SEGGER/SEGGER Embedded Studio for ARM 4.16/lib/libc_v7em_fpv4_sp_d16_hard_t_le_eabi.a(libc2.o)
                0x0000000000008190                __RAL_c_locale_abbrev_month_names
 *fill*         0x00000000000081c1        0x3 
 .rodata.libc.__RAL_c_locale_am_pm_indicator
                0x00000000000081c4        0x7 C:/Program Files/SEGGER/SEGGER Embedded Studio for ARM 4.16/lib/libc_v7em_fpv4_sp_d16_hard_t_le_eabi.a(libc2.o)
                0x00000000000081c4                __RAL_c_locale_am_pm_indicator
 *fill*         0x00000000000081cb        0x1 
 .rodata.libc.__RAL_c_locale_data
                0x00000000000081cc       0x58 C:/Program Files/SEGGER/SEGGER Embedded Studio for ARM 4.16/lib/libc_v7em_fpv4_sp_d16_hard_t_le_eabi.a(libc2.o)
                0x00000000000081cc                __RAL_c_locale_data
 .rodata.libc.__RAL_c_locale_date_format
                0x0000000000008224        0x9 C:/Program Files/SEGGER/SEGGER Embedded Studio for ARM 4.16/lib/libc_v7em_fpv4_sp_d16_hard_t_le_eabi.a(libc2.o)
                0x0000000000008224                __RAL_c_locale_date_format
 *fill*         0x000000000000822d        0x3 
 .rodata.libc.__RAL_c_locale_date_time_format
                0x0000000000008230        0xf C:/Program Files/SEGGER/SEGGER Embedded Studio for ARM 4.16/lib/libc_v7em_fpv4_sp_d16_hard_t_le_eabi.a(libc2.o)
                0x0000000000008230                __RAL_c_locale_date_time_format
 *fill*         0x000000000000823f        0x1 
 .rodata.libc.__RAL_c_locale_day_names
                0x0000000000008240       0x3a C:/Program Files/SEGGER/SEGGER Embedded Studio for ARM 4.16/lib/libc_v7em_fpv4_sp_d16_hard_t_le_eabi.a(libc2.o)
                0x0000000000008240                __RAL_c_locale_day_names
 *fill*         0x000000000000827a        0x2 
 .rodata.libc.__RAL_c_locale_month_names
                0x000000000000827c       0x57 C:/Program Files/SEGGER/SEGGER Embedded Studio for ARM 4.16/lib/libc_v7em_fpv4_sp_d16_hard_t_le_eabi.a(libc2.o)
                0x000000000000827c                __RAL_c_locale_month_names
 *fill*         0x00000000000082d3        0x1 
 .rodata.libc.__RAL_c_locale_time_format
                0x00000000000082d4        0x9 C:/Program Files/SEGGER/SEGGER Embedded Studio for ARM 4.16/lib/libc_v7em_fpv4_sp_d16_hard_t_le_eabi.a(libc2.o)
                0x00000000000082d4                __RAL_c_locale_time_format
 *fill*         0x00000000000082dd        0x3 
 .rodata.libc.__RAL_codeset_ascii
                0x00000000000082e0       0x20 C:/Program Files/SEGGER/SEGGER Embedded Studio for ARM 4.16/lib/libc_v7em_fpv4_sp_d16_hard_t_le_eabi.a(libc2.o)
                0x00000000000082e0                __RAL_codeset_ascii
 .rodata.libc.__RAL_data_empty_string
                0x0000000000008300        0x1 C:/Program Files/SEGGER/SEGGER Embedded Studio for ARM 4.16/lib/libc_v7em_fpv4_sp_d16_hard_t_le_eabi.a(libc2.o)
                0x0000000000008300                __RAL_data_empty_string
 *fill*         0x0000000000008301        0x3 
 .rodata.libc.__RAL_data_utf8_period
                0x0000000000008304        0x2 C:/Program Files/SEGGER/SEGGER Embedded Studio for ARM 4.16/lib/libc_v7em_fpv4_sp_d16_hard_t_le_eabi.a(libc2.o)
                0x0000000000008304                __RAL_data_utf8_period
 *fill*         0x0000000000008306        0x2 
 .rodata.libc.__RAL_find_locale.str1.4
                0x0000000000008308        0xa C:/Program Files/SEGGER/SEGGER Embedded Studio for ARM 4.16/lib/libc_v7em_fpv4_sp_d16_hard_t_le_eabi.a(libc2.o)
 *fill*         0x0000000000008312        0x2 
 .rodata.libc.__RAL_hex_lc
                0x0000000000008314       0x10 C:/Program Files/SEGGER/SEGGER Embedded Studio for ARM 4.16/lib/libc_v7em_fpv4_sp_d16_hard_t_le_eabi.a(libc2.o)
                0x0000000000008314                __RAL_hex_lc
 .rodata.libc.__RAL_hex_uc
                0x0000000000008324       0x10 C:/Program Files/SEGGER/SEGGER Embedded Studio for ARM 4.16/lib/libc_v7em_fpv4_sp_d16_hard_t_le_eabi.a(libc2.o)
                0x0000000000008324                __RAL_hex_uc
 .rodata.libc.__vfprintf_int.str1.4
                0x0000000000008334        0x8 C:/Program Files/SEGGER/SEGGER Embedded Studio for ARM 4.16/lib/libvfprintf_v7em_fpv4_sp_d16_hard_t_le_eabi.o
                                          0x7 (size before relaxing)
                0x000000000000833c                __rodata_end__ = (__rodata_start__ + SIZEOF (.rodata))
                0x0000000000000f4c                __rodata_size__ = SIZEOF (.rodata)
                0x000000000000833c                __rodata_load_end__ = __rodata_end__

.rel.dyn        0x000000000000833c        0x0
 .rel.iplt      0x000000000000833c        0x0 Output/uart_pca10040 Debug/Obj/thumb_crt0.o
                0x0000000000000001                . = ASSERT (((__rodata_start__ == __rodata_end__) || ((__rodata_end__ - __FLASH_segment_start__) <= __FLASH_segment_size__)), error: .rodata is too large to fit in FLASH memory segment)
                0x000000000000833c                __ARM.exidx_load_start__ = ALIGN (__rodata_end__, 0x4)

.ARM.exidx      0x000000000000833c        0x0
                0x000000000000833c                __ARM.exidx_start__ = .
                0x000000000000833c                __exidx_start = __ARM.exidx_start__
 *(.ARM.exidx .ARM.exidx.*)
                0x000000000000833c                __ARM.exidx_end__ = (__ARM.exidx_start__ + SIZEOF (.ARM.exidx))
                0x0000000000000000                __ARM.exidx_size__ = SIZEOF (.ARM.exidx)
                0x000000000000833c                __exidx_end = __ARM.exidx_end__
                0x000000000000833c                __ARM.exidx_load_end__ = __ARM.exidx_end__
                0x0000000000000001                . = ASSERT (((__ARM.exidx_start__ == __ARM.exidx_end__) || ((__ARM.exidx_end__ - __FLASH_segment_start__) <= __FLASH_segment_size__)), error: .ARM.exidx is too large to fit in FLASH memory segment)
                0x000000000000833c                __fast_load_start__ = ALIGN (__ARM.exidx_end__, 0x4)

.fast           0x0000000020000000        0x0 load address 0x000000000000833c
                0x0000000020000000                __fast_start__ = .
 *(.fast .fast.*)
                0x0000000020000000                __fast_end__ = (__fast_start__ + SIZEOF (.fast))
                0x0000000000000000                __fast_size__ = SIZEOF (.fast)
                0x000000000000833c                __fast_load_end__ = (__fast_load_start__ + SIZEOF (.fast))
                0x0000000000000001                . = ASSERT (((__fast_load_start__ == __fast_load_end__) || ((__fast_load_end__ - __FLASH_segment_start__) <= __FLASH_segment_size__)), error: .fast is too large to fit in FLASH memory segment)

.fast_run       0x0000000020000000        0x0
                0x0000000020000000                __fast_run_start__ = .
                0x0000000020000000                . = MAX ((__fast_run_start__ + SIZEOF (.fast)), .)
                0x0000000020000000                __fast_run_end__ = (__fast_run_start__ + SIZEOF (.fast_run))
                0x0000000000000000                __fast_run_size__ = SIZEOF (.fast_run)
                0x0000000020000000                __fast_run_load_end__ = __fast_run_end__
                0x0000000000000001                . = ASSERT (((__fast_run_start__ == __fast_run_end__) || ((__fast_run_end__ - __RAM1_segment_start__) <= __RAM1_segment_size__)), error: .fast_run is too large to fit in RAM1 memory segment)
                0x000000000000833c                __data_load_start__ = ALIGN ((__fast_load_start__ + SIZEOF (.fast)), 0x4)

.data           0x0000000020000000       0x7c load address 0x000000000000833c
                0x0000000020000000                __data_start__ = .
 *(.data .data.* .gnu.linkonce.d.*)
 .data.m_buffer_mask
                0x0000000020000000        0x4 Output/uart_pca10040 Debug/Obj/nrf_log_frontend.o
 .data.severity_names
                0x0000000020000004       0x14 Output/uart_pca10040 Debug/Obj/nrf_log_str_formatter.o
 .data.m_colors
                0x0000000020000018       0x24 Output/uart_pca10040 Debug/Obj/nrf_log_str_formatter.o
 .data.log_backend_cb_rtt_log_backend
                0x000000002000003c        0x8 Output/uart_pca10040 Debug/Obj/nrf_log_default_backends.o
 .data.app_uart_inst
                0x0000000020000044       0x14 Output/uart_pca10040 Debug/Obj/app_uart_fifo.o
 .data.PACKET_START_WORD
                0x0000000020000058        0x2 Output/uart_pca10040 Debug/Obj/main.o
 *fill*         0x000000002000005a        0x2 
 .data.current_enabled_mux
                0x000000002000005c        0x4 Output/uart_pca10040 Debug/Obj/main.o
 .data.state_FSM
                0x0000000020000060        0x1 Output/uart_pca10040 Debug/Obj/main.o
 *fill*         0x0000000020000061        0x3 
 .data.SystemCoreClock
                0x0000000020000064        0x4 Output/uart_pca10040 Debug/Obj/system_nrf52.o
                0x0000000020000064                SystemCoreClock
 .data.libc.__RAL_global_locale
                0x0000000020000068       0x14 C:/Program Files/SEGGER/SEGGER Embedded Studio for ARM 4.16/lib/libc_v7em_fpv4_sp_d16_hard_t_le_eabi.a(libc2.o)
                0x0000000020000068                __RAL_global_locale
                0x000000002000007c                __data_end__ = (__data_start__ + SIZEOF (.data))
                0x000000000000007c                __data_size__ = SIZEOF (.data)
                0x00000000000083b8                __data_load_end__ = (__data_load_start__ + SIZEOF (.data))

.igot.plt       0x0000000100000000        0x0
 .igot.plt      0x0000000100000000        0x0 Output/uart_pca10040 Debug/Obj/thumb_crt0.o
                0x0000000000000001                . = ASSERT (((__data_load_start__ == __data_load_end__) || ((__data_load_end__ - __FLASH_segment_start__) <= __FLASH_segment_size__)), error: .data is too large to fit in FLASH memory segment)

.data_run       0x0000000020000000       0x7c load address 0x000000000000833c
                0x0000000020000000                __data_run_start__ = .
                0x000000002000007c                . = MAX ((__data_run_start__ + SIZEOF (.data)), .)
 *fill*         0x0000000020000000       0x7c 
                0x000000002000007c                __data_run_end__ = (__data_run_start__ + SIZEOF (.data_run))
                0x000000000000007c                __data_run_size__ = SIZEOF (.data_run)
                0x000000002000007c                __data_run_load_end__ = __data_run_end__
                0x0000000000000001                . = ASSERT (((__data_run_start__ == __data_run_end__) || ((__data_run_end__ - __RAM1_segment_start__) <= __RAM1_segment_size__)), error: .data_run is too large to fit in RAM1 memory segment)
                0x00000000000083b8                __tdata_load_start__ = ALIGN ((__data_load_start__ + SIZEOF (.data)), 0x4)

.tdata          0x000000002000007c        0x0 load address 0x00000000000083b8
                0x000000002000007c                __tdata_start__ = .
 *(.tdata .tdata.*)
                0x000000002000007c                __tdata_end__ = (__tdata_start__ + SIZEOF (.tdata))
                0x0000000000000000                __tdata_size__ = SIZEOF (.tdata)
                0x00000000000083b8                __tdata_load_end__ = (__tdata_load_start__ + SIZEOF (.tdata))
                0x00000000000083b8                __FLASH_segment_used_end__ = (ALIGN ((__data_load_start__ + SIZEOF (.data)), 0x4) + SIZEOF (.tdata))
                0x00000000000083b8                __FLASH_segment_used_size__ = (__FLASH_segment_used_end__ - __FLASH_segment_start__)
                0x0000000000000001                . = ASSERT (((__tdata_load_start__ == __tdata_load_end__) || ((__tdata_load_end__ - __FLASH_segment_start__) <= __FLASH_segment_size__)), error: .tdata is too large to fit in FLASH memory segment)

.tdata_run      0x000000002000007c        0x0
                0x000000002000007c                __tdata_run_start__ = .
                0x000000002000007c                . = MAX ((__tdata_run_start__ + SIZEOF (.tdata)), .)
                0x000000002000007c                __tdata_run_end__ = (__tdata_run_start__ + SIZEOF (.tdata_run))
                0x0000000000000000                __tdata_run_size__ = SIZEOF (.tdata_run)
                0x000000002000007c                __tdata_run_load_end__ = __tdata_run_end__
                0x0000000000000001                . = ASSERT (((__tdata_run_start__ == __tdata_run_end__) || ((__tdata_run_end__ - __RAM1_segment_start__) <= __RAM1_segment_size__)), error: .tdata_run is too large to fit in RAM1 memory segment)
                0x000000002000007c                __bss_load_start__ = ALIGN (__tdata_run_end__, 0x4)

.bss            0x000000002000007c      0x8f4
                0x000000002000007c                __bss_start__ = .
 *(.bss .bss.* .gnu.linkonce.b.*)
 .bss.log_mempool_nrf_balloc_pool_stack
                0x000000002000007c        0x8 Output/uart_pca10040 Debug/Obj/nrf_log_frontend.o
 .bss.log_mempool_nrf_balloc_pool_mem
                0x0000000020000084       0xc0 Output/uart_pca10040 Debug/Obj/nrf_log_frontend.o
 .bss.log_mempool_nrf_balloc_cb
                0x0000000020000144        0x8 Output/uart_pca10040 Debug/Obj/nrf_log_frontend.o
 .bss.m_log_data
                0x000000002000014c      0x420 Output/uart_pca10040 Debug/Obj/nrf_log_frontend.o
 .bss.m_host_present
                0x000000002000056c        0x1 Output/uart_pca10040 Debug/Obj/nrf_log_backend_rtt.o
 *fill*         0x000000002000056d        0x3 
 .bss.m_string_buff
                0x0000000020000570       0x40 Output/uart_pca10040 Debug/Obj/nrf_log_backend_rtt.o
 .bss.m_error_data.7520
                0x00000000200005b0       0x20 Output/uart_pca10040 Debug/Obj/app_error.o
 .bss.m_event_handler
                0x00000000200005d0        0x4 Output/uart_pca10040 Debug/Obj/app_uart_fifo.o
 .bss.tx_buffer
                0x00000000200005d4        0x1 Output/uart_pca10040 Debug/Obj/app_uart_fifo.o
 *fill*         0x00000000200005d5        0x3 
 .bss.rx_buffer
                0x00000000200005d8        0x1 Output/uart_pca10040 Debug/Obj/app_uart_fifo.o
 .bss.m_rx_ovf  0x00000000200005d9        0x1 Output/uart_pca10040 Debug/Obj/app_uart_fifo.o
 *fill*         0x00000000200005da        0x2 
 .bss.m_rx_fifo
                0x00000000200005dc       0x10 Output/uart_pca10040 Debug/Obj/app_uart_fifo.o
 .bss.m_tx_fifo
                0x00000000200005ec       0x10 Output/uart_pca10040 Debug/Obj/app_uart_fifo.o
 .bss.m_in_critical_region
                0x00000000200005fc        0x4 Output/uart_pca10040 Debug/Obj/app_util_platform.o
 .bss.m_handlers
                0x0000000020000600        0x4 Output/uart_pca10040 Debug/Obj/nrf_drv_uart.o
 .bss.m_contexts
                0x0000000020000604        0x4 Output/uart_pca10040 Debug/Obj/nrf_drv_uart.o
 .bss.nrf_drv_uart_use_easy_dma
                0x0000000020000608        0x1 Output/uart_pca10040 Debug/Obj/nrf_drv_uart.o
                0x0000000020000608                nrf_drv_uart_use_easy_dma
 *fill*         0x0000000020000609        0x3 
 .bss.m_prs_box_4
                0x000000002000060c        0x8 Output/uart_pca10040 Debug/Obj/nrfx_prs.o
 .bss.m_cb      0x0000000020000614       0x2c Output/uart_pca10040 Debug/Obj/nrfx_uart.o
 .bss.m_cb      0x0000000020000640       0x24 Output/uart_pca10040 Debug/Obj/nrfx_uarte.o
 .bss.m_cb      0x0000000020000664       0x5c Output/uart_pca10040 Debug/Obj/nrfx_gpiote.o
 .bss.m_cb      0x00000000200006c0       0x30 Output/uart_pca10040 Debug/Obj/nrfx_saadc.o
 .bss.sample    0x00000000200006f0        0x2 Output/uart_pca10040 Debug/Obj/main.o
 .bss.uart_tx_in_progress
                0x00000000200006f2        0x1 Output/uart_pca10040 Debug/Obj/main.o
 *fill*         0x00000000200006f3        0x1 
 .bss.rx_buf.9997
                0x00000000200006f4      0x100 Output/uart_pca10040 Debug/Obj/main.o
 .bss.tx_buf.9998
                0x00000000200007f4      0x100 Output/uart_pca10040 Debug/Obj/main.o
 .bss._SEGGER_RTT
                0x00000000200008f4       0x78 Output/uart_pca10040 Debug/Obj/SEGGER_RTT.o
                0x00000000200008f4                _SEGGER_RTT
 .bss.libc.__user_format_extender
                0x000000002000096c        0x4 C:/Program Files/SEGGER/SEGGER Embedded Studio for ARM 4.16/lib/libc_v7em_fpv4_sp_d16_hard_t_le_eabi.a(libc2.o)
                0x000000002000096c                __user_format_extender
 *(COMMON)
                0x0000000020000970                __bss_end__ = (__bss_start__ + SIZEOF (.bss))
                0x00000000000008f4                __bss_size__ = SIZEOF (.bss)
                0x0000000020000970                __bss_load_end__ = __bss_end__
                0x0000000000000001                . = ASSERT (((__bss_start__ == __bss_end__) || ((__bss_end__ - __RAM1_segment_start__) <= __RAM1_segment_size__)), error: .bss is too large to fit in RAM1 memory segment)
                0x0000000020000970                __tbss_load_start__ = ALIGN (__bss_end__, 0x4)

.tbss           0x0000000020000970        0x0
                0x0000000020000970                __tbss_start__ = .
 *(.tbss .tbss.*)
                0x0000000020000970                __tbss_end__ = (__tbss_start__ + SIZEOF (.tbss))
                0x0000000000000000                __tbss_size__ = SIZEOF (.tbss)
                0x0000000020000970                __tbss_load_end__ = __tbss_end__
                0x0000000000000001                . = ASSERT (((__tbss_start__ == __tbss_end__) || ((__tbss_end__ - __RAM1_segment_start__) <= __RAM1_segment_size__)), error: .tbss is too large to fit in RAM1 memory segment)
                0x0000000020000970                __non_init_load_start__ = ALIGN (__tbss_end__, 0x4)

.non_init       0x0000000020000970        0x0
                0x0000000020000970                __non_init_start__ = .
 *(.non_init .non_init.*)
                0x0000000020000970                __non_init_end__ = (__non_init_start__ + SIZEOF (.non_init))
                0x0000000000000000                __non_init_size__ = SIZEOF (.non_init)
                0x0000000020000970                __non_init_load_end__ = __non_init_end__
                0x0000000000000001                . = ASSERT (((__non_init_start__ == __non_init_end__) || ((__non_init_end__ - __RAM1_segment_start__) <= __RAM1_segment_size__)), error: .non_init is too large to fit in RAM1 memory segment)
                0x0000000020000970                __heap_load_start__ = ALIGN (__non_init_end__, 0x4)

.heap           0x0000000020000970     0x2000
                0x0000000020000970                __heap_start__ = .
 *(.heap .heap.*)
                0x0000000020002970                . = ALIGN (MAX ((__heap_start__ + __HEAPSIZE__), .), 0x4)
 *fill*         0x0000000020000970     0x2000 
                0x0000000020002970                __heap_end__ = (__heap_start__ + SIZEOF (.heap))
                0x0000000000002000                __heap_size__ = SIZEOF (.heap)
                0x0000000020002970                __heap_load_end__ = __heap_end__
                0x0000000000000001                . = ASSERT (((__heap_start__ == __heap_end__) || ((__heap_end__ - __RAM1_segment_start__) <= __RAM1_segment_size__)), error: .heap is too large to fit in RAM1 memory segment)
                0x000000002000e000                __stack_load_start__ = (__RAM1_segment_start__ + (__RAM1_segment_size__ - 0x2000))

.stack          0x000000002000e000     0x2000
                0x000000002000e000                __stack_start__ = .
                0x000000002000e000                __StackLimit = __stack_start__
 *(.stack .stack.*)
                0x0000000020010000                . = ALIGN (MAX ((__stack_start__ + __STACKSIZE__), .), 0x8)
 *fill*         0x000000002000e000     0x2000 
                0x0000000020010000                __stack_end__ = (__stack_start__ + SIZEOF (.stack))
                0x0000000000002000                __stack_size__ = SIZEOF (.stack)
                0x0000000020010000                __StackTop = __stack_end__
                0x0000000020010000                __stack_load_end__ = __stack_end__
                0x0000000000000001                . = ASSERT (((__stack_start__ == __stack_end__) || ((__stack_end__ - __RAM1_segment_start__) <= __RAM1_segment_size__)), error: .stack is too large to fit in RAM1 memory segment)
                0x0000000000000001                . = ASSERT ((__heap_end__ <= __stack_start__), error: section .heap overlaps absolute placed section .stack)
                0x0000000020010000                __stack_process_load_start__ = ALIGN (__stack_end__, 0x8)

.stack_process  0x0000000020010000        0x0
                0x0000000020010000                __stack_process_start__ = .
 *(.stack_process .stack_process.*)
                0x0000000020010000                . = ALIGN (MAX ((__stack_process_start__ + __STACKSIZE_PROCESS__), .), 0x8)
                0x0000000020010000                __stack_process_end__ = (__stack_process_start__ + SIZEOF (.stack_process))
                0x0000000000000000                __stack_process_size__ = SIZEOF (.stack_process)
                0x0000000020010000                __stack_process_load_end__ = __stack_process_end__
                0x0000000020010000                __RAM1_segment_used_end__ = (ALIGN (__stack_end__, 0x8) + SIZEOF (.stack_process))
                0x0000000000010000                __RAM1_segment_used_size__ = (__RAM1_segment_used_end__ - __RAM1_segment_start__)
                0x0000000000000001                . = ASSERT (((__stack_process_start__ == __stack_process_end__) || ((__stack_process_end__ - __RAM1_segment_start__) <= __RAM1_segment_size__)), error: .stack_process is too large to fit in RAM1 memory segment)
START GROUP
LOAD Output/uart_pca10040 Debug/Obj/thumb_crt0.o
LOAD Output/uart_pca10040 Debug/Obj/nrf_log_frontend.o
LOAD Output/uart_pca10040 Debug/Obj/nrf_log_str_formatter.o
LOAD Output/uart_pca10040 Debug/Obj/nrf_log_backend_rtt.o
LOAD Output/uart_pca10040 Debug/Obj/nrf_log_default_backends.o
LOAD Output/uart_pca10040 Debug/Obj/nrf_log_backend_serial.o
LOAD Output/uart_pca10040 Debug/Obj/boards.o
LOAD Output/uart_pca10040 Debug/Obj/app_error.o
LOAD Output/uart_pca10040 Debug/Obj/app_error_handler_gcc.o
LOAD Output/uart_pca10040 Debug/Obj/app_error_weak.o
LOAD Output/uart_pca10040 Debug/Obj/app_fifo.o
LOAD Output/uart_pca10040 Debug/Obj/app_uart_fifo.o
LOAD Output/uart_pca10040 Debug/Obj/app_util_platform.o
LOAD Output/uart_pca10040 Debug/Obj/nrf_assert.o
LOAD Output/uart_pca10040 Debug/Obj/nrf_atomic.o
LOAD Output/uart_pca10040 Debug/Obj/nrf_balloc.o
LOAD Output/uart_pca10040 Debug/Obj/nrf_fprintf.o
LOAD Output/uart_pca10040 Debug/Obj/nrf_fprintf_format.o
LOAD Output/uart_pca10040 Debug/Obj/nrf_memobj.o
LOAD Output/uart_pca10040 Debug/Obj/nrf_ringbuf.o
LOAD Output/uart_pca10040 Debug/Obj/nrf_strerror.o
LOAD Output/uart_pca10040 Debug/Obj/retarget.o
LOAD Output/uart_pca10040 Debug/Obj/nrf_drv_uart.o
LOAD Output/uart_pca10040 Debug/Obj/nrfx_atomic.o
LOAD Output/uart_pca10040 Debug/Obj/nrfx_prs.o
LOAD Output/uart_pca10040 Debug/Obj/nrfx_uart.o
LOAD Output/uart_pca10040 Debug/Obj/nrfx_uarte.o
LOAD Output/uart_pca10040 Debug/Obj/nrfx_gpiote.o
LOAD Output/uart_pca10040 Debug/Obj/nrfx_saadc.o
LOAD Output/uart_pca10040 Debug/Obj/main.o
LOAD Output/uart_pca10040 Debug/Obj/ses_startup_nrf52.o