Archive member included to satisfy reference by file (symbol)

C:/Program Files/SEGGER/SEGGER Embedded Studio for ARM 4.16/lib/libc_v7em_fpv4_sp_d16_hard_t_le_eabi.a(libc2.o)
                              Output/uart_pca10040 Debug/Obj/nrf_log_str_formatter.o (isprint)
C:/Program Files/SEGGER/SEGGER Embedded Studio for ARM 4.16/lib/libc_v7em_fpv4_sp_d16_hard_t_le_eabi.a(libc2_asm.o)
                              Output/uart_pca10040 Debug/Obj/nrf_log_frontend.o (memcpy)
C:/Program Files/SEGGER/SEGGER Embedded Studio for ARM 4.16/lib/libc_v7em_fpv4_sp_d16_hard_t_le_eabi.a(libc.o)
                              C:/Program Files/SEGGER/SEGGER Embedded Studio for ARM 4.16/lib/libc_v7em_fpv4_sp_d16_hard_t_le_eabi.a(libc2.o) (__heap_lock)
C:/Program Files/SEGGER/SEGGER Embedded Studio for ARM 4.16/lib/libc_v7em_fpv4_sp_d16_hard_t_le_eabi.a(libc_asm.o)
                              C:/Program Files/SEGGER/SEGGER Embedded Studio for ARM 4.16/lib/libc_v7em_fpv4_sp_d16_hard_t_le_eabi.a(libc2.o) (__aeabi_uldivmod)
C:/Program Files/SEGGER/SEGGER Embedded Studio for ARM 4.16/lib/libdebugio_v7em_fpv4_sp_d16_hard_t_le_eabi.a(libdebugio.o)
                              Output/uart_pca10040 Debug/Obj/thumb_crt0.o (debug_fopen)
C:/Program Files/SEGGER/SEGGER Embedded Studio for ARM 4.16/lib/libdebugio_mempoll_v7em_fpv4_sp_d16_hard_t_le_eabi.a(mempoll_debug_operations.o)
                              C:/Program Files/SEGGER/SEGGER Embedded Studio for ARM 4.16/lib/libdebugio_v7em_fpv4_sp_d16_hard_t_le_eabi.a(libdebugio.o) (__do_debug_operation)
C:/Program Files/SEGGER/SEGGER Embedded Studio for ARM 4.16/lib/libdebugio_mempoll_v7em_fpv4_sp_d16_hard_t_le_eabi.a(do_nv_debug_operation.o)
                              C:/Program Files/SEGGER/SEGGER Embedded Studio for ARM 4.16/lib/libdebugio_v7em_fpv4_sp_d16_hard_t_le_eabi.a(libdebugio.o) (__do_nvdebug_operation)
C:/Program Files/SEGGER/SEGGER Embedded Studio for ARM 4.16/lib/libm_v7em_fpv4_sp_d16_hard_t_le_eabi.a(libm_asm.o)
                              C:/Program Files/SEGGER/SEGGER Embedded Studio for ARM 4.16/lib/libc_v7em_fpv4_sp_d16_hard_t_le_eabi.a(libc2.o) (__aeabi_i2d)
C:/Program Files/SEGGER/SEGGER Embedded Studio for ARM 4.16/lib/libm_v7em_fpv4_sp_d16_hard_t_le_eabi.a(libm2.o)
                              C:/Program Files/SEGGER/SEGGER Embedded Studio for ARM 4.16/lib/libvfprintf_v7em_fpv4_sp_d16_hard_t_le_eabi.o (frexp)
C:/Program Files/SEGGER/SEGGER Embedded Studio for ARM 4.16/lib/libm_v7em_fpv4_sp_d16_hard_t_le_eabi.a(libm2_asm.o)
                              C:/Program Files/SEGGER/SEGGER Embedded Studio for ARM 4.16/lib/libm_v7em_fpv4_sp_d16_hard_t_le_eabi.a(libm2.o) (fabs)

Discarded input sections

 .text          0x0000000000000000        0x0 Output/uart_pca10040 Debug/Obj/thumb_crt0.o
 .data          0x0000000000000000        0x0 Output/uart_pca10040 Debug/Obj/thumb_crt0.o
 .bss           0x0000000000000000        0x0 Output/uart_pca10040 Debug/Obj/thumb_crt0.o
 .text.__aeabi_read_tp
                0x0000000000000000        0x8 Output/uart_pca10040 Debug/Obj/thumb_crt0.o
 .text.abort    0x0000000000000000        0x2 Output/uart_pca10040 Debug/Obj/thumb_crt0.o
 .text.__assert
                0x0000000000000000        0x2 Output/uart_pca10040 Debug/Obj/thumb_crt0.o
 .text.__aeabi_assert
                0x0000000000000000        0x2 Output/uart_pca10040 Debug/Obj/thumb_crt0.o
 .text.__sync_synchronize
                0x0000000000000000        0x2 Output/uart_pca10040 Debug/Obj/thumb_crt0.o
 .text.__getchar
                0x0000000000000000        0x4 Output/uart_pca10040 Debug/Obj/thumb_crt0.o
 .text.__putchar
                0x0000000000000000        0x4 Output/uart_pca10040 Debug/Obj/thumb_crt0.o
 .text.__open   0x0000000000000000        0x4 Output/uart_pca10040 Debug/Obj/thumb_crt0.o
 .text.__close  0x0000000000000000        0x4 Output/uart_pca10040 Debug/Obj/thumb_crt0.o
 .text.__write  0x0000000000000000        0xa Output/uart_pca10040 Debug/Obj/thumb_crt0.o
 .text.__read   0x0000000000000000        0xa Output/uart_pca10040 Debug/Obj/thumb_crt0.o
 .text.__seek   0x0000000000000000       0x1a Output/uart_pca10040 Debug/Obj/thumb_crt0.o
 .bss.__user_locale_name_buffer
                0x0000000000000000        0x4 Output/uart_pca10040 Debug/Obj/thumb_crt0.o
 .stack         0x0000000000000000        0x0 Output/uart_pca10040 Debug/Obj/thumb_crt0.o
 .stack_process
                0x0000000000000000        0x0 Output/uart_pca10040 Debug/Obj/thumb_crt0.o
 .heap          0x0000000000000000        0x0 Output/uart_pca10040 Debug/Obj/thumb_crt0.o
 .group         0x0000000000000000        0xc Output/uart_pca10040 Debug/Obj/nrf_log_frontend.o
 .group         0x0000000000000000        0xc Output/uart_pca10040 Debug/Obj/nrf_log_frontend.o
 .group         0x0000000000000000        0xc Output/uart_pca10040 Debug/Obj/nrf_log_frontend.o
 .group         0x0000000000000000        0xc Output/uart_pca10040 Debug/Obj/nrf_log_frontend.o
[...]
Memory Configuration

Name             Origin             Length             Attributes
UNPLACED_SECTIONS 0x0000000100000000 0x0000000000000000 xw
RAM1             0x0000000020000000 0x0000000000010000 xw
FLASH            0x0000000000000000 0x0000000000080000 xw
*default*        0x0000000000000000 0xffffffffffffffff

Linker script and memory map

                0x0000000000000000                __vfprintf = __vfprintf_long
                0x0000000000000000                __vfscanf = __vfscanf_long
                0x0000000020000000                __RAM1_segment_start__ = 0x20000000
                0x0000000020010000                __RAM1_segment_end__ = 0x20010000
                0x0000000000010000                __RAM1_segment_size__ = 0x10000
                0x0000000000000000                __FLASH_segment_start__ = 0x0
                0x0000000000080000                __FLASH_segment_end__ = 0x80000
                0x0000000000080000                __FLASH_segment_size__ = 0x80000
                0x0000000000002000                __HEAPSIZE__ = 0x2000
                0x0000000000000000                __STACKSIZE_PROCESS__ = 0x0
                0x0000000000002000                __STACKSIZE__ = 0x2000
                0x0000000020000000                __vectors_ram_load_start__ = 0x20000000

.vectors_ram    0x0000000020000000        0x0
                0x0000000020000000                __vectors_ram_start__ = .
                0x0000000020000000                __app_ram_start__ = __vectors_ram_start__
 *(.vectors_ram .vectors_ram.*)
                0x0000000020000000                __vectors_ram_end__ = (__vectors_ram_start__ + SIZEOF (.vectors_ram))
                0x0000000000000000                __vectors_ram_size__ = SIZEOF (.vectors_ram)
                0x0000000020000000                __vectors_ram_load_end__ = __vectors_ram_end__
                0x0000000000000001                . = ASSERT (((__vectors_ram_start__ == __vectors_ram_end__) || ((__vectors_ram_end__ - __RAM1_segment_start__) <= __RAM1_segment_size__)), error: .vectors_ram is too large to fit in RAM1 memory segment)
                0x0000000020000000                __nrf_sections_run_load_start__ = ALIGN (__vectors_ram_end__, 0x4)

.nrf_sections_run
                0x0000000020000000        0x0
                0x0000000020000000                __nrf_sections_run_start__ = .
                0x0000000020000000                __start_nrf_sections_run = __nrf_sections_run_start__
 *(.nrf_sections_run .nrf_sections_run.*)
                0x0000000020000000                __nrf_sections_run_end__ = (__nrf_sections_run_start__ + SIZEOF (.nrf_sections_run))
                0x0000000000000000                __nrf_sections_run_size__ = SIZEOF (.nrf_sections_run)
                0x0000000020000000                __nrf_sections_run_load_end__ = __nrf_sections_run_end__
                0x0000000000000001                . = ASSERT (((__nrf_sections_run_start__ == __nrf_sections_run_end__) || ((__nrf_sections_run_end__ - __RAM1_segment_start__) <= __RAM1_segment_size__)), error: .nrf_sections_run is too large to fit in RAM1 memory segment)
                0x0000000000000000                __vectors_load_start__ = 0x0

.vectors        0x0000000000000000      0x200
                0x0000000000000000                __vectors_start__ = .
 *(.vectors .vectors.*)
 .vectors       0x0000000000000000      0x200 Output/uart_pca10040 Debug/Obj/ses_startup_nrf52.o
                0x0000000000000000                _vectors
                0x0000000000000200                __vectors_end__ = (__vectors_start__ + SIZEOF (.vectors))
                0x0000000000000200                __vectors_size__ = SIZEOF (.vectors)
                0x0000000000000200                __vectors_load_end__ = __vectors_end__
                0x0000000000000001                . = ASSERT (((__vectors_start__ == __vectors_end__) || ((__vectors_end__ - __FLASH_segment_start__) <= __FLASH_segment_size__)), error: .vectors is too large to fit in FLASH memory segment)
                0x0000000000000200                __init_load_start__ = ALIGN (__vectors_end__, 0x4)

.init           0x0000000000000200      0x1d0
                0x0000000000000200                __init_start__ = .
 *(.init .init.*)
 .init          0x0000000000000200      0x15c Output/uart_pca10040 Debug/Obj/thumb_crt0.o
                0x0000000000000200                _start
                0x00000000000002b4                exit
 .init          0x000000000000035c       0x18 Output/uart_pca10040 Debug/Obj/ses_startup_nrf52.o
                0x000000000000035c                NMI_Handler
                0x000000000000035e                HardFault_Handler
                0x0000000000000360                MemoryManagement_Handler
                0x0000000000000362                BusFault_Handler
                0x0000000000000364                UsageFault_Handler
                0x0000000000000366                SVC_Handler
                0x0000000000000368                DebugMon_Handler
                0x000000000000036a                PendSV_Handler
                0x000000000000036c                SysTick_Handler
                0x000000000000036e                POWER_CLOCK_IRQHandler
                0x000000000000036e                PWM1_IRQHandler
                0x000000000000036e                PDM_IRQHandler
                0x000000000000036e                TEMP_IRQHandler
                0x000000000000036e                RTC0_IRQHandler
                0x000000000000036e                FPU_IRQHandler
                0x000000000000036e                RADIO_IRQHandler
                0x000000000000036e                SWI2_EGU2_IRQHandler
                0x000000000000036e                TIMER4_IRQHandler
                0x000000000000036e                I2S_IRQHandler
                0x000000000000036e                SWI4_EGU4_IRQHandler
                0x000000000000036e                Dummy_Handler
                0x000000000000036e                TIMER1_IRQHandler
                0x000000000000036e                PWM2_IRQHandler
                0x000000000000036e                ECB_IRQHandler
                0x000000000000036e                SPIM1_SPIS1_TWIM1_TWIS1_SPI1_TWI1_IRQHandler
                0x000000000000036e                CCM_AAR_IRQHandler
                0x000000000000036e                WDT_IRQHandler
                0x000000000000036e                QDEC_IRQHandler
                0x000000000000036e                SWI5_EGU5_IRQHandler
                0x000000000000036e                RNG_IRQHandler
                0x000000000000036e                RTC2_IRQHandler
                0x000000000000036e                PWM0_IRQHandler
                0x000000000000036e                SWI3_EGU3_IRQHandler
                0x000000000000036e                SWI1_EGU1_IRQHandler
                0x000000000000036e                SPIM2_SPIS2_SPI2_IRQHandler
                0x000000000000036e                NFCT_IRQHandler
                0x000000000000036e                TIMER2_IRQHandler
                0x000000000000036e                MWU_IRQHandler
                0x000000000000036e                COMP_LPCOMP_IRQHandler
                0x0000000000000370                nRFInitialize
 .init          0x0000000000000374       0x5c Output/uart_pca10040 Debug/Obj/ses_startup_nrf_common.o
                0x0000000000000374                Reset_Handler
                0x0000000000000378                afterInitialize
                0x000000000000039c                InitializeUserMemorySections
                0x00000000000003d0                __init_end__ = (__init_start__ + SIZEOF (.init))
                0x00000000000001d0                __init_size__ = SIZEOF (.init)
                0x00000000000003d0                __init_load_end__ = __init_end__
                0x0000000000000001                . = ASSERT (((__init_start__ == __init_end__) || ((__init_end__ - __FLASH_segment_start__) <= __FLASH_segment_size__)), error: .init is too large to fit in FLASH memory segment)
                0x00000000000003d0                __init_rodata_load_start__ = ALIGN (__init_end__, 0x4)

.init_rodata    0x00000000000003d0        0x0
                0x00000000000003d0                __init_rodata_start__ = .
 *(.init_rodata .init_rodata.*)
                0x00000000000003d0                __init_rodata_end__ = (__init_rodata_start__ + SIZEOF (.init_rodata))
                0x0000000000000000                __init_rodata_size__ = SIZEOF (.init_rodata)
                0x00000000000003d0                __init_rodata_load_end__ = __init_rodata_end__
                0x0000000000000001                . = ASSERT (((__init_rodata_start__ == __init_rodata_end__) || ((__init_rodata_end__ - __FLASH_segment_start__) <= __FLASH_segment_size__)), error: .init_rodata is too large to fit in FLASH memory segment)
                0x00000000000003d0                __text_load_start__ = ALIGN (__init_rodata_end__, 0x4)

.text           0x00000000000003d0     0x880a
                0x00000000000003d0                __text_start__ = .
 *(.text .text.* .glue_7t .glue_7 .gnu.linkonce.t.* .gcc_except_table .ARM.extab* .gnu.linkonce.armextab.*)
 .glue_7        0x00000000000003d0        0x0 linker stubs
 .glue_7t       0x00000000000003d0        0x0 linker stubs
 .text.nrf_log_backend_put
                0x00000000000003d0       0x1c Output/uart_pca10040 Debug/Obj/nrf_log_frontend.o
 .text.nrf_log_backend_panic_set
                0x00000000000003ec       0x18 Output/uart_pca10040 Debug/Obj/nrf_log_frontend.o
 .text.nrf_log_backend_flush
                0x0000000000000404       0x18 Output/uart_pca10040 Debug/Obj/nrf_log_frontend.o
 .text.nrf_log_backend_enable
                0x000000000000041c       0x12 Output/uart_pca10040 Debug/Obj/nrf_log_frontend.o
 .text.nrf_log_backend_is_enabled
                0x000000000000042e       0x10 Output/uart_pca10040 Debug/Obj/nrf_log_frontend.o
 *fill*         0x000000000000043e        0x2 
 .text.nrf_log_module_cnt_get
                0x0000000000000440       0x14 Output/uart_pca10040 Debug/Obj/nrf_log_frontend.o
                0x0000000000000440                nrf_log_module_cnt_get
 .text.module_idx_get
                0x0000000000000454       0x64 Output/uart_pca10040 Debug/Obj/nrf_log_frontend.o
 .text.nrf_log_module_name_get
                0x00000000000004b8       0x40 Output/uart_pca10040 Debug/Obj/nrf_log_frontend.o
                0x00000000000004b8                nrf_log_module_name_get
 .text.nrf_log_color_id_get
                0x00000000000004f8       0x70 Output/uart_pca10040 Debug/Obj/nrf_log_frontend.o
                0x00000000000004f8                nrf_log_color_id_get
 .text.invalid_packets_omit
                0x0000000000000568       0x6e Output/uart_pca10040 Debug/Obj/nrf_log_frontend.o
 *fill*         0x00000000000005d6        0x2 
 .text.log_skip
                0x00000000000005d8      0x118 Output/uart_pca10040 Debug/Obj/nrf_log_frontend.o
 .text.dropped_sat16_get
                0x00000000000006f0       0x28 Output/uart_pca10040 Debug/Obj/nrf_log_frontend.o
 .text.std_header_set
                0x0000000000000718       0xb4 Output/uart_pca10040 Debug/Obj/nrf_log_frontend.o
 .text.buf_prealloc
                0x00000000000007cc      0x128 Output/uart_pca10040 Debug/Obj/nrf_log_frontend.o
 .text.std_n    0x00000000000008f4       0x94 Output/uart_pca10040 Debug/Obj/nrf_log_frontend.o
 .text.nrf_log_frontend_std_0
                0x0000000000000988       0x1c Output/uart_pca10040 Debug/Obj/nrf_log_frontend.o
                0x0000000000000988                nrf_log_frontend_std_0
 .text.nrf_log_frontend_std_1
                0x00000000000009a4       0x22 Output/uart_pca10040 Debug/Obj/nrf_log_frontend.o
                0x00000000000009a4                nrf_log_frontend_std_1
 .text.nrf_log_frontend_std_2
                0x00000000000009c6       0x28 Output/uart_pca10040 Debug/Obj/nrf_log_frontend.o
                0x00000000000009c6                nrf_log_frontend_std_2
 .text.nrf_log_frontend_std_5
                0x00000000000009ee       0x34 Output/uart_pca10040 Debug/Obj/nrf_log_frontend.o
                0x00000000000009ee                nrf_log_frontend_std_5
 *fill*         0x0000000000000a22        0x2 
 .text.buffer_is_empty
                0x0000000000000a24       0x1c Output/uart_pca10040 Debug/Obj/nrf_log_frontend.o
                0x0000000000000a24                buffer_is_empty
 .text.nrf_log_frontend_dequeue
                0x0000000000000a40      0x39c Output/uart_pca10040 Debug/Obj/nrf_log_frontend.o
                0x0000000000000a40                nrf_log_frontend_dequeue
 .text.nrf_log_panic
                0x0000000000000ddc       0x3c Output/uart_pca10040 Debug/Obj/nrf_log_frontend.o
                0x0000000000000ddc                nrf_log_panic
 .text.timestamp_print
                0x0000000000000e18        0xc Output/uart_pca10040 Debug/Obj/nrf_log_str_formatter.o
 .text.prefix_process
                0x0000000000000e24       0xb0 Output/uart_pca10040 Debug/Obj/nrf_log_str_formatter.o
 .text.postfix_process
                0x0000000000000ed4       0x60 Output/uart_pca10040 Debug/Obj/nrf_log_str_formatter.o
 .text.nrf_log_std_entry_process
                0x0000000000000f34      0x144 Output/uart_pca10040 Debug/Obj/nrf_log_str_formatter.o
                0x0000000000000f34                nrf_log_std_entry_process
 .text.nrf_log_hexdump_entry_process
                0x0000000000001078       0xf0 Output/uart_pca10040 Debug/Obj/nrf_log_str_formatter.o
                0x0000000000001078                nrf_log_hexdump_entry_process
 .text.nrfx_coredep_delay_us
                0x0000000000001168       0x30 Output/uart_pca10040 Debug/Obj/nrf_log_backend_rtt.o
 .text.nrf_delay_ms
                0x0000000000001198       0x2a Output/uart_pca10040 Debug/Obj/nrf_log_backend_rtt.o
 *fill*         0x00000000000011c2        0x2 
 .text.serial_tx
                0x00000000000011c4       0x84 Output/uart_pca10040 Debug/Obj/nrf_log_backend_rtt.o
 .text.nrf_log_backend_rtt_put
                0x0000000000001248       0x28 Output/uart_pca10040 Debug/Obj/nrf_log_backend_rtt.o
 .text.nrf_log_backend_rtt_flush
                0x0000000000001270        0xa Output/uart_pca10040 Debug/Obj/nrf_log_backend_rtt.o
 .text.nrf_log_backend_rtt_panic_set
                0x000000000000127a        0xa Output/uart_pca10040 Debug/Obj/nrf_log_backend_rtt.o
 .text.nrf_log_backend_serial_put
                0x0000000000001284      0x124 Output/uart_pca10040 Debug/Obj/nrf_log_backend_serial.o
                0x0000000000001284                nrf_log_backend_serial_put
 .text.nrf_drv_uart_uninit
                0x00000000000013a8       0x44 Output/uart_pca10040 Debug/Obj/nrf_log_backend_uart.o
 .text.nrf_drv_uart_tx
                0x00000000000013ec       0x64 Output/uart_pca10040 Debug/Obj/nrf_log_backend_uart.o
 .text.uart_evt_handler
                0x0000000000001450       0x18 Output/uart_pca10040 Debug/Obj/nrf_log_backend_uart.o
 .text.uart_init
                0x0000000000001468       0x88 Output/uart_pca10040 Debug/Obj/nrf_log_backend_uart.o
 .text.serial_tx
                0x00000000000014f0       0x6c Output/uart_pca10040 Debug/Obj/nrf_log_backend_uart.o
 .text.nrf_log_backend_uart_put
                0x000000000000155c       0x28 Output/uart_pca10040 Debug/Obj/nrf_log_backend_uart.o
 .text.nrf_log_backend_uart_flush
                0x0000000000001584        0xa Output/uart_pca10040 Debug/Obj/nrf_log_backend_uart.o
 *fill*         0x000000000000158e        0x2 
 .text.nrf_log_backend_uart_panic_set
                0x0000000000001590       0x20 Output/uart_pca10040 Debug/Obj/nrf_log_backend_uart.o
 .text.app_error_save_and_stop
                0x00000000000015b0       0x94 Output/uart_pca10040 Debug/Obj/app_error.o
                0x00000000000015b0                app_error_save_and_stop
 .text.app_error_handler
                0x0000000000001644       0x1c Output/uart_pca10040 Debug/Obj/app_error_handler_gcc.o
                0x0000000000001644                app_error_handler
 .text.app_error_fault_handler
                0x0000000000001660      0x104 Output/uart_pca10040 Debug/Obj/app_error_weak.o
                0x0000000000001660                app_error_fault_handler
 .text.fifo_length
                0x0000000000001764       0x18 Output/uart_pca10040 Debug/Obj/app_fifo.o
 .text.fifo_put
                0x000000000000177c       0x30 Output/uart_pca10040 Debug/Obj/app_fifo.o
 .text.fifo_peek
                0x00000000000017ac       0x2e Output/uart_pca10040 Debug/Obj/app_fifo.o
 .text.fifo_get
                0x00000000000017da       0x24 Output/uart_pca10040 Debug/Obj/app_fifo.o
 .text.app_fifo_init
                0x00000000000017fe       0x58 Output/uart_pca10040 Debug/Obj/app_fifo.o
                0x00000000000017fe                app_fifo_init
 .text.app_fifo_put
                0x0000000000001856       0x36 Output/uart_pca10040 Debug/Obj/app_fifo.o
                0x0000000000001856                app_fifo_put
 .text.app_fifo_get
                0x000000000000188c       0x2a Output/uart_pca10040 Debug/Obj/app_fifo.o
                0x000000000000188c                app_fifo_get
 *fill*         0x00000000000018b6        0x2 
 .text.nrf_drv_uart_tx
                0x00000000000018b8       0x64 Output/uart_pca10040 Debug/Obj/app_uart_fifo.o
 .text.nrf_drv_uart_tx_in_progress
                0x000000000000191c       0x5c Output/uart_pca10040 Debug/Obj/app_uart_fifo.o
 .text.nrf_drv_uart_rx
                0x0000000000001978       0x64 Output/uart_pca10040 Debug/Obj/app_uart_fifo.o
 .text.fifo_length
                0x00000000000019dc       0x18 Output/uart_pca10040 Debug/Obj/app_uart_fifo.o
 .text.uart_event_handler
                0x00000000000019f4      0x10c Output/uart_pca10040 Debug/Obj/app_uart_fifo.o
 .text.app_uart_init
                0x0000000000001b00      0x120 Output/uart_pca10040 Debug/Obj/app_uart_fifo.o
                0x0000000000001b00                app_uart_init
 .text.app_uart_get
                0x0000000000001c20       0x74 Output/uart_pca10040 Debug/Obj/app_uart_fifo.o
                0x0000000000001c20                app_uart_get
 .text.app_uart_put
                0x0000000000001c94       0x60 Output/uart_pca10040 Debug/Obj/app_uart_fifo.o
                0x0000000000001c94                app_uart_put
 .text.app_util_disable_irq
                0x0000000000001cf4       0x14 Output/uart_pca10040 Debug/Obj/app_util_platform.o
                0x0000000000001cf4                app_util_disable_irq
 .text.app_util_enable_irq
                0x0000000000001d08       0x1c Output/uart_pca10040 Debug/Obj/app_util_platform.o
                0x0000000000001d08                app_util_enable_irq
 .text.app_util_critical_region_enter
                0x0000000000001d24       0x28 Output/uart_pca10040 Debug/Obj/app_util_platform.o
                0x0000000000001d24                app_util_critical_region_enter
 .text.app_util_critical_region_exit
                0x0000000000001d4c       0x2c Output/uart_pca10040 Debug/Obj/app_util_platform.o
                0x0000000000001d4c                app_util_critical_region_exit
 .text.privilege_level_get
                0x0000000000001d78       0x3a Output/uart_pca10040 Debug/Obj/app_util_platform.o
                0x0000000000001d78                privilege_level_get
 .text.assert_nrf_callback
                0x0000000000001db2       0x2c Output/uart_pca10040 Debug/Obj/nrf_assert.o
                0x0000000000001db2                assert_nrf_callback
 .text.nrf_atomic_u32_fetch_store
                0x0000000000001dde       0x2e Output/uart_pca10040 Debug/Obj/nrf_atomic.o
                0x0000000000001dde                nrf_atomic_u32_fetch_store
 .text.nrf_atomic_u32_or
                0x0000000000001e0c       0x30 Output/uart_pca10040 Debug/Obj/nrf_atomic.o
                0x0000000000001e0c                nrf_atomic_u32_or
 .text.nrf_atomic_u32_fetch_and
                0x0000000000001e3c       0x30 Output/uart_pca10040 Debug/Obj/nrf_atomic.o
                0x0000000000001e3c                nrf_atomic_u32_fetch_and
 .text.nrf_atomic_u32_add
                0x0000000000001e6c       0x30 Output/uart_pca10040 Debug/Obj/nrf_atomic.o
                0x0000000000001e6c                nrf_atomic_u32_add
 .text.nrf_atomic_u32_sub
                0x0000000000001e9c       0x30 Output/uart_pca10040 Debug/Obj/nrf_atomic.o
                0x0000000000001e9c                nrf_atomic_u32_sub
 .text.nrf_atomic_flag_set
                0x0000000000001ecc       0x18 Output/uart_pca10040 Debug/Obj/nrf_atomic.o
                0x0000000000001ecc                nrf_atomic_flag_set
 .text.nrf_atomic_flag_clear_fetch
                0x0000000000001ee4       0x18 Output/uart_pca10040 Debug/Obj/nrf_atomic.o
                0x0000000000001ee4                nrf_atomic_flag_clear_fetch
 .text.nrf_balloc_idx2block
                0x0000000000001efc       0x38 Output/uart_pca10040 Debug/Obj/nrf_balloc.o
 .text.nrf_balloc_block2idx
                0x0000000000001f34       0x34 Output/uart_pca10040 Debug/Obj/nrf_balloc.o
 .text.nrf_balloc_alloc
                0x0000000000001f68       0x84 Output/uart_pca10040 Debug/Obj/nrf_balloc.o
                0x0000000000001f68                nrf_balloc_alloc
 .text.nrf_balloc_free
                0x0000000000001fec       0x58 Output/uart_pca10040 Debug/Obj/nrf_balloc.o
                0x0000000000001fec                nrf_balloc_free
 .text.nrf_fprintf_buffer_flush
                0x0000000000002044       0x44 Output/uart_pca10040 Debug/Obj/nrf_fprintf.o
                0x0000000000002044                nrf_fprintf_buffer_flush
 .text.nrf_fprintf
                0x0000000000002088       0x74 Output/uart_pca10040 Debug/Obj/nrf_fprintf.o
                0x0000000000002088                nrf_fprintf
 .text.buffer_add
                0x00000000000020fc       0x4c Output/uart_pca10040 Debug/Obj/nrf_fprintf_format.o
 .text.string_print
                0x0000000000002148       0xc2 Output/uart_pca10040 Debug/Obj/nrf_fprintf_format.o
 *fill*         0x000000000000220a        0x2 
 .text.unsigned_print
                0x000000000000220c      0x130 Output/uart_pca10040 Debug/Obj/nrf_fprintf_format.o
 .text.int_print
                0x000000000000233c      0x11c Output/uart_pca10040 Debug/Obj/nrf_fprintf_format.o
 .text.nrf_fprintf_fmt
                0x0000000000002458      0x43c Output/uart_pca10040 Debug/Obj/nrf_fprintf_format.o
                0x0000000000002458                nrf_fprintf_fmt
 .text.nrf_memobj_alloc
                0x0000000000002894       0xae Output/uart_pca10040 Debug/Obj/nrf_memobj.o
                0x0000000000002894                nrf_memobj_alloc
 .text.nrf_memobj_free
                0x0000000000002942       0x72 Output/uart_pca10040 Debug/Obj/nrf_memobj.o
                0x0000000000002942                nrf_memobj_free
 .text.nrf_memobj_get
                0x00000000000029b4       0x1e Output/uart_pca10040 Debug/Obj/nrf_memobj.o
                0x00000000000029b4                nrf_memobj_get
 .text.nrf_memobj_put
                0x00000000000029d2       0x34 Output/uart_pca10040 Debug/Obj/nrf_memobj.o
                0x00000000000029d2                nrf_memobj_put
 *fill*         0x0000000000002a06        0x2 
 .text.memobj_op
                0x0000000000002a08      0x124 Output/uart_pca10040 Debug/Obj/nrf_memobj.o
 .text.nrf_memobj_write
                0x0000000000002b2c       0x3c Output/uart_pca10040 Debug/Obj/nrf_memobj.o
                0x0000000000002b2c                nrf_memobj_write
 .text.nrf_memobj_read
                0x0000000000002b68       0x40 Output/uart_pca10040 Debug/Obj/nrf_memobj.o
                0x0000000000002b68                nrf_memobj_read
 .text.nrf_strerror_get
                0x0000000000002ba8       0x28 Output/uart_pca10040 Debug/Obj/nrf_strerror.o
                0x0000000000002ba8                nrf_strerror_get
 .text.nrf_strerror_find
                0x0000000000002bd0       0x68 Output/uart_pca10040 Debug/Obj/nrf_strerror.o
                0x0000000000002bd0                nrf_strerror_find
 .text.__putchar
                0x0000000000002c38       0x1c Output/uart_pca10040 Debug/Obj/retarget.o
                0x0000000000002c38                __putchar
 .text.__NVIC_EnableIRQ
                0x0000000000002c54       0x34 Output/uart_pca10040 Debug/Obj/app_timer.o
 .text.__NVIC_DisableIRQ
                0x0000000000002c88       0x40 Output/uart_pca10040 Debug/Obj/app_timer.o
 .text.__NVIC_SetPendingIRQ
                0x0000000000002cc8       0x38 Output/uart_pca10040 Debug/Obj/app_timer.o
 .text.__NVIC_ClearPendingIRQ
                0x0000000000002d00       0x38 Output/uart_pca10040 Debug/Obj/app_timer.o
 .text.nrfx_coredep_delay_us
                0x0000000000002d38       0x30 Output/uart_pca10040 Debug/Obj/app_timer.o
 .text.rtc1_start
                0x0000000000002d68       0x40 Output/uart_pca10040 Debug/Obj/app_timer.o
 .text.rtc1_stop
                0x0000000000002da8       0x50 Output/uart_pca10040 Debug/Obj/app_timer.o
 .text.rtc1_counter_get
                0x0000000000002df8       0x10 Output/uart_pca10040 Debug/Obj/app_timer.o
 .text.ticks_diff_get
                0x0000000000002e08       0x16 Output/uart_pca10040 Debug/Obj/app_timer.o
 *fill*         0x0000000000002e1e        0x2 
 .text.rtc1_compare0_set
                0x0000000000002e20       0x18 Output/uart_pca10040 Debug/Obj/app_timer.o
 .text.timer_list_insert
                0x0000000000002e38       0xac Output/uart_pca10040 Debug/Obj/app_timer.o
 .text.timer_list_remove
                0x0000000000002ee4       0xc0 Output/uart_pca10040 Debug/Obj/app_timer.o
 .text.timer_timeouts_check_sched
                0x0000000000002fa4        0xc Output/uart_pca10040 Debug/Obj/app_timer.o
 .text.timer_list_handler_sched
                0x0000000000002fb0        0xc Output/uart_pca10040 Debug/Obj/app_timer.o
 .text.timeout_handler_exec
                0x0000000000002fbc       0x1a Output/uart_pca10040 Debug/Obj/app_timer.o
 *fill*         0x0000000000002fd6        0x2 
 .text.timer_timeouts_check
                0x0000000000002fd8       0xc8 Output/uart_pca10040 Debug/Obj/app_timer.o
 .text.elapsed_ticks_acquire
                0x00000000000030a0       0x78 Output/uart_pca10040 Debug/Obj/app_timer.o
 .text.expired_timers_handler
                0x0000000000003118       0x94 Output/uart_pca10040 Debug/Obj/app_timer.o
 .text.list_insertions_handler
                0x00000000000031ac      0x1bc Output/uart_pca10040 Debug/Obj/app_timer.o
 .text.compare_reg_update
                0x0000000000003368       0xb0 Output/uart_pca10040 Debug/Obj/app_timer.o
 .text.timer_list_handler
                0x0000000000003418       0x80 Output/uart_pca10040 Debug/Obj/app_timer.o
 .text.RTC1_IRQHandler
                0x0000000000003498       0x40 Output/uart_pca10040 Debug/Obj/app_timer.o
                0x0000000000003498                RTC1_IRQHandler
 .text.SWI0_EGU0_IRQHandler
                0x00000000000034d8        0xa Output/uart_pca10040 Debug/Obj/app_timer.o
                0x00000000000034d8                SWI0_EGU0_IRQHandler
 *fill*         0x00000000000034e2        0x2 
 .text.uarte_evt_handler
                0x00000000000034e4       0x50 Output/uart_pca10040 Debug/Obj/nrf_drv_uart.o
 .text.uart_evt_handler
                0x0000000000003534       0x50 Output/uart_pca10040 Debug/Obj/nrf_drv_uart.o
 .text.nrf_drv_uart_init
                0x0000000000003584       0xc0 Output/uart_pca10040 Debug/Obj/nrf_drv_uart.o
                0x0000000000003584                nrf_drv_uart_init
 .text.UARTE0_UART0_IRQHandler
                0x0000000000003644       0x24 Output/uart_pca10040 Debug/Obj/nrfx_prs.o
                0x0000000000003644                UARTE0_UART0_IRQHandler
 .text.prs_box_get
                0x0000000000003668       0x20 Output/uart_pca10040 Debug/Obj/nrfx_prs.o
 .text.nrfx_prs_acquire
                0x0000000000003688       0x74 Output/uart_pca10040 Debug/Obj/nrfx_prs.o
                0x0000000000003688                nrfx_prs_acquire
 .text.nrfx_prs_release
                0x00000000000036fc       0x3c Output/uart_pca10040 Debug/Obj/nrfx_prs.o
                0x00000000000036fc                nrfx_prs_release
 .text.__NVIC_EnableIRQ
                0x0000000000003738       0x34 Output/uart_pca10040 Debug/Obj/nrfx_uart.o
 .text.__NVIC_DisableIRQ
                0x000000000000376c       0x40 Output/uart_pca10040 Debug/Obj/nrfx_uart.o
 .text.__NVIC_SetPriority
                0x00000000000037ac       0x50 Output/uart_pca10040 Debug/Obj/nrfx_uart.o
 .text.nrfx_get_irq_number
                0x00000000000037fc       0x10 Output/uart_pca10040 Debug/Obj/nrfx_uart.o
 .text._NRFX_IRQ_PRIORITY_SET
                0x000000000000380c       0x40 Output/uart_pca10040 Debug/Obj/nrfx_uart.o
 .text._NRFX_IRQ_ENABLE
                0x000000000000384c       0x1c Output/uart_pca10040 Debug/Obj/nrfx_uart.o
 .text._NRFX_IRQ_DISABLE
                0x0000000000003868       0x1c Output/uart_pca10040 Debug/Obj/nrfx_uart.o
 .text.nrf_uart_event_clear
                0x0000000000003884       0x2a Output/uart_pca10040 Debug/Obj/nrfx_uart.o
 .text.nrf_uart_event_check
                0x00000000000038ae       0x24 Output/uart_pca10040 Debug/Obj/nrfx_uart.o
 .text.nrf_uart_int_enable
                0x00000000000038d2       0x14 Output/uart_pca10040 Debug/Obj/nrfx_uart.o
 .text.nrf_uart_int_enable_check
                0x00000000000038e6       0x20 Output/uart_pca10040 Debug/Obj/nrfx_uart.o
 .text.nrf_uart_int_disable
                0x0000000000003906       0x14 Output/uart_pca10040 Debug/Obj/nrfx_uart.o
 .text.nrf_uart_errorsrc_get_and_clear
                0x000000000000391a       0x1c Output/uart_pca10040 Debug/Obj/nrfx_uart.o
 .text.nrf_uart_enable
                0x0000000000003936       0x12 Output/uart_pca10040 Debug/Obj/nrfx_uart.o
 .text.nrf_uart_disable
                0x0000000000003948       0x12 Output/uart_pca10040 Debug/Obj/nrfx_uart.o
 .text.nrf_uart_txrx_pins_set
                0x000000000000395a       0x1e Output/uart_pca10040 Debug/Obj/nrfx_uart.o
 .text.nrf_uart_txrx_pins_disconnect
                0x0000000000003978       0x1c Output/uart_pca10040 Debug/Obj/nrfx_uart.o
 .text.nrf_uart_tx_pin_get
                0x0000000000003994       0x10 Output/uart_pca10040 Debug/Obj/nrfx_uart.o
 .text.nrf_uart_rx_pin_get
                0x00000000000039a4       0x10 Output/uart_pca10040 Debug/Obj/nrfx_uart.o
 .text.nrf_uart_rts_pin_get
                0x00000000000039b4       0x10 Output/uart_pca10040 Debug/Obj/nrfx_uart.o
 .text.nrf_uart_cts_pin_get
                0x00000000000039c4       0x10 Output/uart_pca10040 Debug/Obj/nrfx_uart.o
 .text.nrf_uart_hwfc_pins_set
                0x00000000000039d4       0x1e Output/uart_pca10040 Debug/Obj/nrfx_uart.o
 .text.nrf_uart_hwfc_pins_disconnect
                0x00000000000039f2       0x1c Output/uart_pca10040 Debug/Obj/nrfx_uart.o
 .text.nrf_uart_rxd_get
                0x0000000000003a0e       0x12 Output/uart_pca10040 Debug/Obj/nrfx_uart.o
 .text.nrf_uart_txd_set
                0x0000000000003a20       0x1a Output/uart_pca10040 Debug/Obj/nrfx_uart.o
 .text.nrf_uart_task_trigger
                0x0000000000003a3a       0x1c Output/uart_pca10040 Debug/Obj/nrfx_uart.o
 .text.nrf_uart_configure
                0x0000000000003a56       0x2a Output/uart_pca10040 Debug/Obj/nrfx_uart.o
 .text.nrf_uart_baudrate_set
                0x0000000000003a80       0x14 Output/uart_pca10040 Debug/Obj/nrfx_uart.o
 .text.nrf_gpio_pin_port_decode
                0x0000000000003a94       0x30 Output/uart_pca10040 Debug/Obj/nrfx_uart.o
 .text.nrf_gpio_cfg
                0x0000000000003ac4       0x62 Output/uart_pca10040 Debug/Obj/nrfx_uart.o
 .text.nrf_gpio_cfg_output
                0x0000000000003b26       0x22 Output/uart_pca10040 Debug/Obj/nrfx_uart.o
 .text.nrf_gpio_cfg_input
                0x0000000000003b48       0x2c Output/uart_pca10040 Debug/Obj/nrfx_uart.o
 .text.nrf_gpio_cfg_default
                0x0000000000003b74       0x22 Output/uart_pca10040 Debug/Obj/nrfx_uart.o
 .text.nrf_gpio_pin_set
                0x0000000000003b96       0x28 Output/uart_pca10040 Debug/Obj/nrfx_uart.o
 .text.nrf_gpio_port_out_set
                0x0000000000003bbe       0x14 Output/uart_pca10040 Debug/Obj/nrfx_uart.o
 .text.nrf_gpio_pin_present_check
                0x0000000000003bd2       0x40 Output/uart_pca10040 Debug/Obj/nrfx_uart.o
 .text.apply_config
                0x0000000000003c12       0xc6 Output/uart_pca10040 Debug/Obj/nrfx_uart.o
 .text.interrupts_enable
                0x0000000000003cd8       0x6c Output/uart_pca10040 Debug/Obj/nrfx_uart.o
 .text.interrupts_disable
                0x0000000000003d44       0x30 Output/uart_pca10040 Debug/Obj/nrfx_uart.o
 .text.pins_to_default
                0x0000000000003d74       0x8a Output/uart_pca10040 Debug/Obj/nrfx_uart.o
 *fill*         0x0000000000003dfe        0x2 
 .text.nrfx_uart_init
                0x0000000000003e00       0xd4 Output/uart_pca10040 Debug/Obj/nrfx_uart.o
                0x0000000000003e00                nrfx_uart_init
 .text.nrfx_uart_uninit
                0x0000000000003ed4       0x5c Output/uart_pca10040 Debug/Obj/nrfx_uart.o
                0x0000000000003ed4                nrfx_uart_uninit
 .text.tx_byte  0x0000000000003f30       0x40 Output/uart_pca10040 Debug/Obj/nrfx_uart.o
 .text.tx_blocking
                0x0000000000003f70       0x52 Output/uart_pca10040 Debug/Obj/nrfx_uart.o
 *fill*         0x0000000000003fc2        0x2 
 .text.nrfx_uart_tx
                0x0000000000003fc4      0x110 Output/uart_pca10040 Debug/Obj/nrfx_uart.o
                0x0000000000003fc4                nrfx_uart_tx
 .text.nrfx_uart_tx_in_progress
                0x00000000000040d4       0x2c Output/uart_pca10040 Debug/Obj/nrfx_uart.o
                0x00000000000040d4                nrfx_uart_tx_in_progress
 .text.rx_enable
                0x0000000000004100       0x36 Output/uart_pca10040 Debug/Obj/nrfx_uart.o
 .text.rx_byte  0x0000000000004136       0x4e Output/uart_pca10040 Debug/Obj/nrfx_uart.o
 .text.nrfx_uart_rx
                0x0000000000004184      0x21c Output/uart_pca10040 Debug/Obj/nrfx_uart.o
                0x0000000000004184                nrfx_uart_rx
 .text.rx_done_event
                0x00000000000043a0       0x2e Output/uart_pca10040 Debug/Obj/nrfx_uart.o
 .text.tx_done_event
                0x00000000000043ce       0x34 Output/uart_pca10040 Debug/Obj/nrfx_uart.o
 .text.uart_irq_handler
                0x0000000000004402      0x1de Output/uart_pca10040 Debug/Obj/nrfx_uart.o
 .text.nrfx_uart_0_irq_handler
                0x00000000000045e0       0x18 Output/uart_pca10040 Debug/Obj/nrfx_uart.o
                0x00000000000045e0                nrfx_uart_0_irq_handler
 .text.__NVIC_EnableIRQ
                0x00000000000045f8       0x34 Output/uart_pca10040 Debug/Obj/nrfx_uarte.o
 .text.__NVIC_DisableIRQ
                0x000000000000462c       0x40 Output/uart_pca10040 Debug/Obj/nrfx_uarte.o
 .text.__NVIC_SetPriority
                0x000000000000466c       0x50 Output/uart_pca10040 Debug/Obj/nrfx_uarte.o
 .text.nrfx_is_in_ram
                0x00000000000046bc       0x1c Output/uart_pca10040 Debug/Obj/nrfx_uarte.o
 .text.nrfx_get_irq_number
                0x00000000000046d8       0x10 Output/uart_pca10040 Debug/Obj/nrfx_uarte.o
 .text._NRFX_IRQ_PRIORITY_SET
                0x00000000000046e8       0x40 Output/uart_pca10040 Debug/Obj/nrfx_uarte.o
 .text._NRFX_IRQ_ENABLE
                0x0000000000004728       0x1c Output/uart_pca10040 Debug/Obj/nrfx_uarte.o
 .text._NRFX_IRQ_DISABLE
                0x0000000000004744       0x1c Output/uart_pca10040 Debug/Obj/nrfx_uarte.o
 .text.nrf_uarte_event_clear
                0x0000000000004760       0x2a Output/uart_pca10040 Debug/Obj/nrfx_uarte.o
 .text.nrf_uarte_event_check
                0x000000000000478a       0x24 Output/uart_pca10040 Debug/Obj/nrfx_uarte.o
 .text.nrf_uarte_shorts_enable
                0x00000000000047ae       0x1c Output/uart_pca10040 Debug/Obj/nrfx_uarte.o
 .text.nrf_uarte_shorts_disable
                0x00000000000047ca       0x1e Output/uart_pca10040 Debug/Obj/nrfx_uarte.o
 .text.nrf_uarte_int_enable
                0x00000000000047e8       0x14 Output/uart_pca10040 Debug/Obj/nrfx_uarte.o
 .text.nrf_uarte_int_disable
                0x00000000000047fc       0x14 Output/uart_pca10040 Debug/Obj/nrfx_uarte.o
 .text.nrf_uarte_errorsrc_get_and_clear
                0x0000000000004810       0x1c Output/uart_pca10040 Debug/Obj/nrfx_uarte.o
 .text.nrf_uarte_enable
                0x000000000000482c       0x12 Output/uart_pca10040 Debug/Obj/nrfx_uarte.o
 .text.nrf_uarte_disable
                0x000000000000483e       0x12 Output/uart_pca10040 Debug/Obj/nrfx_uarte.o
 .text.nrf_uarte_txrx_pins_set
                0x0000000000004850       0x1e Output/uart_pca10040 Debug/Obj/nrfx_uarte.o
 .text.nrf_uarte_txrx_pins_disconnect
                0x000000000000486e       0x1c Output/uart_pca10040 Debug/Obj/nrfx_uarte.o
 .text.nrf_uarte_tx_pin_get
                0x000000000000488a       0x10 Output/uart_pca10040 Debug/Obj/nrfx_uarte.o
 .text.nrf_uarte_rx_pin_get
                0x000000000000489a       0x10 Output/uart_pca10040 Debug/Obj/nrfx_uarte.o
 .text.nrf_uarte_rts_pin_get
                0x00000000000048aa       0x10 Output/uart_pca10040 Debug/Obj/nrfx_uarte.o
 .text.nrf_uarte_cts_pin_get
                0x00000000000048ba       0x10 Output/uart_pca10040 Debug/Obj/nrfx_uarte.o
 .text.nrf_uarte_hwfc_pins_set
                0x00000000000048ca       0x1e Output/uart_pca10040 Debug/Obj/nrfx_uarte.o
 .text.nrf_uarte_hwfc_pins_disconnect
                0x00000000000048e8       0x1c Output/uart_pca10040 Debug/Obj/nrfx_uarte.o
 .text.nrf_uarte_task_trigger
                0x0000000000004904       0x1c Output/uart_pca10040 Debug/Obj/nrfx_uarte.o
 .text.nrf_uarte_configure
                0x0000000000004920       0x2a Output/uart_pca10040 Debug/Obj/nrfx_uarte.o
 .text.nrf_uarte_baudrate_set
                0x000000000000494a       0x14 Output/uart_pca10040 Debug/Obj/nrfx_uarte.o
 .text.nrf_uarte_tx_buffer_set
                0x000000000000495e       0x1e Output/uart_pca10040 Debug/Obj/nrfx_uarte.o
 .text.nrf_uarte_tx_amount_get
                0x000000000000497c       0x10 Output/uart_pca10040 Debug/Obj/nrfx_uarte.o
 .text.nrf_uarte_rx_buffer_set
                0x000000000000498c       0x1e Output/uart_pca10040 Debug/Obj/nrfx_uarte.o
 .text.nrf_uarte_rx_amount_get
                0x00000000000049aa       0x10 Output/uart_pca10040 Debug/Obj/nrfx_uarte.o
 *fill*         0x00000000000049ba        0x2 
 .text.nrf_gpio_pin_port_decode
                0x00000000000049bc       0x30 Output/uart_pca10040 Debug/Obj/nrfx_uarte.o
 .text.nrf_gpio_cfg
                0x00000000000049ec       0x62 Output/uart_pca10040 Debug/Obj/nrfx_uarte.o
 .text.nrf_gpio_cfg_output
                0x0000000000004a4e       0x22 Output/uart_pca10040 Debug/Obj/nrfx_uarte.o
 .text.nrf_gpio_cfg_input
                0x0000000000004a70       0x2c Output/uart_pca10040 Debug/Obj/nrfx_uarte.o
 .text.nrf_gpio_cfg_default
                0x0000000000004a9c       0x22 Output/uart_pca10040 Debug/Obj/nrfx_uarte.o
 .text.nrf_gpio_pin_set
                0x0000000000004abe       0x28 Output/uart_pca10040 Debug/Obj/nrfx_uarte.o
 .text.nrf_gpio_port_out_set
                0x0000000000004ae6       0x14 Output/uart_pca10040 Debug/Obj/nrfx_uarte.o
 .text.nrf_gpio_pin_present_check
                0x0000000000004afa       0x40 Output/uart_pca10040 Debug/Obj/nrfx_uarte.o
 .text.apply_config
                0x0000000000004b3a       0xc6 Output/uart_pca10040 Debug/Obj/nrfx_uarte.o
 .text.interrupts_enable
                0x0000000000004c00       0x98 Output/uart_pca10040 Debug/Obj/nrfx_uarte.o
 .text.interrupts_disable
                0x0000000000004c98       0x30 Output/uart_pca10040 Debug/Obj/nrfx_uarte.o
 .text.pins_to_default
                0x0000000000004cc8       0x8a Output/uart_pca10040 Debug/Obj/nrfx_uarte.o
 *fill*         0x0000000000004d52        0x2 
 .text.nrfx_uarte_init
                0x0000000000004d54       0xcc Output/uart_pca10040 Debug/Obj/nrfx_uarte.o
                0x0000000000004d54                nrfx_uarte_init
 .text.nrfx_uarte_uninit
                0x0000000000004e20       0xc4 Output/uart_pca10040 Debug/Obj/nrfx_uarte.o
                0x0000000000004e20                nrfx_uarte_uninit
 .text.nrfx_uarte_tx
                0x0000000000004ee4      0x17c Output/uart_pca10040 Debug/Obj/nrfx_uarte.o
                0x0000000000004ee4                nrfx_uarte_tx
 .text.nrfx_uarte_tx_in_progress
                0x0000000000005060       0x30 Output/uart_pca10040 Debug/Obj/nrfx_uarte.o
                0x0000000000005060                nrfx_uarte_tx_in_progress
 .text.nrfx_uarte_rx
                0x0000000000005090      0x23c Output/uart_pca10040 Debug/Obj/nrfx_uarte.o
                0x0000000000005090                nrfx_uarte_rx
 .text.rx_done_event
                0x00000000000052cc       0x2e Output/uart_pca10040 Debug/Obj/nrfx_uarte.o
 .text.tx_done_event
                0x00000000000052fa       0x34 Output/uart_pca10040 Debug/Obj/nrfx_uarte.o
 .text.uarte_irq_handler
                0x000000000000532e      0x18c Output/uart_pca10040 Debug/Obj/nrfx_uarte.o
 *fill*         0x00000000000054ba        0x2 
 .text.nrfx_uarte_0_irq_handler
                0x00000000000054bc       0x18 Output/uart_pca10040 Debug/Obj/nrfx_uarte.o
                0x00000000000054bc                nrfx_uarte_0_irq_handler
 .text.__NVIC_EnableIRQ
                0x00000000000054d4       0x34 Output/uart_pca10040 Debug/Obj/nrfx_gpiote.o
 .text.__NVIC_SetPriority
                0x0000000000005508       0x50 Output/uart_pca10040 Debug/Obj/nrfx_gpiote.o
 .text.nrfx_get_irq_number
                0x0000000000005558       0x10 Output/uart_pca10040 Debug/Obj/nrfx_gpiote.o
 .text._NRFX_IRQ_PRIORITY_SET
                0x0000000000005568       0x40 Output/uart_pca10040 Debug/Obj/nrfx_gpiote.o
 .text._NRFX_IRQ_ENABLE
                0x00000000000055a8       0x1c Output/uart_pca10040 Debug/Obj/nrfx_gpiote.o
 .text.nrf_gpiote_event_is_set
                0x00000000000055c4       0x2a Output/uart_pca10040 Debug/Obj/nrfx_gpiote.o
 .text.nrf_gpiote_event_clear
                0x00000000000055ee       0x36 Output/uart_pca10040 Debug/Obj/nrfx_gpiote.o
 .text.nrf_gpiote_event_addr_get
                0x0000000000005624       0x1a Output/uart_pca10040 Debug/Obj/nrfx_gpiote.o
 *fill*         0x000000000000563e        0x2 
 .text.nrf_gpiote_int_enable
                0x0000000000005640       0x18 Output/uart_pca10040 Debug/Obj/nrfx_gpiote.o
 .text.nrf_gpiote_int_is_enabled
                0x0000000000005658       0x18 Output/uart_pca10040 Debug/Obj/nrfx_gpiote.o
 .text.nrf_gpiote_event_pin_get
                0x0000000000005670       0x20 Output/uart_pca10040 Debug/Obj/nrfx_gpiote.o
 .text.nrf_gpiote_event_polarity_get
                0x0000000000005690       0x24 Output/uart_pca10040 Debug/Obj/nrfx_gpiote.o
 .text.nrf_gpiote_task_configure
                0x00000000000056b4       0x7c Output/uart_pca10040 Debug/Obj/nrfx_gpiote.o
 .text.nrf_gpio_pin_port_decode
                0x0000000000005730       0x30 Output/uart_pca10040 Debug/Obj/nrfx_gpiote.o
 .text.nrf_gpio_cfg
                0x0000000000005760       0x62 Output/uart_pca10040 Debug/Obj/nrfx_gpiote.o
 .text.nrf_gpio_cfg_output
                0x00000000000057c2       0x22 Output/uart_pca10040 Debug/Obj/nrfx_gpiote.o
 .text.nrf_gpio_cfg_sense_set
                0x00000000000057e4       0x5c Output/uart_pca10040 Debug/Obj/nrfx_gpiote.o
 .text.nrf_gpio_pin_set
                0x0000000000005840       0x28 Output/uart_pca10040 Debug/Obj/nrfx_gpiote.o
 .text.nrf_gpio_pin_clear
                0x0000000000005868       0x28 Output/uart_pca10040 Debug/Obj/nrfx_gpiote.o
 .text.nrf_gpio_pin_sense_get
                0x0000000000005890       0x2c Output/uart_pca10040 Debug/Obj/nrfx_gpiote.o
 .text.nrf_gpio_port_out_set
                0x00000000000058bc       0x14 Output/uart_pca10040 Debug/Obj/nrfx_gpiote.o
 .text.nrf_gpio_port_out_clear
                0x00000000000058d0       0x14 Output/uart_pca10040 Debug/Obj/nrfx_gpiote.o
 .text.nrf_gpio_latches_read_and_clear
                0x00000000000058e4       0x5a Output/uart_pca10040 Debug/Obj/nrfx_gpiote.o
 .text.nrf_gpio_pin_latch_clear
                0x000000000000593e       0x28 Output/uart_pca10040 Debug/Obj/nrfx_gpiote.o
 .text.nrf_gpio_pin_present_check
                0x0000000000005966       0x40 Output/uart_pca10040 Debug/Obj/nrfx_gpiote.o
 .text.nrf_bitmask_bit_is_set
                0x00000000000059a6       0x30 Output/uart_pca10040 Debug/Obj/nrfx_gpiote.o
 .text.nrf_bitmask_bit_set
                0x00000000000059d6       0x40 Output/uart_pca10040 Debug/Obj/nrfx_gpiote.o
 *fill*         0x0000000000005a16        0x2 
 .text.pin_in_use
                0x0000000000005a18       0x28 Output/uart_pca10040 Debug/Obj/nrfx_gpiote.o
 .text.pin_in_use_by_te
                0x0000000000005a40       0x3c Output/uart_pca10040 Debug/Obj/nrfx_gpiote.o
 .text.pin_in_use_by_te_set
                0x0000000000005a7c       0x50 Output/uart_pca10040 Debug/Obj/nrfx_gpiote.o
 .text.pin_in_use_set
                0x0000000000005acc       0x1c Output/uart_pca10040 Debug/Obj/nrfx_gpiote.o
 .text.pin_in_use_clear
                0x0000000000005ae8       0x1c Output/uart_pca10040 Debug/Obj/nrfx_gpiote.o
 .text.pin_configured_set
                0x0000000000005b04       0x1c Output/uart_pca10040 Debug/Obj/nrfx_gpiote.o
 .text.channel_port_get
                0x0000000000005b20       0x1c Output/uart_pca10040 Debug/Obj/nrfx_gpiote.o
 .text.channel_handler_get
                0x0000000000005b3c       0x18 Output/uart_pca10040 Debug/Obj/nrfx_gpiote.o
 .text.port_handler_pin_get
                0x0000000000005b54       0x28 Output/uart_pca10040 Debug/Obj/nrfx_gpiote.o
 .text.port_handler_polarity_get
                0x0000000000005b7c       0x28 Output/uart_pca10040 Debug/Obj/nrfx_gpiote.o
 .text.channel_port_alloc
                0x0000000000005ba4       0x7c Output/uart_pca10040 Debug/Obj/nrfx_gpiote.o
 .text.channel_free
                0x0000000000005c20       0x38 Output/uart_pca10040 Debug/Obj/nrfx_gpiote.o
 .text.nrfx_gpiote_init
                0x0000000000005c58       0xc8 Output/uart_pca10040 Debug/Obj/nrfx_gpiote.o
                0x0000000000005c58                nrfx_gpiote_init
 .text.nrfx_gpiote_out_init
                0x0000000000005d20       0xd4 Output/uart_pca10040 Debug/Obj/nrfx_gpiote.o
                0x0000000000005d20                nrfx_gpiote_out_init
 .text.nrfx_gpiote_out_set
                0x0000000000005df4       0x60 Output/uart_pca10040 Debug/Obj/nrfx_gpiote.o
                0x0000000000005df4                nrfx_gpiote_out_set
 .text.nrfx_gpiote_out_clear
                0x0000000000005e54       0x60 Output/uart_pca10040 Debug/Obj/nrfx_gpiote.o
                0x0000000000005e54                nrfx_gpiote_out_clear
 .text.latch_pending_read_and_check
                0x0000000000005eb4       0x3e Output/uart_pca10040 Debug/Obj/nrfx_gpiote.o
 *fill*         0x0000000000005ef2        0x2 
 .text.port_event_handle
                0x0000000000005ef4       0xe4 Output/uart_pca10040 Debug/Obj/nrfx_gpiote.o
 .text.GPIOTE_IRQHandler
                0x0000000000005fd8      0x104 Output/uart_pca10040 Debug/Obj/nrfx_gpiote.o
                0x0000000000005fd8                GPIOTE_IRQHandler
 .text.__NVIC_EnableIRQ
                0x00000000000060dc       0x34 Output/uart_pca10040 Debug/Obj/nrfx_saadc.o
 .text.__NVIC_SetPriority
                0x0000000000006110       0x50 Output/uart_pca10040 Debug/Obj/nrfx_saadc.o
 .text._NRFX_IRQ_PRIORITY_SET
                0x0000000000006160       0x40 Output/uart_pca10040 Debug/Obj/nrfx_saadc.o
 .text._NRFX_IRQ_ENABLE
                0x00000000000061a0       0x1c Output/uart_pca10040 Debug/Obj/nrfx_saadc.o
 .text.nrf_saadc_task_trigger
                0x00000000000061bc       0x1e Output/uart_pca10040 Debug/Obj/nrfx_saadc.o
 .text.nrf_saadc_event_check
                0x00000000000061da       0x26 Output/uart_pca10040 Debug/Obj/nrfx_saadc.o
 .text.nrf_saadc_event_clear
                0x0000000000006200       0x30 Output/uart_pca10040 Debug/Obj/nrfx_saadc.o
 .text.nrf_saadc_channel_input_set
                0x0000000000006230       0x44 Output/uart_pca10040 Debug/Obj/nrfx_saadc.o
 .text.nrf_saadc_int_enable
                0x0000000000006274       0x18 Output/uart_pca10040 Debug/Obj/nrfx_saadc.o
 .text.nrf_saadc_int_disable
                0x000000000000628c       0x18 Output/uart_pca10040 Debug/Obj/nrfx_saadc.o
 .text.nrf_saadc_enable
                0x00000000000062a4       0x10 Output/uart_pca10040 Debug/Obj/nrfx_saadc.o
 .text.nrf_saadc_disable
                0x00000000000062b4       0x10 Output/uart_pca10040 Debug/Obj/nrfx_saadc.o
 .text.nrf_saadc_buffer_init
                0x00000000000062c4       0x20 Output/uart_pca10040 Debug/Obj/nrfx_saadc.o
 .text.nrf_saadc_resolution_set
                0x00000000000062e4       0x1c Output/uart_pca10040 Debug/Obj/nrfx_saadc.o
 .text.nrf_saadc_oversample_set
                0x0000000000006300       0x1c Output/uart_pca10040 Debug/Obj/nrfx_saadc.o
 .text.nrf_saadc_oversample_get
                0x000000000000631c       0x10 Output/uart_pca10040 Debug/Obj/nrfx_saadc.o
 .text.nrf_saadc_channel_init
                0x000000000000632c       0x8c Output/uart_pca10040 Debug/Obj/nrfx_saadc.o
 .text.SAADC_IRQHandler
                0x00000000000063b8      0x260 Output/uart_pca10040 Debug/Obj/nrfx_saadc.o
                0x00000000000063b8                SAADC_IRQHandler
 .text.nrfx_saadc_init
                0x0000000000006618       0xe0 Output/uart_pca10040 Debug/Obj/nrfx_saadc.o
                0x0000000000006618                nrfx_saadc_init
 .text.nrfx_saadc_channel_init
                0x00000000000066f8      0x124 Output/uart_pca10040 Debug/Obj/nrfx_saadc.o
                0x00000000000066f8                nrfx_saadc_channel_init
 .text.nrfx_saadc_buffer_convert
                0x000000000000681c      0x148 Output/uart_pca10040 Debug/Obj/nrfx_saadc.o
                0x000000000000681c                nrfx_saadc_buffer_convert
 .text.nrf_timer_event_clear
                0x0000000000006964       0x2a Output/uart_pca10040 Debug/Obj/nrfx_timer.o
 .text.nrf_timer_event_check
                0x000000000000698e       0x24 Output/uart_pca10040 Debug/Obj/nrfx_timer.o
 .text.nrf_timer_int_enable_check
                0x00000000000069b2       0x20 Output/uart_pca10040 Debug/Obj/nrfx_timer.o
 .text.nrf_timer_compare_event_get
                0x00000000000069d2       0x14 Output/uart_pca10040 Debug/Obj/nrfx_timer.o
 .text.nrf_timer_compare_int_get
                0x00000000000069e6       0x14 Output/uart_pca10040 Debug/Obj/nrfx_timer.o
 .text.irq_handler
                0x00000000000069fa       0x8c Output/uart_pca10040 Debug/Obj/nrfx_timer.o
 *fill*         0x0000000000006a86        0x2 
 .text.TIMER0_IRQHandler
                0x0000000000006a88       0x18 Output/uart_pca10040 Debug/Obj/nrfx_timer.o
                0x0000000000006a88                TIMER0_IRQHandler
 .text.TIMER3_IRQHandler
                0x0000000000006aa0       0x18 Output/uart_pca10040 Debug/Obj/nrfx_timer.o
                0x0000000000006aa0                TIMER3_IRQHandler
 .text.__NVIC_ClearPendingIRQ
                0x0000000000006ab8       0x38 Output/uart_pca10040 Debug/Obj/nrfx_twim.o
 .text.nrfx_get_irq_number
                0x0000000000006af0       0x10 Output/uart_pca10040 Debug/Obj/nrfx_twim.o
 .text._NRFX_IRQ_PENDING_CLEAR
                0x0000000000006b00       0x1c Output/uart_pca10040 Debug/Obj/nrfx_twim.o
 .text.nrf_twim_task_trigger
                0x0000000000006b1c       0x1c Output/uart_pca10040 Debug/Obj/nrfx_twim.o
 .text.nrf_twim_event_clear
                0x0000000000006b38       0x2a Output/uart_pca10040 Debug/Obj/nrfx_twim.o
 .text.nrf_twim_event_check
                0x0000000000006b62       0x24 Output/uart_pca10040 Debug/Obj/nrfx_twim.o
 .text.nrf_twim_int_enable
                0x0000000000006b86       0x14 Output/uart_pca10040 Debug/Obj/nrfx_twim.o
 .text.nrf_twim_int_disable
                0x0000000000006b9a       0x14 Output/uart_pca10040 Debug/Obj/nrfx_twim.o
 .text.nrf_twim_enable
                0x0000000000006bae       0x12 Output/uart_pca10040 Debug/Obj/nrfx_twim.o
 .text.nrf_twim_disable
                0x0000000000006bc0       0x12 Output/uart_pca10040 Debug/Obj/nrfx_twim.o
 .text.nrf_twim_errorsrc_get_and_clear
                0x0000000000006bd2       0x1c Output/uart_pca10040 Debug/Obj/nrfx_twim.o
 .text.nrf_twim_shorts_set
                0x0000000000006bee       0x14 Output/uart_pca10040 Debug/Obj/nrfx_twim.o
 .text.nrf_twim_txd_amount_get
                0x0000000000006c02       0x10 Output/uart_pca10040 Debug/Obj/nrfx_twim.o
 .text.nrf_twim_shorts_get
                0x0000000000006c12       0x10 Output/uart_pca10040 Debug/Obj/nrfx_twim.o
 .text.nrf_twim_rxd_amount_get
                0x0000000000006c22       0x10 Output/uart_pca10040 Debug/Obj/nrfx_twim.o
 *fill*         0x0000000000006c32        0x2 
 .text.xfer_completeness_check
                0x0000000000006c34       0xfc Output/uart_pca10040 Debug/Obj/nrfx_twim.o
 .text.twim_irq_handler
                0x0000000000006d30      0x2a4 Output/uart_pca10040 Debug/Obj/nrfx_twim.o
 .text.SPIM0_SPIS0_TWIM0_TWIS0_SPI0_TWI0_IRQHandler
                0x0000000000006fd4       0x18 Output/uart_pca10040 Debug/Obj/nrfx_twim.o
                0x0000000000006fd4                SPIM0_SPIS0_TWIM0_TWIS0_SPI0_TWI0_IRQHandler
 .text.nrfx_coredep_delay_us
                0x0000000000006fec       0x30 Output/uart_pca10040 Debug/Obj/main.o
 .text.nrf_delay_ms
                0x000000000000701c       0x2a Output/uart_pca10040 Debug/Obj/main.o
 *fill*         0x0000000000007046        0x2 
 .text.nrf_drv_saadc_init
                0x0000000000007048       0x28 Output/uart_pca10040 Debug/Obj/main.o
 .text.uart_error_handle
                0x0000000000007070       0x54 Output/uart_pca10040 Debug/Obj/main.o
                0x0000000000007070                uart_error_handle
 .text.gpio_init
                0x00000000000070c4      0x1c8 Output/uart_pca10040 Debug/Obj/main.o
                0x00000000000070c4                gpio_init
 .text.saadc_callback
                0x000000000000728c       0xac Output/uart_pca10040 Debug/Obj/main.o
                0x000000000000728c                saadc_callback
 .text.saadc_init
                0x0000000000007338      0x18c Output/uart_pca10040 Debug/Obj/main.o
                0x0000000000007338                saadc_init
 .text.send     0x00000000000074c4       0x34 Output/uart_pca10040 Debug/Obj/main.o
                0x00000000000074c4                send
 .text.printSerial
                0x00000000000074f8       0x2a Output/uart_pca10040 Debug/Obj/main.o
                0x00000000000074f8                printSerial
 .text.lineSelect
                0x0000000000007522       0xe2 Output/uart_pca10040 Debug/Obj/main.o
                0x0000000000007522                lineSelect
 .text.colSelect
                0x0000000000007604       0x6c Output/uart_pca10040 Debug/Obj/main.o
                0x0000000000007604                colSelect
 .text.adc_getData
                0x0000000000007670       0x24 Output/uart_pca10040 Debug/Obj/main.o
                0x0000000000007670                adc_getData
 .text.reset_data_byte
                0x0000000000007694       0xa0 Output/uart_pca10040 Debug/Obj/main.o
                0x0000000000007694                reset_data_byte
 .text.process_single_shot
                0x0000000000007734      0x280 Output/uart_pca10040 Debug/Obj/main.o
                0x0000000000007734                process_single_shot
 .text.reset_data
                0x00000000000079b4       0xa0 Output/uart_pca10040 Debug/Obj/main.o
                0x00000000000079b4                reset_data
 .text.process_multi_shot
                0x0000000000007a54      0x524 Output/uart_pca10040 Debug/Obj/main.o
                0x0000000000007a54                process_multi_shot
 .text.main     0x0000000000007f78       0xa4 Output/uart_pca10040 Debug/Obj/main.o
                0x0000000000007f78                main
 .text.__NVIC_SystemReset
                0x000000000000801c       0x24 Output/uart_pca10040 Debug/Obj/system_nrf52.o
 .text.nrf52_errata_12
                0x0000000000008040       0x80 Output/uart_pca10040 Debug/Obj/system_nrf52.o
 .text.nrf52_errata_16
                0x00000000000080c0       0x60 Output/uart_pca10040 Debug/Obj/system_nrf52.o
 .text.nrf52_errata_31
                0x0000000000008120       0x80 Output/uart_pca10040 Debug/Obj/system_nrf52.o
 .text.nrf52_errata_32
                0x00000000000081a0       0x60 Output/uart_pca10040 Debug/Obj/system_nrf52.o
 .text.nrf52_errata_36
                0x0000000000008200       0x80 Output/uart_pca10040 Debug/Obj/system_nrf52.o
 .text.nrf52_errata_37
                0x0000000000008280       0x60 Output/uart_pca10040 Debug/Obj/system_nrf52.o
 .text.nrf52_errata_57
                0x00000000000082e0       0x60 Output/uart_pca10040 Debug/Obj/system_nrf52.o
 .text.nrf52_errata_66
                0x0000000000008340       0x80 Output/uart_pca10040 Debug/Obj/system_nrf52.o
 .text.nrf52_errata_108
                0x00000000000083c0       0x80 Output/uart_pca10040 Debug/Obj/system_nrf52.o
 .text.nrf52_errata_136
                0x0000000000008440       0x80 Output/uart_pca10040 Debug/Obj/system_nrf52.o
 .text.nrf52_errata_182
                0x00000000000084c0       0x58 Output/uart_pca10040 Debug/Obj/system_nrf52.o
 .text.SystemCoreClockUpdate
                0x0000000000008518       0x14 Output/uart_pca10040 Debug/Obj/system_nrf52.o
                0x0000000000008518                SystemCoreClockUpdate
 .text.SystemInit
                0x000000000000852c      0x2d4 Output/uart_pca10040 Debug/Obj/system_nrf52.o
                0x000000000000852c                SystemInit
 .text._WriteBlocking
                0x0000000000008800       0xb2 Output/uart_pca10040 Debug/Obj/SEGGER_RTT.o
 .text._WriteNoCheck
                0x00000000000088b2       0x7e Output/uart_pca10040 Debug/Obj/SEGGER_RTT.o
 .text._GetAvailWriteSpace
                0x0000000000008930       0x3c Output/uart_pca10040 Debug/Obj/SEGGER_RTT.o
 .text.SEGGER_RTT_WriteNoLock
                0x000000000000896c       0x9c Output/uart_pca10040 Debug/Obj/SEGGER_RTT.o
                0x000000000000896c                SEGGER_RTT_WriteNoLock
 .text.libc.__RAL_ascii_isctype
                0x0000000000008a08       0x1c C:/Program Files/SEGGER/SEGGER Embedded Studio for ARM 4.16/lib/libc_v7em_fpv4_sp_d16_hard_t_le_eabi.a(libc2.o)
 .text.libc.__RAL_ascii_toupper
                0x0000000000008a24        0xc C:/Program Files/SEGGER/SEGGER Embedded Studio for ARM 4.16/lib/libc_v7em_fpv4_sp_d16_hard_t_le_eabi.a(libc2.o)
 .text.libc.__RAL_ascii_tolower
                0x0000000000008a30        0xc C:/Program Files/SEGGER/SEGGER Embedded Studio for ARM 4.16/lib/libc_v7em_fpv4_sp_d16_hard_t_le_eabi.a(libc2.o)
 .text.libc.__RAL_ascii_iswctype
                0x0000000000008a3c       0x1c C:/Program Files/SEGGER/SEGGER Embedded Studio for ARM 4.16/lib/libc_v7em_fpv4_sp_d16_hard_t_le_eabi.a(libc2.o)
 .text.libc.__RAL_ascii_towupper
                0x0000000000008a58        0xc C:/Program Files/SEGGER/SEGGER Embedded Studio for ARM 4.16/lib/libc_v7em_fpv4_sp_d16_hard_t_le_eabi.a(libc2.o)
 .text.libc.__RAL_ascii_towlower
                0x0000000000008a64        0xc C:/Program Files/SEGGER/SEGGER Embedded Studio for ARM 4.16/lib/libc_v7em_fpv4_sp_d16_hard_t_le_eabi.a(libc2.o)
 .text.libc.__RAL_ascii_wctomb
                0x0000000000008a70        0xe C:/Program Files/SEGGER/SEGGER Embedded Studio for ARM 4.16/lib/libc_v7em_fpv4_sp_d16_hard_t_le_eabi.a(libc2.o)
                0x0000000000008a70                __RAL_ascii_wctomb
 .text.libc.__RAL_ascii_mbtowc
                0x0000000000008a7e       0x24 C:/Program Files/SEGGER/SEGGER Embedded Studio for ARM 4.16/lib/libc_v7em_fpv4_sp_d16_hard_t_le_eabi.a(libc2.o)
                0x0000000000008a7e                __RAL_ascii_mbtowc
 *fill*         0x0000000000008aa2        0x2 
 .text.libc.__RAL_isctype
                0x0000000000008aa4       0x14 C:/Program Files/SEGGER/SEGGER Embedded Studio for ARM 4.16/lib/libc_v7em_fpv4_sp_d16_hard_t_le_eabi.a(libc2.o)
                0x0000000000008aa4                __RAL_isctype
 .text.libc.isprint
                0x0000000000008ab8        0xa C:/Program Files/SEGGER/SEGGER Embedded Studio for ARM 4.16/lib/libc_v7em_fpv4_sp_d16_hard_t_le_eabi.a(libc2.o)
                0x0000000000008ab8                isprint
 .text.libc.memcpy
                0x0000000000008ac2       0x52 C:/Program Files/SEGGER/SEGGER Embedded Studio for ARM 4.16/lib/libc_v7em_fpv4_sp_d16_hard_t_le_eabi.a(libc2_asm.o)
                0x0000000000008ac2                __aeabi_memcpy
                0x0000000000008ac2                memcpy
                0x0000000000008ace                __aeabi_memcpy8
                0x0000000000008ace                __aeabi_memcpy4
 .text.libc.memset
                0x0000000000008b14       0x66 C:/Program Files/SEGGER/SEGGER Embedded Studio for ARM 4.16/lib/libc_v7em_fpv4_sp_d16_hard_t_le_eabi.a(libc2_asm.o)
                0x0000000000008b14                memset
 .text.libc.strlen
                0x0000000000008b7a       0x60 C:/Program Files/SEGGER/SEGGER Embedded Studio for ARM 4.16/lib/libc_v7em_fpv4_sp_d16_hard_t_le_eabi.a(libc2_asm.o)
                0x0000000000008b7a                strlen
                0x0000000000008bda                __text_end__ = (__text_start__ + SIZEOF (.text))
                0x000000000000880a                __text_size__ = SIZEOF (.text)
                0x0000000000008bda                __text_load_end__ = __text_end__

.vfp11_veneer   0x0000000100000000        0x0
 .vfp11_veneer  0x0000000100000000        0x0 linker stubs

.v4_bx          0x0000000100000000        0x0
 .v4_bx         0x0000000100000000        0x0 linker stubs

.iplt           0x0000000100000000        0x0
 .iplt          0x0000000100000000        0x0 Output/uart_pca10040 Debug/Obj/thumb_crt0.o
                0x0000000000000001                . = ASSERT (((__text_start__ == __text_end__) || ((__text_end__ - __FLASH_segment_start__) <= __FLASH_segment_size__)), error: .text is too large to fit in FLASH memory segment)
                0x0000000000008bdc                __log_const_data_load_start__ = ALIGN (__text_end__, 0x4)

.log_const_data
                0x0000000000008bdc       0x48
                0x0000000000008bdc                __log_const_data_start__ = .
                0x0000000000008bdc                __start_log_const_data = __log_const_data_start__
 *(SORT_BY_NAME(.log_const_data*))
 .log_const_data_GPIOTE
                0x0000000000008bdc        0x8 Output/uart_pca10040 Debug/Obj/nrfx_gpiote.o
                0x0000000000008bdc                m_nrf_log_GPIOTE_logs_data_const
 .log_const_data_PPI
                0x0000000000008be4        0x8 Output/uart_pca10040 Debug/Obj/nrfx_ppi.o
                0x0000000000008be4                m_nrf_log_PPI_logs_data_const
 .log_const_data_PRS
                0x0000000000008bec        0x8 Output/uart_pca10040 Debug/Obj/nrfx_prs.o
                0x0000000000008bec                m_nrf_log_PRS_logs_data_const
 .log_const_data_SAADC
                0x0000000000008bf4        0x8 Output/uart_pca10040 Debug/Obj/nrfx_saadc.o
                0x0000000000008bf4                m_nrf_log_SAADC_logs_data_const
 .log_const_data_TIMER
                0x0000000000008bfc        0x8 Output/uart_pca10040 Debug/Obj/nrfx_timer.o
                0x0000000000008bfc                m_nrf_log_TIMER_logs_data_const
 .log_const_data_TWIM
                0x0000000000008c04        0x8 Output/uart_pca10040 Debug/Obj/nrfx_twim.o
                0x0000000000008c04                m_nrf_log_TWIM_logs_data_const
 .log_const_data_UART
                0x0000000000008c0c        0x8 Output/uart_pca10040 Debug/Obj/nrfx_uart.o
                0x0000000000008c0c                m_nrf_log_UART_logs_data_const
 .log_const_data_UARTE
                0x0000000000008c14        0x8 Output/uart_pca10040 Debug/Obj/nrfx_uarte.o
                0x0000000000008c14                m_nrf_log_UARTE_logs_data_const
 .log_const_data_app
                0x0000000000008c1c        0x8 Output/uart_pca10040 Debug/Obj/nrf_log_frontend.o
                0x0000000000008c1c                m_nrf_log_app_logs_data_const
                0x0000000000008c24                __log_const_data_end__ = (__log_const_data_start__ + SIZEOF (.log_const_data))
                0x0000000000000048                __log_const_data_size__ = SIZEOF (.log_const_data)
                0x0000000000008c24                __stop_log_const_data = __log_const_data_end__
                0x0000000000008c24                __log_const_data_load_end__ = __log_const_data_end__
                0x0000000000000001                . = ASSERT (((__log_const_data_start__ == __log_const_data_end__) || ((__log_const_data_end__ - __FLASH_segment_start__) <= __FLASH_segment_size__)), error: .log_const_data is too large to fit in FLASH memory segment)
                0x0000000000008c24                __log_backends_load_start__ = ALIGN (__log_const_data_end__, 0x4)

.log_backends   0x0000000000008c24       0x20
                0x0000000000008c24                __log_backends_start__ = .
                0x0000000000008c24                __start_log_backends = __log_backends_start__
 *(SORT_BY_NAME(.log_backends*))
 .log_backends  0x0000000000008c24       0x20 Output/uart_pca10040 Debug/Obj/nrf_log_default_backends.o
                0x0000000000008c44                __log_backends_end__ = (__log_backends_start__ + SIZEOF (.log_backends))
                0x0000000000000020                __log_backends_size__ = SIZEOF (.log_backends)
                0x0000000000008c44                __stop_log_backends = __log_backends_end__
                0x0000000000008c44                __log_backends_load_end__ = __log_backends_end__
                0x0000000000000001                . = ASSERT (((__log_backends_start__ == __log_backends_end__) || ((__log_backends_end__ - __FLASH_segment_start__) <= __FLASH_segment_size__)), error: .log_backends is too large to fit in FLASH memory segment)
                0x0000000000008c44                __nrf_balloc_load_start__ = ALIGN (__log_backends_end__, 0x4)

.nrf_balloc     0x0000000000008c44       0x14
                0x0000000000008c44                __nrf_balloc_start__ = .
                0x0000000000008c44                __start_nrf_balloc = __nrf_balloc_start__
 *(.nrf_balloc*)
 .nrf_balloc    0x0000000000008c44       0x14 Output/uart_pca10040 Debug/Obj/nrf_log_frontend.o
                0x0000000000008c44                log_mempool
                0x0000000000008c58                __nrf_balloc_end__ = (__nrf_balloc_start__ + SIZEOF (.nrf_balloc))
                0x0000000000000014                __nrf_balloc_size__ = SIZEOF (.nrf_balloc)
                0x0000000000008c58                __stop_nrf_balloc = __nrf_balloc_end__
                0x0000000000008c58                __nrf_balloc_load_end__ = __nrf_balloc_end__
                0x0000000000000001                . = ASSERT (((__nrf_balloc_start__ == __nrf_balloc_end__) || ((__nrf_balloc_end__ - __FLASH_segment_start__) <= __FLASH_segment_size__)), error: .nrf_balloc is too large to fit in FLASH memory segment)
                0x0000000000008c58                __nrf_sections_load_start__ = ALIGN (__nrf_balloc_end__, 0x4)

.nrf_sections   0x0000000000008c58        0x0
                0x0000000000008c58                __nrf_sections_start__ = .
                0x0000000000008c58                __start_nrf_sections = __nrf_sections_start__
 *(.nrf_sections .nrf_sections.*)
                0x0000000000008c58                __nrf_sections_end__ = (__nrf_sections_start__ + SIZEOF (.nrf_sections))
                0x0000000000000000                __nrf_sections_size__ = SIZEOF (.nrf_sections)
                0x0000000000008c58                __nrf_sections_load_end__ = __nrf_sections_end__
                0x0000000000000001                . = ASSERT (((__nrf_sections_start__ == __nrf_sections_end__) || ((__nrf_sections_end__ - __FLASH_segment_start__) <= __FLASH_segment_size__)), error: .nrf_sections is too large to fit in FLASH memory segment)
                0x0000000000008c58                __log_dynamic_data_load_start__ = ALIGN (__nrf_sections_end__, 0x4)

.log_dynamic_data
                0x0000000020000000        0x0 load address 0x0000000000008c58
                0x0000000020000000                __log_dynamic_data_start__ = .
 *(SORT_BY_NAME(.log_dynamic_data*))
                0x0000000020000000                __log_dynamic_data_end__ = (__log_dynamic_data_start__ + SIZEOF (.log_dynamic_data))
                0x0000000000000000                __log_dynamic_data_size__ = SIZEOF (.log_dynamic_data)
                0x0000000000008c58                __log_dynamic_data_load_end__ = (__log_dynamic_data_load_start__ + SIZEOF (.log_dynamic_data))
                0x0000000000000001                . = ASSERT (((__log_dynamic_data_load_start__ == __log_dynamic_data_load_end__) || ((__log_dynamic_data_load_end__ - __FLASH_segment_start__) <= __FLASH_segment_size__)), error: .log_dynamic_data is too large to fit in FLASH memory segment)

.log_dynamic_data_run
                0x0000000020000000        0x0
                0x0000000020000000                __log_dynamic_data_run_start__ = .
                0x0000000020000000                __start_log_dynamic_data = __log_dynamic_data_run_start__
                0x0000000020000000                . = MAX ((__log_dynamic_data_run_start__ + SIZEOF (.log_dynamic_data)), .)
                0x0000000020000000                __log_dynamic_data_run_end__ = (__log_dynamic_data_run_start__ + SIZEOF (.log_dynamic_data_run))
                0x0000000000000000                __log_dynamic_data_run_size__ = SIZEOF (.log_dynamic_data_run)
                0x0000000020000000                __stop_log_dynamic_data = __log_dynamic_data_run_end__
                0x0000000020000000                __log_dynamic_data_run_load_end__ = __log_dynamic_data_run_end__
                0x0000000000000001                . = ASSERT (((__log_dynamic_data_run_start__ == __log_dynamic_data_run_end__) || ((__log_dynamic_data_run_end__ - __RAM1_segment_start__) <= __RAM1_segment_size__)), error: .log_dynamic_data_run is too large to fit in RAM1 memory segment)
                0x0000000000008c58                __log_filter_data_load_start__ = ALIGN ((__log_dynamic_data_load_start__ + SIZEOF (.log_dynamic_data)), 0x4)

.log_filter_data
                0x0000000020000000        0x0 load address 0x0000000000008c58
                0x0000000020000000                __log_filter_data_start__ = .
 *(SORT_BY_NAME(.log_filter_data*))
                0x0000000020000000                __log_filter_data_end__ = (__log_filter_data_start__ + SIZEOF (.log_filter_data))
                0x0000000000000000                __log_filter_data_size__ = SIZEOF (.log_filter_data)
                0x0000000000008c58                __log_filter_data_load_end__ = (__log_filter_data_load_start__ + SIZEOF (.log_filter_data))
                0x0000000000000001                . = ASSERT (((__log_filter_data_load_start__ == __log_filter_data_load_end__) || ((__log_filter_data_load_end__ - __FLASH_segment_start__) <= __FLASH_segment_size__)), error: .log_filter_data is too large to fit in FLASH memory segment)

.log_filter_data_run
                0x0000000020000000        0x0
                0x0000000020000000                __log_filter_data_run_start__ = .
                0x0000000020000000                __start_log_filter_data = __log_filter_data_run_start__
                0x0000000020000000                . = MAX ((__log_filter_data_run_start__ + SIZEOF (.log_filter_data)), .)
                0x0000000020000000                __log_filter_data_run_end__ = (__log_filter_data_run_start__ + SIZEOF (.log_filter_data_run))
                0x0000000000000000                __log_filter_data_run_size__ = SIZEOF (.log_filter_data_run)
                0x0000000020000000                __stop_log_filter_data = __log_filter_data_run_end__
                0x0000000020000000                __log_filter_data_run_load_end__ = __log_filter_data_run_end__
                0x0000000000000001                . = ASSERT (((__log_filter_data_run_start__ == __log_filter_data_run_end__) || ((__log_filter_data_run_end__ - __RAM1_segment_start__) <= __RAM1_segment_size__)), error: .log_filter_data_run is too large to fit in RAM1 memory segment)
                0x0000000020000000                __nrf_sections_run_end_load_start__ = ALIGN (__log_filter_data_run_end__, 0x4)

.nrf_sections_run_end
                0x0000000020000000        0x0
                0x0000000020000000                __nrf_sections_run_end_start__ = .
                0x0000000020000000                __end_nrf_sections_run = __nrf_sections_run_end_start__
 *(.nrf_sections_run_end .nrf_sections_run_end.*)
                0x0000000020000000                __nrf_sections_run_end_end__ = (__nrf_sections_run_end_start__ + SIZEOF (.nrf_sections_run_end))
                0x0000000000000000                __nrf_sections_run_end_size__ = SIZEOF (.nrf_sections_run_end)
                0x0000000020000000                __nrf_sections_run_end_load_end__ = __nrf_sections_run_end_end__
                0x0000000000000001                . = ASSERT (((__nrf_sections_run_end_start__ == __nrf_sections_run_end_end__) || ((__nrf_sections_run_end_end__ - __RAM1_segment_start__) <= __RAM1_segment_size__)), error: .nrf_sections_run_end is too large to fit in RAM1 memory segment)
                0x0000000000008c58                __dtors_load_start__ = ALIGN ((__log_filter_data_load_start__ + SIZEOF (.log_filter_data)), 0x4)

.dtors          0x0000000000008c58        0x0
                0x0000000000008c58                __dtors_start__ = .
 *(SORT_BY_NAME(.dtors.*))
 *(.dtors)
 *(.fini_array)
 *(SORT_BY_NAME(.fini_array.*))
                0x0000000000008c58                __dtors_end__ = (__dtors_start__ + SIZEOF (.dtors))
                0x0000000000000000                __dtors_size__ = SIZEOF (.dtors)
                0x0000000000008c58                __dtors_load_end__ = __dtors_end__
                0x0000000000000001                . = ASSERT (((__dtors_start__ == __dtors_end__) || ((__dtors_end__ - __FLASH_segment_start__) <= __FLASH_segment_size__)), error: .dtors is too large to fit in FLASH memory segment)
                0x0000000000008c58                __ctors_load_start__ = ALIGN (__dtors_end__, 0x4)

.ctors          0x0000000000008c58        0x0
                0x0000000000008c58                __ctors_start__ = .
 *(SORT_BY_NAME(.ctors.*))
 *(.ctors)
 *(.init_array)
 *(SORT_BY_NAME(.init_array.*))
                0x0000000000008c58                __ctors_end__ = (__ctors_start__ + SIZEOF (.ctors))
                0x0000000000000000                __ctors_size__ = SIZEOF (.ctors)
                0x0000000000008c58                __ctors_load_end__ = __ctors_end__
                0x0000000000000001                . = ASSERT (((__ctors_start__ == __ctors_end__) || ((__ctors_end__ - __FLASH_segment_start__) <= __FLASH_segment_size__)), error: .ctors is too large to fit in FLASH memory segment)
                0x0000000000008c58                __rodata_load_start__ = ALIGN (__ctors_end__, 0x4)

.rodata         0x0000000000008c58     0x1140
                0x0000000000008c58                __rodata_start__ = .
 *(.rodata .rodata.* .gnu.linkonce.r.*)
 .rodata        0x0000000000008c58       0x6d Output/uart_pca10040 Debug/Obj/nrf_log_frontend.o
 *fill*         0x0000000000008cc5        0x3 
 .rodata        0x0000000000008cc8       0xaa Output/uart_pca10040 Debug/Obj/nrf_log_str_formatter.o
 *fill*         0x0000000000008d72        0x2 
 .rodata.nrf_log_backend_rtt_api
                0x0000000000008d74        0xc Output/uart_pca10040 Debug/Obj/nrf_log_backend_rtt.o
                0x0000000000008d74                nrf_log_backend_rtt_api
 .rodata.delay_machine_code.8275
                0x0000000000008d80        0x6 Output/uart_pca10040 Debug/Obj/nrf_log_backend_rtt.o
 *fill*         0x0000000000008d86        0x2 
 .rodata        0x0000000000008d88       0x82 Output/uart_pca10040 Debug/Obj/nrf_log_default_backends.o
 *fill*         0x0000000000008e0a        0x2 
 .rodata        0x0000000000008e0c       0x7c Output/uart_pca10040 Debug/Obj/nrf_log_backend_uart.o
 .rodata.nrf_log_backend_uart_api
                0x0000000000008e88        0xc Output/uart_pca10040 Debug/Obj/nrf_log_backend_uart.o
                0x0000000000008e88                nrf_log_backend_uart_api
 .rodata        0x0000000000008e94       0x70 Output/uart_pca10040 Debug/Obj/app_error_weak.o
 .rodata        0x0000000000008f04       0x70 Output/uart_pca10040 Debug/Obj/app_uart_fifo.o
 .rodata        0x0000000000008f74       0x54 Output/uart_pca10040 Debug/Obj/app_util_platform.o
 .rodata        0x0000000000008fc8       0x4f Output/uart_pca10040 Debug/Obj/nrf_balloc.o
 *fill*         0x0000000000009017        0x1 
 .rodata        0x0000000000009018       0x45 Output/uart_pca10040 Debug/Obj/nrf_fprintf.o
 *fill*         0x000000000000905d        0x3 
 .rodata        0x0000000000009060       0x4c Output/uart_pca10040 Debug/Obj/nrf_fprintf_format.o
 .rodata._aV2C.7595
                0x00000000000090ac       0x10 Output/uart_pca10040 Debug/Obj/nrf_fprintf_format.o
 .rodata        0x00000000000090bc       0x4f Output/uart_pca10040 Debug/Obj/nrf_memobj.o
 *fill*         0x000000000000910b        0x1 
 .rodata.m_unknown_str
                0x000000000000910c       0x13 Output/uart_pca10040 Debug/Obj/nrf_strerror.o
 *fill*         0x000000000000911f        0x1 
 .rodata        0x0000000000009120      0x3bd Output/uart_pca10040 Debug/Obj/nrf_strerror.o
 *fill*         0x00000000000094dd        0x3 
 .rodata.nrf_strerror_array
                0x00000000000094e0      0x118 Output/uart_pca10040 Debug/Obj/nrf_strerror.o
 *fill*         0x00000000000095f8        0x8 
 .rodata.delay_machine_code.8001
                0x0000000000009600        0x6 Output/uart_pca10040 Debug/Obj/app_timer.o
 *fill*         0x0000000000009606        0x2 
 .rodata        0x0000000000009608       0x52 Output/uart_pca10040 Debug/Obj/nrfx_prs.o
 *fill*         0x000000000000965a        0x2 
 .rodata        0x000000000000965c       0xb3 Output/uart_pca10040 Debug/Obj/nrfx_uart.o
 *fill*         0x000000000000970f        0x1 
 .rodata.irq_handlers.8635
                0x0000000000009710        0x4 Output/uart_pca10040 Debug/Obj/nrfx_uart.o
 .rodata        0x0000000000009714       0xb4 Output/uart_pca10040 Debug/Obj/nrfx_uarte.o
 .rodata.irq_handlers.8677
                0x00000000000097c8        0x4 Output/uart_pca10040 Debug/Obj/nrfx_uarte.o
 .rodata        0x00000000000097cc       0xb5 Output/uart_pca10040 Debug/Obj/nrfx_gpiote.o
 *fill*         0x0000000000009881        0x3 
 .rodata        0x0000000000009884       0xb4 Output/uart_pca10040 Debug/Obj/nrfx_saadc.o
 .rodata        0x0000000000009938       0x84 Output/uart_pca10040 Debug/Obj/nrfx_timer.o
 .rodata        0x00000000000099bc        0x4 Output/uart_pca10040 Debug/Obj/nrfx_ppi.o
 .rodata        0x00000000000099c0       0xb3 Output/uart_pca10040 Debug/Obj/nrfx_twim.o
 *fill*         0x0000000000009a73        0x1 
 .rodata        0x0000000000009a74       0xd4 Output/uart_pca10040 Debug/Obj/main.o
 .rodata.default_config.9338
                0x0000000000009b48        0x4 Output/uart_pca10040 Debug/Obj/main.o
 *fill*         0x0000000000009b4c        0x4 
 .rodata.delay_machine_code.7716
                0x0000000000009b50        0x6 Output/uart_pca10040 Debug/Obj/main.o
 *fill*         0x0000000000009b56        0x2 
 .rodata.libc.__RAL_ascii_ctype_map
                0x0000000000009b58       0x80 C:/Program Files/SEGGER/SEGGER Embedded Studio for ARM 4.16/lib/libc_v7em_fpv4_sp_d16_hard_t_le_eabi.a(libc2.o)
                0x0000000000009b58                __RAL_ascii_ctype_map
 .rodata.libc.__RAL_ascii_ctype_mask
                0x0000000000009bd8        0xd C:/Program Files/SEGGER/SEGGER Embedded Studio for ARM 4.16/lib/libc_v7em_fpv4_sp_d16_hard_t_le_eabi.a(libc2.o)
 *fill*         0x0000000000009be5        0x3 
 .rodata.libc.__RAL_c_locale
                0x0000000000009be8        0xc C:/Program Files/SEGGER/SEGGER Embedded Studio for ARM 4.16/lib/libc_v7em_fpv4_sp_d16_hard_t_le_eabi.a(libc2.o)
                0x0000000000009be8                __RAL_c_locale
 .rodata.libc.__RAL_c_locale_abbrev_day_names
                0x0000000000009bf4       0x1d C:/Program Files/SEGGER/SEGGER Embedded Studio for ARM 4.16/lib/libc_v7em_fpv4_sp_d16_hard_t_le_eabi.a(libc2.o)
                0x0000000000009bf4                __RAL_c_locale_abbrev_day_names
 *fill*         0x0000000000009c11        0x3 
 .rodata.libc.__RAL_c_locale_abbrev_month_names
                0x0000000000009c14       0x31 C:/Program Files/SEGGER/SEGGER Embedded Studio for ARM 4.16/lib/libc_v7em_fpv4_sp_d16_hard_t_le_eabi.a(libc2.o)
                0x0000000000009c14                __RAL_c_locale_abbrev_month_names
 *fill*         0x0000000000009c45        0x3 
 .rodata.libc.__RAL_c_locale_am_pm_indicator
                0x0000000000009c48        0x7 C:/Program Files/SEGGER/SEGGER Embedded Studio for ARM 4.16/lib/libc_v7em_fpv4_sp_d16_hard_t_le_eabi.a(libc2.o)
                0x0000000000009c48                __RAL_c_locale_am_pm_indicator
 *fill*         0x0000000000009c4f        0x1 
 .rodata.libc.__RAL_c_locale_data
                0x0000000000009c50       0x58 C:/Program Files/SEGGER/SEGGER Embedded Studio for ARM 4.16/lib/libc_v7em_fpv4_sp_d16_hard_t_le_eabi.a(libc2.o)
                0x0000000000009c50                __RAL_c_locale_data
 .rodata.libc.__RAL_c_locale_date_format
                0x0000000000009ca8        0x9 C:/Program Files/SEGGER/SEGGER Embedded Studio for ARM 4.16/lib/libc_v7em_fpv4_sp_d16_hard_t_le_eabi.a(libc2.o)
                0x0000000000009ca8                __RAL_c_locale_date_format
 *fill*         0x0000000000009cb1        0x3 
 .rodata.libc.__RAL_c_locale_date_time_format
                0x0000000000009cb4        0xf C:/Program Files/SEGGER/SEGGER Embedded Studio for ARM 4.16/lib/libc_v7em_fpv4_sp_d16_hard_t_le_eabi.a(libc2.o)
                0x0000000000009cb4                __RAL_c_locale_date_time_format
 *fill*         0x0000000000009cc3        0x1 
 .rodata.libc.__RAL_c_locale_day_names
                0x0000000000009cc4       0x3a C:/Program Files/SEGGER/SEGGER Embedded Studio for ARM 4.16/lib/libc_v7em_fpv4_sp_d16_hard_t_le_eabi.a(libc2.o)
                0x0000000000009cc4                __RAL_c_locale_day_names
 *fill*         0x0000000000009cfe        0x2 
 .rodata.libc.__RAL_c_locale_month_names
                0x0000000000009d00       0x57 C:/Program Files/SEGGER/SEGGER Embedded Studio for ARM 4.16/lib/libc_v7em_fpv4_sp_d16_hard_t_le_eabi.a(libc2.o)
                0x0000000000009d00                __RAL_c_locale_month_names
 *fill*         0x0000000000009d57        0x1 
 .rodata.libc.__RAL_c_locale_time_format
                0x0000000000009d58        0x9 C:/Program Files/SEGGER/SEGGER Embedded Studio for ARM 4.16/lib/libc_v7em_fpv4_sp_d16_hard_t_le_eabi.a(libc2.o)
                0x0000000000009d58                __RAL_c_locale_time_format
 *fill*         0x0000000000009d61        0x3 
 .rodata.libc.__RAL_codeset_ascii
                0x0000000000009d64       0x20 C:/Program Files/SEGGER/SEGGER Embedded Studio for ARM 4.16/lib/libc_v7em_fpv4_sp_d16_hard_t_le_eabi.a(libc2.o)
                0x0000000000009d64                __RAL_codeset_ascii
 .rodata.libc.__RAL_data_empty_string
                0x0000000000009d84        0x1 C:/Program Files/SEGGER/SEGGER Embedded Studio for ARM 4.16/lib/libc_v7em_fpv4_sp_d16_hard_t_le_eabi.a(libc2.o)
                0x0000000000009d84                __RAL_data_empty_string
 *fill*         0x0000000000009d85        0x3 
 .rodata.libc.__RAL_data_utf8_period
                0x0000000000009d88        0x2 C:/Program Files/SEGGER/SEGGER Embedded Studio for ARM 4.16/lib/libc_v7em_fpv4_sp_d16_hard_t_le_eabi.a(libc2.o)
                0x0000000000009d88                __RAL_data_utf8_period
 *fill*         0x0000000000009d8a        0x2 
 .rodata.libc.__RAL_find_locale.str1.4
                0x0000000000009d8c        0xc C:/Program Files/SEGGER/SEGGER Embedded Studio for ARM 4.16/lib/libc_v7em_fpv4_sp_d16_hard_t_le_eabi.a(libc2.o)
                                          0xa (size before relaxing)
                0x0000000000009d98                __rodata_end__ = (__rodata_start__ + SIZEOF (.rodata))
                0x0000000000001140                __rodata_size__ = SIZEOF (.rodata)
                0x0000000000009d98                __rodata_load_end__ = __rodata_end__

.rel.dyn        0x0000000000009d98        0x0
 .rel.iplt      0x0000000000009d98        0x0 Output/uart_pca10040 Debug/Obj/thumb_crt0.o
                0x0000000000000001                . = ASSERT (((__rodata_start__ == __rodata_end__) || ((__rodata_end__ - __FLASH_segment_start__) <= __FLASH_segment_size__)), error: .rodata is too large to fit in FLASH memory segment)
                0x0000000000009d98                __ARM.exidx_load_start__ = ALIGN (__rodata_end__, 0x4)

.ARM.exidx      0x0000000000009d98        0x0
                0x0000000000009d98                __ARM.exidx_start__ = .
                0x0000000000009d98                __exidx_start = __ARM.exidx_start__
 *(.ARM.exidx .ARM.exidx.*)
                0x0000000000009d98                __ARM.exidx_end__ = (__ARM.exidx_start__ + SIZEOF (.ARM.exidx))
                0x0000000000000000                __ARM.exidx_size__ = SIZEOF (.ARM.exidx)
                0x0000000000009d98                __exidx_end = __ARM.exidx_end__
                0x0000000000009d98                __ARM.exidx_load_end__ = __ARM.exidx_end__
                0x0000000000000001                . = ASSERT (((__ARM.exidx_start__ == __ARM.exidx_end__) || ((__ARM.exidx_end__ - __FLASH_segment_start__) <= __FLASH_segment_size__)), error: .ARM.exidx is too large to fit in FLASH memory segment)
                0x0000000000009d98                __fast_load_start__ = ALIGN (__ARM.exidx_end__, 0x4)

.fast           0x0000000020000000        0x0 load address 0x0000000000009d98
                0x0000000020000000                __fast_start__ = .
 *(.fast .fast.*)
                0x0000000020000000                __fast_end__ = (__fast_start__ + SIZEOF (.fast))
                0x0000000000000000                __fast_size__ = SIZEOF (.fast)
                0x0000000000009d98                __fast_load_end__ = (__fast_load_start__ + SIZEOF (.fast))
                0x0000000000000001                . = ASSERT (((__fast_load_start__ == __fast_load_end__) || ((__fast_load_end__ - __FLASH_segment_start__) <= __FLASH_segment_size__)), error: .fast is too large to fit in FLASH memory segment)

.fast_run       0x0000000020000000        0x0
                0x0000000020000000                __fast_run_start__ = .
                0x0000000020000000                . = MAX ((__fast_run_start__ + SIZEOF (.fast)), .)
                0x0000000020000000                __fast_run_end__ = (__fast_run_start__ + SIZEOF (.fast_run))
                0x0000000000000000                __fast_run_size__ = SIZEOF (.fast_run)
                0x0000000020000000                __fast_run_load_end__ = __fast_run_end__
                0x0000000000000001                . = ASSERT (((__fast_run_start__ == __fast_run_end__) || ((__fast_run_end__ - __RAM1_segment_start__) <= __RAM1_segment_size__)), error: .fast_run is too large to fit in RAM1 memory segment)
                0x0000000000009d98                __data_load_start__ = ALIGN ((__fast_load_start__ + SIZEOF (.fast)), 0x4)

.data           0x0000000020000000       0x8c load address 0x0000000000009d98
                0x0000000020000000                __data_start__ = .
 *(.data .data.* .gnu.linkonce.d.*)
 .data.m_buffer_mask
                0x0000000020000000        0x4 Output/uart_pca10040 Debug/Obj/nrf_log_frontend.o
 .data.severity_names
                0x0000000020000004       0x14 Output/uart_pca10040 Debug/Obj/nrf_log_str_formatter.o
 .data.m_colors
                0x0000000020000018       0x24 Output/uart_pca10040 Debug/Obj/nrf_log_str_formatter.o
 .data.log_backend_cb_rtt_log_backend
                0x000000002000003c        0x8 Output/uart_pca10040 Debug/Obj/nrf_log_default_backends.o
 .data.log_backend_cb_uart_log_backend
                0x0000000020000044        0x8 Output/uart_pca10040 Debug/Obj/nrf_log_default_backends.o
 .data.m_uart   0x000000002000004c       0x14 Output/uart_pca10040 Debug/Obj/nrf_log_backend_uart.o
                0x000000002000004c                m_uart
 .data.app_uart_inst
                0x0000000020000060       0x14 Output/uart_pca10040 Debug/Obj/app_uart_fifo.o
 .data.SystemCoreClock
                0x0000000020000074        0x4 Output/uart_pca10040 Debug/Obj/system_nrf52.o
                0x0000000020000074                SystemCoreClock
 .data.libc.__RAL_global_locale
                0x0000000020000078       0x14 C:/Program Files/SEGGER/SEGGER Embedded Studio for ARM 4.16/lib/libc_v7em_fpv4_sp_d16_hard_t_le_eabi.a(libc2.o)
                0x0000000020000078                __RAL_global_locale
                0x000000002000008c                __data_end__ = (__data_start__ + SIZEOF (.data))
                0x000000000000008c                __data_size__ = SIZEOF (.data)
                0x0000000000009e24                __data_load_end__ = (__data_load_start__ + SIZEOF (.data))

.igot.plt       0x0000000100000000        0x0
 .igot.plt      0x0000000100000000        0x0 Output/uart_pca10040 Debug/Obj/thumb_crt0.o
                0x0000000000000001                . = ASSERT (((__data_load_start__ == __data_load_end__) || ((__data_load_end__ - __FLASH_segment_start__) <= __FLASH_segment_size__)), error: .data is too large to fit in FLASH memory segment)

.data_run       0x0000000020000000       0x8c load address 0x0000000000009d98
                0x0000000020000000                __data_run_start__ = .
                0x000000002000008c                . = MAX ((__data_run_start__ + SIZEOF (.data)), .)
 *fill*         0x0000000020000000       0x8c 
                0x000000002000008c                __data_run_end__ = (__data_run_start__ + SIZEOF (.data_run))
                0x000000000000008c                __data_run_size__ = SIZEOF (.data_run)
                0x000000002000008c                __data_run_load_end__ = __data_run_end__
                0x0000000000000001                . = ASSERT (((__data_run_start__ == __data_run_end__) || ((__data_run_end__ - __RAM1_segment_start__) <= __RAM1_segment_size__)), error: .data_run is too large to fit in RAM1 memory segment)
                0x0000000000009e24                __tdata_load_start__ = ALIGN ((__data_load_start__ + SIZEOF (.data)), 0x4)

.tdata          0x000000002000008c        0x0 load address 0x0000000000009e24
                0x000000002000008c                __tdata_start__ = .
 *(.tdata .tdata.*)
                0x000000002000008c                __tdata_end__ = (__tdata_start__ + SIZEOF (.tdata))
                0x0000000000000000                __tdata_size__ = SIZEOF (.tdata)
                0x0000000000009e24                __tdata_load_end__ = (__tdata_load_start__ + SIZEOF (.tdata))
                0x0000000000009e24                __FLASH_segment_used_end__ = (ALIGN ((__data_load_start__ + SIZEOF (.data)), 0x4) + SIZEOF (.tdata))
                0x0000000000009e24                __FLASH_segment_used_size__ = (__FLASH_segment_used_end__ - __FLASH_segment_start__)
                0x0000000000000001                . = ASSERT (((__tdata_load_start__ == __tdata_load_end__) || ((__tdata_load_end__ - __FLASH_segment_start__) <= __FLASH_segment_size__)), error: .tdata is too large to fit in FLASH memory segment)

.tdata_run      0x000000002000008c        0x0
                0x000000002000008c                __tdata_run_start__ = .
                0x000000002000008c                . = MAX ((__tdata_run_start__ + SIZEOF (.tdata)), .)
                0x000000002000008c                __tdata_run_end__ = (__tdata_run_start__ + SIZEOF (.tdata_run))
                0x0000000000000000                __tdata_run_size__ = SIZEOF (.tdata_run)
                0x000000002000008c                __tdata_run_load_end__ = __tdata_run_end__
                0x0000000000000001                . = ASSERT (((__tdata_run_start__ == __tdata_run_end__) || ((__tdata_run_end__ - __RAM1_segment_start__) <= __RAM1_segment_size__)), error: .tdata_run is too large to fit in RAM1 memory segment)
                0x000000002000008c                __bss_load_start__ = ALIGN (__tdata_run_end__, 0x4)

.bss            0x000000002000008c     0x2eb8
                0x000000002000008c                __bss_start__ = .
 *(.bss .bss.* .gnu.linkonce.b.*)
 .bss.log_mempool_nrf_balloc_pool_stack
                0x000000002000008c        0x8 Output/uart_pca10040 Debug/Obj/nrf_log_frontend.o
 .bss.log_mempool_nrf_balloc_pool_mem
                0x0000000020000094       0xc0 Output/uart_pca10040 Debug/Obj/nrf_log_frontend.o
 .bss.log_mempool_nrf_balloc_cb
                0x0000000020000154        0x8 Output/uart_pca10040 Debug/Obj/nrf_log_frontend.o
 .bss.m_log_data
                0x000000002000015c      0x420 Output/uart_pca10040 Debug/Obj/nrf_log_frontend.o
 .bss.m_host_present
                0x000000002000057c        0x1 Output/uart_pca10040 Debug/Obj/nrf_log_backend_rtt.o
 *fill*         0x000000002000057d        0x3 
 .bss.m_string_buff
                0x0000000020000580       0x40 Output/uart_pca10040 Debug/Obj/nrf_log_backend_rtt.o
 .bss.m_string_buff
                0x00000000200005c0       0x40 Output/uart_pca10040 Debug/Obj/nrf_log_backend_uart.o
 .bss.m_xfer_done
                0x0000000020000600        0x1 Output/uart_pca10040 Debug/Obj/nrf_log_backend_uart.o
 .bss.m_async_mode
                0x0000000020000601        0x1 Output/uart_pca10040 Debug/Obj/nrf_log_backend_uart.o